Archive member included to satisfy reference by file (symbol)

d:/atmelstudio/7.0/toolchain/avr8/avr8-gnu-toolchain/bin/../lib/gcc/avr/5.4.0/../../../../avr/lib/avr5\libm.a(addsf3.o)
                              BMP180.o (__subsf3)
d:/atmelstudio/7.0/toolchain/avr8/avr8-gnu-toolchain/bin/../lib/gcc/avr/5.4.0/../../../../avr/lib/avr5\libm.a(addsf3x.o)
                              d:/atmelstudio/7.0/toolchain/avr8/avr8-gnu-toolchain/bin/../lib/gcc/avr/5.4.0/../../../../avr/lib/avr5\libm.a(addsf3.o) (__addsf3x)
d:/atmelstudio/7.0/toolchain/avr8/avr8-gnu-toolchain/bin/../lib/gcc/avr/5.4.0/../../../../avr/lib/avr5\libm.a(cmpsf2.o)
                              WeatherStation.o (__ltsf2)
d:/atmelstudio/7.0/toolchain/avr8/avr8-gnu-toolchain/bin/../lib/gcc/avr/5.4.0/../../../../avr/lib/avr5\libm.a(divsf3.o)
                              BMP180.o (__divsf3)
d:/atmelstudio/7.0/toolchain/avr8/avr8-gnu-toolchain/bin/../lib/gcc/avr/5.4.0/../../../../avr/lib/avr5\libm.a(divsf3x.o)
                              d:/atmelstudio/7.0/toolchain/avr8/avr8-gnu-toolchain/bin/../lib/gcc/avr/5.4.0/../../../../avr/lib/avr5\libm.a(divsf3.o) (__divsf3x)
d:/atmelstudio/7.0/toolchain/avr8/avr8-gnu-toolchain/bin/../lib/gcc/avr/5.4.0/../../../../avr/lib/avr5\libm.a(fixsfsi.o)
                              BMP180.o (__fixsfsi)
d:/atmelstudio/7.0/toolchain/avr8/avr8-gnu-toolchain/bin/../lib/gcc/avr/5.4.0/../../../../avr/lib/avr5\libm.a(fixunssfsi.o)
                              d:/atmelstudio/7.0/toolchain/avr8/avr8-gnu-toolchain/bin/../lib/gcc/avr/5.4.0/../../../../avr/lib/avr5\libm.a(fixsfsi.o) (__fixunssfsi)
d:/atmelstudio/7.0/toolchain/avr8/avr8-gnu-toolchain/bin/../lib/gcc/avr/5.4.0/../../../../avr/lib/avr5\libm.a(floatsisf.o)
                              BMP180.o (__floatsisf)
d:/atmelstudio/7.0/toolchain/avr8/avr8-gnu-toolchain/bin/../lib/gcc/avr/5.4.0/../../../../avr/lib/avr5\libm.a(fp_cmp.o)
                              d:/atmelstudio/7.0/toolchain/avr8/avr8-gnu-toolchain/bin/../lib/gcc/avr/5.4.0/../../../../avr/lib/avr5\libm.a(cmpsf2.o) (__fp_cmp)
d:/atmelstudio/7.0/toolchain/avr8/avr8-gnu-toolchain/bin/../lib/gcc/avr/5.4.0/../../../../avr/lib/avr5\libm.a(fp_inf.o)
                              d:/atmelstudio/7.0/toolchain/avr8/avr8-gnu-toolchain/bin/../lib/gcc/avr/5.4.0/../../../../avr/lib/avr5\libm.a(addsf3x.o) (__fp_inf)
d:/atmelstudio/7.0/toolchain/avr8/avr8-gnu-toolchain/bin/../lib/gcc/avr/5.4.0/../../../../avr/lib/avr5\libm.a(fp_nan.o)
                              d:/atmelstudio/7.0/toolchain/avr8/avr8-gnu-toolchain/bin/../lib/gcc/avr/5.4.0/../../../../avr/lib/avr5\libm.a(addsf3x.o) (__fp_nan)
d:/atmelstudio/7.0/toolchain/avr8/avr8-gnu-toolchain/bin/../lib/gcc/avr/5.4.0/../../../../avr/lib/avr5\libm.a(fp_pscA.o)
                              d:/atmelstudio/7.0/toolchain/avr8/avr8-gnu-toolchain/bin/../lib/gcc/avr/5.4.0/../../../../avr/lib/avr5\libm.a(addsf3x.o) (__fp_pscA)
d:/atmelstudio/7.0/toolchain/avr8/avr8-gnu-toolchain/bin/../lib/gcc/avr/5.4.0/../../../../avr/lib/avr5\libm.a(fp_pscB.o)
                              d:/atmelstudio/7.0/toolchain/avr8/avr8-gnu-toolchain/bin/../lib/gcc/avr/5.4.0/../../../../avr/lib/avr5\libm.a(addsf3x.o) (__fp_pscB)
d:/atmelstudio/7.0/toolchain/avr8/avr8-gnu-toolchain/bin/../lib/gcc/avr/5.4.0/../../../../avr/lib/avr5\libm.a(fp_round.o)
                              d:/atmelstudio/7.0/toolchain/avr8/avr8-gnu-toolchain/bin/../lib/gcc/avr/5.4.0/../../../../avr/lib/avr5\libm.a(addsf3.o) (__fp_round)
d:/atmelstudio/7.0/toolchain/avr8/avr8-gnu-toolchain/bin/../lib/gcc/avr/5.4.0/../../../../avr/lib/avr5\libm.a(fp_split3.o)
                              d:/atmelstudio/7.0/toolchain/avr8/avr8-gnu-toolchain/bin/../lib/gcc/avr/5.4.0/../../../../avr/lib/avr5\libm.a(addsf3x.o) (__fp_split3)
d:/atmelstudio/7.0/toolchain/avr8/avr8-gnu-toolchain/bin/../lib/gcc/avr/5.4.0/../../../../avr/lib/avr5\libm.a(fp_zero.o)
                              d:/atmelstudio/7.0/toolchain/avr8/avr8-gnu-toolchain/bin/../lib/gcc/avr/5.4.0/../../../../avr/lib/avr5\libm.a(addsf3x.o) (__fp_zero)
d:/atmelstudio/7.0/toolchain/avr8/avr8-gnu-toolchain/bin/../lib/gcc/avr/5.4.0/../../../../avr/lib/avr5\libm.a(gesf2.o)
                              WeatherStation.o (__gesf2)
d:/atmelstudio/7.0/toolchain/avr8/avr8-gnu-toolchain/bin/../lib/gcc/avr/5.4.0/../../../../avr/lib/avr5\libm.a(mulsf3.o)
                              BMP180.o (__mulsf3)
d:/atmelstudio/7.0/toolchain/avr8/avr8-gnu-toolchain/bin/../lib/gcc/avr/5.4.0/../../../../avr/lib/avr5\libm.a(mulsf3x.o)
                              d:/atmelstudio/7.0/toolchain/avr8/avr8-gnu-toolchain/bin/../lib/gcc/avr/5.4.0/../../../../avr/lib/avr5\libm.a(mulsf3.o) (__mulsf3x)
d:/atmelstudio/7.0/toolchain/avr8/avr8-gnu-toolchain/bin/../lib/gcc/avr/5.4.0/../../../../avr/lib/avr5\libm.a(pow.o)
                              BMP180.o (pow)
d:/atmelstudio/7.0/toolchain/avr8/avr8-gnu-toolchain/bin/../lib/gcc/avr/5.4.0/../../../../avr/lib/avr5\libm.a(exp.o)
[...]
Memory Configuration

Name             Origin             Length             Attributes
text             0x00000000         0x00008000         xr
data             0x00800100         0x00000800         rw !x
eeprom           0x00810000         0x00000400         rw !x
fuse             0x00820000         0x00000003         rw !x
lock             0x00830000         0x00000400         rw !x
signature        0x00840000         0x00000400         rw !x
user_signatures  0x00850000         0x00000400         rw !x
*default*        0x00000000         0xffffffff

Linker script and memory map

Address of section .data set to 0x800100
LOAD D:/AtmelStudio/7.0/Packs/atmel/ATmega_DFP/1.6.364/gcc/dev/atmega328p/avr5/crtatmega328p.o
LOAD BMP180.o
LOAD DHT22.o
LOAD LCD_12864.o
LOAD main.o
LOAD mmc.o
LOAD NRF24.o
LOAD pff.o
LOAD RTC_DS3231.o
LOAD SD.o
LOAD TWI.o
LOAD usart.o
LOAD WeatherStation.o
START GROUP
LOAD d:/atmelstudio/7.0/toolchain/avr8/avr8-gnu-toolchain/bin/../lib/gcc/avr/5.4.0/../../../../avr/lib/avr5\libm.a
END GROUP
LOAD d:/atmelstudio/7.0/toolchain/avr8/avr8-gnu-toolchain/bin/../lib/gcc/avr/5.4.0/../../../../avr/lib/avr5\libprintf_flt.a
LOAD d:/atmelstudio/7.0/toolchain/avr8/avr8-gnu-toolchain/bin/../lib/gcc/avr/5.4.0/../../../../avr/lib/avr5\libm.a
START GROUP
LOAD d:/atmelstudio/7.0/toolchain/avr8/avr8-gnu-toolchain/bin/../lib/gcc/avr/5.4.0/avr5\libgcc.a
LOAD d:/atmelstudio/7.0/toolchain/avr8/avr8-gnu-toolchain/bin/../lib/gcc/avr/5.4.0/../../../../avr/lib/avr5\libm.a
LOAD d:/atmelstudio/7.0/toolchain/avr8/avr8-gnu-toolchain/bin/../lib/gcc/avr/5.4.0/../../../../avr/lib/avr5\libc.a
LOAD D:/AtmelStudio/7.0/Packs/atmel/ATmega_DFP/1.6.364/gcc/dev/atmega328p/avr5\libatmega328p.a
END GROUP
                0x00000000                __TEXT_REGION_ORIGIN__ = DEFINED (__TEXT_REGION_ORIGIN__)?__TEXT_REGION_ORIGIN__:0x0
                [0x00800100]                __DATA_REGION_ORIGIN__ = DEFINED (__DATA_REGION_ORIGIN__)?__DATA_REGION_ORIGIN__:0x800060
                [0x00008000]                __TEXT_REGION_LENGTH__ = DEFINED (__TEXT_REGION_LENGTH__)?__TEXT_REGION_LENGTH__:0x20000
                [0x00000800]                __DATA_REGION_LENGTH__ = DEFINED (__DATA_REGION_LENGTH__)?__DATA_REGION_LENGTH__:0xffa0
                [0x00000400]                __EEPROM_REGION_LENGTH__ = DEFINED (__EEPROM_REGION_LENGTH__)?__EEPROM_REGION_LENGTH__:0x10000
                [0x00000003]                __FUSE_REGION_LENGTH__ = DEFINED (__FUSE_REGION_LENGTH__)?__FUSE_REGION_LENGTH__:0x400
                0x00000400                __LOCK_REGION_LENGTH__ = DEFINED (__LOCK_REGION_LENGTH__)?__LOCK_REGION_LENGTH__:0x400
                0x00000400                __SIGNATURE_REGION_LENGTH__ = DEFINED (__SIGNATURE_REGION_LENGTH__)?__SIGNATURE_REGION_LENGTH__:0x400
                0x00000400                __USER_SIGNATURE_REGION_LENGTH__ = DEFINED (__USER_SIGNATURE_REGION_LENGTH__)?__USER_SIGNATURE_REGION_LENGTH__:0x400

.hash
 *(.hash)

.dynsym
 *(.dynsym)

.dynstr
 *(.dynstr)

.gnu.version
 *(.gnu.version)

.gnu.version_d
 *(.gnu.version_d)

.gnu.version_r
 *(.gnu.version_r)

.rel.init
 *(.rel.init)

.rela.init
 *(.rela.init)

.rel.text
 *(.rel.text)
 *(.rel.text.*)
 *(.rel.gnu.linkonce.t*)

.rela.text
 *(.rela.text)
 *(.rela.text.*)
 *(.rela.gnu.linkonce.t*)

.rel.fini
 *(.rel.fini)

.rela.fini
 *(.rela.fini)

.rel.rodata
 *(.rel.rodata)
 *(.rel.rodata.*)
 *(.rel.gnu.linkonce.r*)

.rela.rodata
 *(.rela.rodata)
 *(.rela.rodata.*)
 *(.rela.gnu.linkonce.r*)

.rel.data
 *(.rel.data)
 *(.rel.data.*)
 *(.rel.gnu.linkonce.d*)

.rela.data
 *(.rela.data)
 *(.rela.data.*)
 *(.rela.gnu.linkonce.d*)

.rel.ctors
 *(.rel.ctors)

.rela.ctors
 *(.rela.ctors)

.rel.dtors
 *(.rel.dtors)

.rela.dtors
 *(.rela.dtors)

.rel.got
 *(.rel.got)

.rela.got
 *(.rela.got)

.rel.bss
 *(.rel.bss)

.rela.bss
 *(.rela.bss)

.rel.plt
 *(.rel.plt)

.rela.plt
 *(.rela.plt)

.text           0x00000000     0x60b4
 *(.vectors)
 .vectors       0x00000000       0x68 D:/AtmelStudio/7.0/Packs/atmel/ATmega_DFP/1.6.364/gcc/dev/atmega328p/avr5/crtatmega328p.o
                0x00000000                __vector_default
                0x00000000                __vectors
 *(.vectors)
 *(.progmem.gcc*)
 .progmem.gcc_sw_table.Clock
                0x00000068       0x26 WeatherStation.o
                0x0000008e                . = ALIGN (0x2)
                0x0000008e                __trampolines_start = .
 *(.trampolines)
 .trampolines   0x0000008e        0x0 linker stubs
 *(.trampolines*)
                0x0000008e                __trampolines_end = .
 *libprintf_flt.a:*(.progmem.data)
 .progmem.data  0x0000008e        0x8 d:/atmelstudio/7.0/toolchain/avr8/avr8-gnu-toolchain/bin/../lib/gcc/avr/5.4.0/../../../../avr/lib/avr5\libprintf_flt.a(vfprintf_flt.o)
 *libc.a:*(.progmem.data)
 .progmem.data  0x00000096       0xfa d:/atmelstudio/7.0/toolchain/avr8/avr8-gnu-toolchain/bin/../lib/gcc/avr/5.4.0/../../../../avr/lib/avr5\libc.a(ftoa_engine.o)
 .progmem.data  0x00000190        0xc d:/atmelstudio/7.0/toolchain/avr8/avr8-gnu-toolchain/bin/../lib/gcc/avr/5.4.0/../../../../avr/lib/avr5\libc.a(vfscanf_std.o)
 *(.progmem*)
                0x0000019c                . = ALIGN (0x2)
 *(.jumptables)
 *(.jumptables*)
 *(.lowtext)
 *(.lowtext*)
                0x0000019c                __ctors_start = .
 *(.ctors)
                0x0000019c                __ctors_end = .
                0x0000019c                __dtors_start = .
 *(.dtors)
                0x0000019c                __dtors_end = .
 SORT(*)(.ctors)
 SORT(*)(.dtors)
 *(.init0)
 .init0         0x0000019c        0x0 D:/AtmelStudio/7.0/Packs/atmel/ATmega_DFP/1.6.364/gcc/dev/atmega328p/avr5/crtatmega328p.o
                0x0000019c                __init
 *(.init0)
 *(.init1)
 *(.init1)
 *(.init2)
 .init2         0x0000019c        0xc D:/AtmelStudio/7.0/Packs/atmel/ATmega_DFP/1.6.364/gcc/dev/atmega328p/avr5/crtatmega328p.o
 *(.init2)
 *(.init3)
 *(.init3)
 *(.init4)
 .init4         0x000001a8       0x16 d:/atmelstudio/7.0/toolchain/avr8/avr8-gnu-toolchain/bin/../lib/gcc/avr/5.4.0/avr5\libgcc.a(_copy_data.o)
                0x000001a8                __do_copy_data
 .init4         0x000001be       0x10 d:/atmelstudio/7.0/toolchain/avr8/avr8-gnu-toolchain/bin/../lib/gcc/avr/5.4.0/avr5\libgcc.a(_clear_bss.o)
                0x000001be                __do_clear_bss
 *(.init4)
 *(.init5)
 *(.init5)
 *(.init6)
 *(.init6)
 *(.init7)
 *(.init7)
 *(.init8)
 *(.init8)
 *(.init9)
 .init9         0x000001ce        0x8 D:/AtmelStudio/7.0/Packs/atmel/ATmega_DFP/1.6.364/gcc/dev/atmega328p/avr5/crtatmega328p.o
 *(.init9)
 *(.text)
 .text          0x000001d6        0x4 D:/AtmelStudio/7.0/Packs/atmel/ATmega_DFP/1.6.364/gcc/dev/atmega328p/avr5/crtatmega328p.o
                0x000001d6                __vector_22
                0x000001d6                __vector_24
                0x000001d6                __vector_12
                0x000001d6                __bad_interrupt
                0x000001d6                __vector_6
                0x000001d6                __vector_3
                0x000001d6                __vector_23
                0x000001d6                __vector_25
                0x000001d6                __vector_13
                0x000001d6                __vector_17
                0x000001d6                __vector_19
                0x000001d6                __vector_7
                0x000001d6                __vector_5
                0x000001d6                __vector_4
                0x000001d6                __vector_9
                0x000001d6                __vector_2
                0x000001d6                __vector_21
                0x000001d6                __vector_15
                0x000001d6                __vector_8
                0x000001d6                __vector_14
                0x000001d6                __vector_10
                0x000001d6                __vector_16
                0x000001d6                __vector_18
                0x000001d6                __vector_20
                0x000001da                . = ALIGN (0x2)
 *(.text.*)
 .text.Read     0x000001da       0x4e BMP180.o
                0x000001da                Read
 .text.BMP180_Calibration
                0x00000228       0x9c BMP180.o
                0x00000228                BMP180_Calibration
 .text.BMP180_get_temper
                0x000002c4       0x34 BMP180.o
                0x000002c4                BMP180_get_temper
 .text.BMP180_get_pressure
                0x000002f8      0x100 BMP180.o
                0x000002f8                BMP180_get_pressure
 .text.BMP180_calculation
                0x000003f8      0x316 BMP180.o
                0x000003f8                BMP180_calculation
 .text.dht22_init
                0x0000070e       0x22 DHT22.o
                0x0000070e                dht22_init
 .text.dht22_GetData
                0x00000730       0xd6 DHT22.o
                0x00000730                dht22_GetData
 .text.LCD_12864_Draw_pixel
                0x00000806       0x42 LCD_12864.o
                0x00000806                LCD_12864_Draw_pixel
 .text.LCD_12864_Clean_pixel
                0x00000848       0x42 LCD_12864.o
                0x00000848                LCD_12864_Clean_pixel
 .text.strob    0x0000088a       0x26 LCD_12864.o
                0x0000088a                strob
 .text.LCD_12864_send_data
                0x000008b0       0xae LCD_12864.o
                0x000008b0                LCD_12864_send_data
 .text.LCD_12864_send_command
                0x0000095e       0xae LCD_12864.o
                0x0000095e                LCD_12864_send_command
 .text.LCD_12864_GrapnicMode
                0x00000a0c       0x3e LCD_12864.o
                0x00000a0c                LCD_12864_GrapnicMode
 .text.LCD_12864_Draw_bitmap
                0x00000a4a      0x29c LCD_12864.o
                0x00000a4a                LCD_12864_Draw_bitmap
 .text.clear_LCD_12864
                0x00000ce6       0x14 LCD_12864.o
                0x00000ce6                clear_LCD_12864
 .text.LCD_12864_ini
                0x00000cfa       0x3c LCD_12864.o
                0x00000cfa                LCD_12864_ini
 .text.LCD_12864_print_symbol
                0x00000d36       0x92 LCD_12864.o
                0x00000d36                LCD_12864_print_symbol
 .text.LCD_12864_print_symbol_4_6
                0x00000dc8       0x8a LCD_12864.o
                0x00000dc8                LCD_12864_print_symbol_4_6
 .text.LCD_12864_print_symbol_11_16
                0x00000e52       0xf6 LCD_12864.o
                0x00000e52                LCD_12864_print_symbol_11_16
 .text.LCD_12864_print_symbol_7_11
                0x00000f48      0x126 LCD_12864.o
                0x00000f48                LCD_12864_print_symbol_7_11
 .text.LCD_12864_Print_7_11
                0x0000106e       0xe2 LCD_12864.o
                0x0000106e                LCD_12864_Print_7_11
 .text.LCD_12864_Print_4_6
                0x00001150       0xe2 LCD_12864.o
                0x00001150                LCD_12864_Print_4_6
 .text.LCD_12864_Print_11_16
                0x00001232       0xba LCD_12864.o
                0x00001232                LCD_12864_Print_11_16
 .text.LCD_12864_Decode_UTF8
                0x000012ec      0x18e LCD_12864.o
                0x000012ec                LCD_12864_Decode_UTF8
 .text.LCD_12864_Print_jpeg
                0x0000147a       0xb0 LCD_12864.o
                0x0000147a                LCD_12864_Print_jpeg
 .text.LCD_12864_Clean_Frame_buffer
                0x0000152a       0x16 LCD_12864.o
                0x0000152a                LCD_12864_Clean_Frame_buffer
 .text.LCD_12864_Draw_line
                0x00001540       0xc0 LCD_12864.o
                0x00001540                LCD_12864_Draw_line
 .text.LCD_12864_Draw_rectangle
                0x00001600       0x86 LCD_12864.o
                0x00001600                LCD_12864_Draw_rectangle
 .text.LCD_12864_Draw_rectangle_filled
                0x00001686       0x7e LCD_12864.o
                0x00001686                LCD_12864_Draw_rectangle_filled
 .text.LCD_12864_Draw_circle
                0x00001704      0x118 LCD_12864.o
                0x00001704                LCD_12864_Draw_circle
 .text.timer_ini
                0x0000181c       0x28 main.o
                0x0000181c                timer_ini
 .text.__vector_11
                0x00001844       0xe6 main.o
                0x00001844                __vector_11
 .text.SPI_init
                0x0000192a       0x24 main.o
                0x0000192a                SPI_init
 .text.port_init
                0x0000194e       0x32 main.o
                0x0000194e                port_init
 .text.spi_send_recv
                0x00001980        0xc main.o
                0x00001980                spi_send_recv
 .text.main     0x0000198c       0x88 main.o
                0x0000198c                main
 .text.xmit_spi
                0x00001a14       0x2e mmc.o
                0x00001a14                xmit_spi
 .text.rcv_spi  0x00001a42       0x28 mmc.o
                0x00001a42                rcv_spi
 .text.send_cmd
                0x00001a6a       0x8a mmc.o
 .text.release_spi
                0x00001af4        0x6 mmc.o
 .text.disk_readp
                0x00001afa       0xbe mmc.o
                0x00001afa                disk_readp
 .text.disk_writep
                0x00001bb8       0xf4 mmc.o
                0x00001bb8                disk_writep
 .text.disk_initialize
                0x00001cac      0x1ba mmc.o
                0x00001cac                disk_initialize
 .text.NRF24L01_Receive
                0x00001e66      0x2da NRF24.o
                0x00001e66                NRF24L01_Receive
 .text.NRF24_FlushRX
                0x00002140       0x1e NRF24.o
                0x00002140                NRF24_FlushRX
 .text.NRF24_FlushTX
                0x0000215e       0x1e NRF24.o
                0x0000215e                NRF24_FlushTX
 .text.NRF24_ToggleFeatures
                0x0000217c       0x26 NRF24.o
                0x0000217c                NRF24_ToggleFeatures
 .text.NRF24_Read_Buf
                0x000021a2       0x52 NRF24.o
                0x000021a2                NRF24_Read_Buf
 .text.NRF24_Write_Buf
                0x000021f4       0x5a NRF24.o
                0x000021f4                NRF24_Write_Buf
 .text.nRF_write_register
                0x0000224e       0x24 NRF24.o
                0x0000224e                nRF_write_register
 .text.nRF_read_register
                0x00002272       0x28 NRF24.o
                0x00002272                nRF_read_register
 .text.__vector_1
                0x0000229a       0x90 NRF24.o
                0x0000229a                __vector_1
 .text.NRF24L01_RX_Mode
                0x0000232a       0x2c NRF24.o
                0x0000232a                NRF24L01_RX_Mode
 .text.NRF24_ini
                0x00002356       0x98 NRF24.o
                0x00002356                NRF24_ini
 .text.mem_set  0x000023ee       0x14 pff.o
 .text.mem_cmp  0x00002402       0x3a pff.o
 .text.clust2sect
                0x0000243c       0x56 pff.o
 .text.dir_rewind
                0x00002492       0x9c pff.o
 .text.create_name
                0x0000252e       0x8c pff.o
 .text.check_fs
                0x000025ba       0x94 pff.o
 .text.get_fat  0x0000264e      0x232 pff.o
 .text.dir_next
                0x00002880      0x100 pff.o
 .text.dir_find
                0x00002980       0xa4 pff.o
 .text.follow_path
                0x00002a24       0xf2 pff.o
 .text.pf_mount
                0x00002b16      0x270 pff.o
                0x00002b16                pf_mount
 .text.pf_open  0x00002d86       0xb8 pff.o
                0x00002d86                pf_open
 .text.pf_read  0x00002e3e      0x1e2 pff.o
                0x00002e3e                pf_read
 .text.pf_lseek
                0x00003020      0x25a pff.o
                0x00003020                pf_lseek
 .text.RTC_ConvertFromDec
                0x0000327a       0x16 RTC_DS3231.o
                0x0000327a                RTC_ConvertFromDec
 .text.RTC_init
                0x00003290       0x22 RTC_DS3231.o
                0x00003290                RTC_init
 .text.read_symbol_from_SD
                0x000032b2       0x8a SD.o
                0x000032b2                read_symbol_from_SD
 .text.I2C_Init
                0x0000333c        0x8 TWI.o
                0x0000333c                I2C_Init
 .text.I2C_StartCondition
                0x00003344       0x10 TWI.o
                0x00003344                I2C_StartCondition
 .text.I2C_StopCondition
                0x00003354        0x8 TWI.o
                0x00003354                I2C_StopCondition
 .text.I2C_SendByte
                0x0000335c       0x14 TWI.o
                0x0000335c                I2C_SendByte
 .text.I2C_ReadByte
                0x00003370       0x14 TWI.o
                0x00003370                I2C_ReadByte
 .text.I2C_ReadLastByte
                0x00003384       0x14 TWI.o
                0x00003384                I2C_ReadLastByte
 .text.USART_Init
                0x00003398       0x2c usart.o
                0x00003398                USART_Init
 .text.USART_Transmit
                0x000033c4       0x36 usart.o
                0x000033c4                USART_Transmit
 .text.Print_Hello_World
                0x000033fa       0x54 WeatherStation.o
                0x000033fa                Print_Hello_World
 .text.Print_Download
                0x0000344e       0x90 WeatherStation.o
                0x0000344e                Print_Download
 .text.DrawCloudsWithRain
                0x000034de      0x292 WeatherStation.o
                0x000034de                DrawCloudsWithRain
 .text.DrawWeatherVane
                0x00003770      0x6f2 WeatherStation.o
                0x00003770                DrawWeatherVane
 .text.Clock    0x00003e62      0x36a WeatherStation.o
                0x00003e62                Clock
 .text.RAIN_AMOUNT
                0x000041cc       0x7a WeatherStation.o
                0x000041cc                RAIN_AMOUNT
 .text.V_BAT    0x00004246       0x7c WeatherStation.o
                0x00004246                V_BAT
 .text.DrawBattery
                0x000042c2      0x270 WeatherStation.o
                0x000042c2                DrawBattery
 .text.wind_speed
                0x00004532       0x70 WeatherStation.o
                0x00004532                wind_speed
 .text.Print_Home_Page
                0x000045a2      0x446 WeatherStation.o
                0x000045a2                Print_Home_Page
 .text.avr-libc.fplib
                0x000049e8        0xe d:/atmelstudio/7.0/toolchain/avr8/avr8-gnu-toolchain/bin/../lib/gcc/avr/5.4.0/../../../../avr/lib/avr5\libm.a(addsf3.o)
                0x000049e8                __subsf3
                0x000049ea                __addsf3
 .text.avr-libc.fplib
                0x000049f6       0xcc d:/atmelstudio/7.0/toolchain/avr8/avr8-gnu-toolchain/bin/../lib/gcc/avr/5.4.0/../../../../avr/lib/avr5\libm.a(addsf3x.o)
                0x00004a18                __addsf3x
 .text.avr-libc.fplib
                0x00004ac2        0xa d:/atmelstudio/7.0/toolchain/avr8/avr8-gnu-toolchain/bin/../lib/gcc/avr/5.4.0/../../../../avr/lib/avr5\libm.a(cmpsf2.o)
                0x00004ac2                __nesf2
                0x00004ac2                __eqsf2
                0x00004ac2                __cmpsf2
                0x00004ac2                __ltsf2
                0x00004ac2                __lesf2
 .text.avr-libc.fplib
                0x00004acc        0x8 d:/atmelstudio/7.0/toolchain/avr8/avr8-gnu-toolchain/bin/../lib/gcc/avr/5.4.0/../../../../avr/lib/avr5\libm.a(divsf3.o)
                0x00004acc                __divsf3
 .text.avr-libc.fplib
                0x00004ad4       0xdc d:/atmelstudio/7.0/toolchain/avr8/avr8-gnu-toolchain/bin/../lib/gcc/avr/5.4.0/../../../../avr/lib/avr5\libm.a(divsf3x.o)
                0x00004af4                __divsf3x
                0x00004afa                __divsf3_pse
 .text.avr-libc.fplib
                0x00004bb0        0xe d:/atmelstudio/7.0/toolchain/avr8/avr8-gnu-toolchain/bin/../lib/gcc/avr/5.4.0/../../../../avr/lib/avr5\libm.a(fixsfsi.o)
                0x00004bb0                __fixsfsi
 .text.avr-libc.fplib
                0x00004bbe       0x5e d:/atmelstudio/7.0/toolchain/avr8/avr8-gnu-toolchain/bin/../lib/gcc/avr/5.4.0/../../../../avr/lib/avr5\libm.a(fixunssfsi.o)
                0x00004bbe                __fixunssfsi
 .text.avr-libc.fplib
                0x00004c1c       0x7a d:/atmelstudio/7.0/toolchain/avr8/avr8-gnu-toolchain/bin/../lib/gcc/avr/5.4.0/../../../../avr/lib/avr5\libm.a(floatsisf.o)
                0x00004c1c                __floatunsisf
                0x00004c20                __floatsisf
 .text.avr-libc.fplib
                0x00004c96       0x48 d:/atmelstudio/7.0/toolchain/avr8/avr8-gnu-toolchain/bin/../lib/gcc/avr/5.4.0/../../../../avr/lib/avr5\libm.a(fp_cmp.o)
                0x00004c96                __fp_cmp
 .text.avr-libc.fplib
                0x00004cde        0xc d:/atmelstudio/7.0/toolchain/avr8/avr8-gnu-toolchain/bin/../lib/gcc/avr/5.4.0/../../../../avr/lib/avr5\libm.a(fp_inf.o)
                0x00004cde                __fp_inf
 .text.avr-libc.fplib
                0x00004cea        0x6 d:/atmelstudio/7.0/toolchain/avr8/avr8-gnu-toolchain/bin/../lib/gcc/avr/5.4.0/../../../../avr/lib/avr5\libm.a(fp_nan.o)
                0x00004cea                __fp_nan
 .text.avr-libc.fplib
                0x00004cf0        0xe d:/atmelstudio/7.0/toolchain/avr8/avr8-gnu-toolchain/bin/../lib/gcc/avr/5.4.0/../../../../avr/lib/avr5\libm.a(fp_pscA.o)
                0x00004cf0                __fp_pscA
 .text.avr-libc.fplib
                0x00004cfe        0xe d:/atmelstudio/7.0/toolchain/avr8/avr8-gnu-toolchain/bin/../lib/gcc/avr/5.4.0/../../../../avr/lib/avr5\libm.a(fp_pscB.o)
                0x00004cfe                __fp_pscB
 .text.avr-libc.fplib
                0x00004d0c       0x22 d:/atmelstudio/7.0/toolchain/avr8/avr8-gnu-toolchain/bin/../lib/gcc/avr/5.4.0/../../../../avr/lib/avr5\libm.a(fp_round.o)
                0x00004d0c                __fp_round
 .text.avr-libc.fplib
                0x00004d2e       0x44 d:/atmelstudio/7.0/toolchain/avr8/avr8-gnu-toolchain/bin/../lib/gcc/avr/5.4.0/../../../../avr/lib/avr5\libm.a(fp_split3.o)
                0x00004d2e                __fp_split3
                0x00004d3e                __fp_splitA
 .text.avr-libc.fplib
                0x00004d72        0xe d:/atmelstudio/7.0/toolchain/avr8/avr8-gnu-toolchain/bin/../lib/gcc/avr/5.4.0/../../../../avr/lib/avr5\libm.a(fp_zero.o)
                0x00004d72                __fp_zero
                0x00004d74                __fp_szero
 .text.avr-libc.fplib
                0x00004d80        0xa d:/atmelstudio/7.0/toolchain/avr8/avr8-gnu-toolchain/bin/../lib/gcc/avr/5.4.0/../../../../avr/lib/avr5\libm.a(gesf2.o)
                0x00004d80                __gesf2
                0x00004d80                __gtsf2
 .text.avr-libc.fplib
                0x00004d8a        0x8 d:/atmelstudio/7.0/toolchain/avr8/avr8-gnu-toolchain/bin/../lib/gcc/avr/5.4.0/../../../../avr/lib/avr5\libm.a(mulsf3.o)
                0x00004d8a                __mulsf3
 .text.avr-libc.fplib
                0x00004d92       0xd2 d:/atmelstudio/7.0/toolchain/avr8/avr8-gnu-toolchain/bin/../lib/gcc/avr/5.4.0/../../../../avr/lib/avr5\libm.a(mulsf3x.o)
                0x00004db0                __mulsf3x
                0x00004db6                __mulsf3_pse
 .text.avr-libc
                0x00004e64      0x6fa d:/atmelstudio/7.0/toolchain/avr8/avr8-gnu-toolchain/bin/../lib/gcc/avr/5.4.0/../../../../avr/lib/avr5\libprintf_flt.a(vfprintf_flt.o)
                0x00004e64                vfprintf
 .text.libgcc.mul
                0x0000555e       0x20 d:/atmelstudio/7.0/toolchain/avr8/avr8-gnu-toolchain/bin/../lib/gcc/avr/5.4.0/avr5\libgcc.a(_mulsi3.o)
                0x0000555e                __mulsi3
 .text.libgcc.div
                0x0000557e       0x44 d:/atmelstudio/7.0/toolchain/avr8/avr8-gnu-toolchain/bin/../lib/gcc/avr/5.4.0/avr5\libgcc.a(_udivmodsi4.o)
                0x0000557e                __udivmodsi4
 .text.libgcc.div
                0x000055c2       0x2e d:/atmelstudio/7.0/toolchain/avr8/avr8-gnu-toolchain/bin/../lib/gcc/avr/5.4.0/avr5\libgcc.a(_divmodsi4.o)
                0x000055c2                __divmodsi4
 .text.libgcc.div
                0x000055f0       0x10 d:/atmelstudio/7.0/toolchain/avr8/avr8-gnu-toolchain/bin/../lib/gcc/avr/5.4.0/avr5\libgcc.a(_negsi2.o)
                0x000055f0                __negsi2
 .text.libgcc   0x00005600        0xc d:/atmelstudio/7.0/toolchain/avr8/avr8-gnu-toolchain/bin/../lib/gcc/avr/5.4.0/avr5\libgcc.a(_tablejump2.o)
                0x00005600                __tablejump2__
 .text.libgcc.mul
                0x0000560c       0x16 d:/atmelstudio/7.0/toolchain/avr8/avr8-gnu-toolchain/bin/../lib/gcc/avr/5.4.0/avr5\libgcc.a(_muluhisi3.o)
                0x0000560c                __muluhisi3
 .text.libgcc.mul
                0x00005622       0x10 d:/atmelstudio/7.0/toolchain/avr8/avr8-gnu-toolchain/bin/../lib/gcc/avr/5.4.0/avr5\libgcc.a(_mulshisi3.o)
                0x00005622                __mulshisi3
                0x00005628                __mulohisi3
 .text.libgcc.prologue
                0x00005632       0x38 d:/atmelstudio/7.0/toolchain/avr8/avr8-gnu-toolchain/bin/../lib/gcc/avr/5.4.0/avr5\libgcc.a(_prologue.o)
                0x00005632                __prologue_saves__
 .text.libgcc.prologue
                0x0000566a       0x36 d:/atmelstudio/7.0/toolchain/avr8/avr8-gnu-toolchain/bin/../lib/gcc/avr/5.4.0/avr5\libgcc.a(_epilogue.o)
                0x0000566a                __epilogue_restores__
 .text.libgcc.mul
                0x000056a0       0x1e d:/atmelstudio/7.0/toolchain/avr8/avr8-gnu-toolchain/bin/../lib/gcc/avr/5.4.0/avr5\libgcc.a(_umulhisi3.o)
                0x000056a0                __umulhisi3
 .text.avr-libc
                0x000056be      0x1b0 d:/atmelstudio/7.0/toolchain/avr8/avr8-gnu-toolchain/bin/../lib/gcc/avr/5.4.0/../../../../avr/lib/avr5\libc.a(ftoa_engine.o)
                0x000056be                __ftoa_engine
 .text.avr-libc
                0x0000586e       0x16 d:/atmelstudio/7.0/toolchain/avr8/avr8-gnu-toolchain/bin/../lib/gcc/avr/5.4.0/../../../../avr/lib/avr5\libc.a(strnlen_P.o)
                0x0000586e                strnlen_P
 .text.avr-libc
                0x00005884        0xe d:/atmelstudio/7.0/toolchain/avr8/avr8-gnu-toolchain/bin/../lib/gcc/avr/5.4.0/../../../../avr/lib/avr5\libc.a(memset.o)
                0x00005884                memset
 .text.avr-libc
                0x00005892       0x16 d:/atmelstudio/7.0/toolchain/avr8/avr8-gnu-toolchain/bin/../lib/gcc/avr/5.4.0/../../../../avr/lib/avr5\libc.a(strcat.o)
                0x00005892                strcat
 .text.avr-libc
                0x000058a8       0x12 d:/atmelstudio/7.0/toolchain/avr8/avr8-gnu-toolchain/bin/../lib/gcc/avr/5.4.0/../../../../avr/lib/avr5\libc.a(strcmp.o)
                0x000058a8                strcmp
 .text.avr-libc
                0x000058ba       0x16 d:/atmelstudio/7.0/toolchain/avr8/avr8-gnu-toolchain/bin/../lib/gcc/avr/5.4.0/../../../../avr/lib/avr5\libc.a(strnlen.o)
                0x000058ba                strnlen
 .text.avr-libc
                0x000058d0       0x78 d:/atmelstudio/7.0/toolchain/avr8/avr8-gnu-toolchain/bin/../lib/gcc/avr/5.4.0/../../../../avr/lib/avr5\libc.a(fputc.o)
                0x000058d0                fputc
 .text.avr-libc
                0x00005948       0x44 d:/atmelstudio/7.0/toolchain/avr8/avr8-gnu-toolchain/bin/../lib/gcc/avr/5.4.0/../../../../avr/lib/avr5\libc.a(sprintf.o)
                0x00005948                sprintf
 .text.avr-libc
                0x0000598c       0x32 d:/atmelstudio/7.0/toolchain/avr8/avr8-gnu-toolchain/bin/../lib/gcc/avr/5.4.0/../../../../avr/lib/avr5\libc.a(sscanf.o)
                0x0000598c                sscanf
 .text.avr-libc
                0x000059be       0xbc d:/atmelstudio/7.0/toolchain/avr8/avr8-gnu-toolchain/bin/../lib/gcc/avr/5.4.0/../../../../avr/lib/avr5\libc.a(ultoa_invert.o)
                0x000059be                __ultoa_invert
 .text.avr-libc
                0x00005a7a      0x55a d:/atmelstudio/7.0/toolchain/avr8/avr8-gnu-toolchain/bin/../lib/gcc/avr/5.4.0/../../../../avr/lib/avr5\libc.a(vfscanf_std.o)
                0x00005db2                vfscanf
 .text.avr-libc
                0x00005fd4       0x12 d:/atmelstudio/7.0/toolchain/avr8/avr8-gnu-toolchain/bin/../lib/gcc/avr/5.4.0/../../../../avr/lib/avr5\libc.a(isspace.o)
                0x00005fd4                isspace
 .text.avr-libc
                0x00005fe6       0x16 d:/atmelstudio/7.0/toolchain/avr8/avr8-gnu-toolchain/bin/../lib/gcc/avr/5.4.0/../../../../avr/lib/avr5\libc.a(strchr_P.o)
                0x00005fe6                strchr_P
 .text.avr-libc
                0x00005ffc       0x7c d:/atmelstudio/7.0/toolchain/avr8/avr8-gnu-toolchain/bin/../lib/gcc/avr/5.4.0/../../../../avr/lib/avr5\libc.a(fgetc.o)
                0x00005ffc                fgetc
 .text.avr-libc
                0x00006078       0x32 d:/atmelstudio/7.0/toolchain/avr8/avr8-gnu-toolchain/bin/../lib/gcc/avr/5.4.0/../../../../avr/lib/avr5\libc.a(ungetc.o)
                0x00006078                ungetc
 .text.avr-libc
                0x000060aa        0x6 d:/atmelstudio/7.0/toolchain/avr8/avr8-gnu-toolchain/bin/../lib/gcc/avr/5.4.0/../../../../avr/lib/avr5\libc.a(cty_isfalse.o)
                0x000060aa                __ctype_isfalse
                0x000060ae                __ctype_istrue
                0x000060b0                . = ALIGN (0x2)
 *(.fini9)
 .fini9         0x000060b0        0x0 d:/atmelstudio/7.0/toolchain/avr8/avr8-gnu-toolchain/bin/../lib/gcc/avr/5.4.0/avr5\libgcc.a(_exit.o)
                0x000060b0                _exit
                0x000060b0                exit
 *(.fini9)
 *(.fini8)
 *(.fini8)
 *(.fini7)
 *(.fini7)
 *(.fini6)
 *(.fini6)
 *(.fini5)
 *(.fini5)
 *(.fini4)
 *(.fini4)
 *(.fini3)
 *(.fini3)
 *(.fini2)
 *(.fini2)
 *(.fini1)
 *(.fini1)
 *(.fini0)
 .fini0         0x000060b0        0x4 d:/atmelstudio/7.0/toolchain/avr8/avr8-gnu-toolchain/bin/../lib/gcc/avr/5.4.0/avr5\libgcc.a(_exit.o)
 *(.fini0)
                0x000060b4                _etext = .

.data           0x00800100       0xd4 load address 0x000060b4
                0x00800100                PROVIDE (__data_start, .)
 *(.data)
 *(.data*)
 .data.ST7920_height
                0x00800100        0x1 main.o
                0x00800100                ST7920_height
 .data.ST7920_width
                0x00800101        0x1 main.o
                0x00800101                ST7920_width
 .data.TX_ADDRESS
                0x00800102        0x3 NRF24.o
                0x00800102                TX_ADDRESS
 *(.gnu.linkonce.d*)
 *(.rodata)
 *(.rodata*)
 .rodata.str1.1
                0x00800105       0x31 LCD_12864.o
 .rodata.str1.1
                0x00800136        0x4 main.o
 .rodata.str1.1
                0x0080013a        0x5 NRF24.o
                                  0x8 (size before relaxing)
 .rodata.str1.1
                0x0080013f        0x3 SD.o
 .rodata.str1.1
                0x00800142       0x91 WeatherStation.o
                                 0x9d (size before relaxing)
 *(.gnu.linkonce.r*)
                0x008001d4                . = ALIGN (0x2)
 *fill*         0x008001d3        0x1 
                0x008001d4                _edata = .
                0x008001d4                PROVIDE (__data_end, .)

.bss            0x008001d4      0x51b
                0x008001d4                PROVIDE (__bss_start, .)
 *(.bss)
 *(.bss*)
 .bss.pressure  0x008001d4        0x4 BMP180.o
                0x008001d4                pressure
 .bss.data      0x008001d8        0x5 main.o
                0x008001d8                data
 .bss.pressure_home
                0x008001dd        0x2 main.o
                0x008001dd                pressure_home
 .bss.hum       0x008001df        0x4 main.o
                0x008001df                hum
 .bss.temp      0x008001e3        0x4 main.o
                0x008001e3                temp
 .bss.Press_home
                0x008001e7        0xa main.o
                0x008001e7                Press_home
 .bss.DATA_TO_UART
                0x008001f1       0x32 main.o
                0x008001f1                DATA_TO_UART
 .bss.Rain      0x00800223        0xa main.o
                0x00800223                Rain
 .bss.Vbat      0x0080022d        0xa main.o
                0x0080022d                Vbat
 .bss.adc_value2
                0x00800237        0xa main.o
                0x00800237                adc_value2
 .bss.adc_value1
                0x00800241        0xa main.o
                0x00800241                adc_value1
 .bss.wind_direction
                0x0080024b        0xa main.o
                0x0080024b                wind_direction
 .bss.WIND_speed
                0x00800255        0xa main.o
                0x00800255                WIND_speed
 .bss.HALL_counter
                0x0080025f        0xa main.o
                0x0080025f                HALL_counter
 .bss.hum_home  0x00800269        0xa main.o
                0x00800269                hum_home
 .bss.temp_home
                0x00800273        0xa main.o
                0x00800273                temp_home
 .bss.hum_street
                0x0080027d        0xa main.o
                0x0080027d                hum_street
 .bss.temp_street
                0x00800287        0xa main.o
                0x00800287                temp_street
 .bss.Frame_buffer
                0x00800291      0x400 main.o
                0x00800291                Frame_buffer
 .bss.wc.1710   0x00800691        0x2 mmc.o
 .bss.CardType  0x00800693        0x1 mmc.o
 .bss.rx_flag   0x00800694        0x1 NRF24.o
                0x00800694                rx_flag
 .bss.RX_BUF    0x00800695        0x5 NRF24.o
                0x00800695                RX_BUF
 .bss.FatFs     0x0080069a        0x2 pff.o
 *(COMMON)
 COMMON         0x0080069c       0x22 BMP180.o
                0x0080069c                D3
                0x008006a0                b2
                0x008006a2                mb
                0x008006a4                ac1
                0x008006a6                b1
                0x008006a8                ac6
                0x008006aa                ac5
                0x008006ac                ac2
                0x008006ae                md
                0x008006b0                ac4
                0x008006b2                mc
                0x008006b4                D2
                0x008006b8                D1
                0x008006bc                ac3
 COMMON         0x008006be       0x1a main.o
                0x008006be                TIME
                0x008006c8                retr_cnt
                0x008006c9                retr_cnt_full
                0x008006cb                seconds
                0x008006cf                dt
                0x008006d0                minutes
                0x008006d4                hours
 COMMON         0x008006d8       0x17 WeatherStation.o
                0x008006d8                weakday
                0x008006dc                month
                0x008006dd                hour
                0x008006de                Mounth
                0x008006e4                min
                0x008006e5                mounthday
                0x008006e9                year
                0x008006ea                sec
                0x008006eb                day
                0x008006ec                alarmhour
                0x008006ed                date
                0x008006ee                alarmmin
                0x008006ef                PROVIDE (__bss_end, .)
                0x000060b4                __data_load_start = LOADADDR (.data)
                0x00006188                __data_load_end = (__data_load_start + SIZEOF (.data))

.noinit         0x008006ef        0x0
                [!provide]                PROVIDE (__noinit_start, .)
 *(.noinit*)
                [!provide]                PROVIDE (__noinit_end, .)
                0x008006ef                _end = .
                [!provide]                PROVIDE (__heap_start, .)

.eeprom         0x00810000        0x0
 *(.eeprom*)
                0x00810000                __eeprom_end = .

.fuse
 *(.fuse)
 *(.lfuse)
 *(.hfuse)
 *(.efuse)

.lock
 *(.lock*)

.signature
 *(.signature*)

.user_signatures
 *(.user_signatures*)

.stab
 *(.stab)

.stabstr
 *(.stabstr)

.stab.excl
 *(.stab.excl)

.stab.exclstr
 *(.stab.exclstr)

.stab.index
 *(.stab.index)

.stab.indexstr
 *(.stab.indexstr)

.comment        0x00000000       0x5c
 *(.comment)
 .comment       0x00000000       0x30 BMP180.o
                                 0x31 (size before relaxing)
 .comment       0x00000030       0x31 DHT22.o
 .comment       0x00000030       0x31 LCD_12864.o
 .comment       0x00000030       0x31 main.o
 .comment       0x00000030       0x31 mmc.o
 .comment       0x00000030       0x31 NRF24.o
 .comment       0x00000030       0x31 pff.o
 .comment       0x00000030       0x31 RTC_DS3231.o
 .comment       0x00000030       0x31 SD.o
 .comment       0x00000030       0x31 TWI.o
 .comment       0x00000030       0x31 usart.o
 .comment       0x00000030       0x31 WeatherStation.o
 .comment       0x00000030       0x2c d:/atmelstudio/7.0/toolchain/avr8/avr8-gnu-toolchain/bin/../lib/gcc/avr/5.4.0/../../../../avr/lib/avr5\libprintf_flt.a(vfprintf_flt.o)
                                 0x2d (size before relaxing)
 .comment       0x0000005c       0x31 d:/atmelstudio/7.0/toolchain/avr8/avr8-gnu-toolchain/bin/../lib/gcc/avr/5.4.0/../../../../avr/lib/avr5\libc.a(fputc.o)
 .comment       0x0000005c       0x31 d:/atmelstudio/7.0/toolchain/avr8/avr8-gnu-toolchain/bin/../lib/gcc/avr/5.4.0/../../../../avr/lib/avr5\libc.a(sprintf.o)
 .comment       0x0000005c       0x31 d:/atmelstudio/7.0/toolchain/avr8/avr8-gnu-toolchain/bin/../lib/gcc/avr/5.4.0/../../../../avr/lib/avr5\libc.a(sscanf.o)
 .comment       0x0000005c       0x2d d:/atmelstudio/7.0/toolchain/avr8/avr8-gnu-toolchain/bin/../lib/gcc/avr/5.4.0/../../../../avr/lib/avr5\libc.a(vfscanf_std.o)
 .comment       0x0000005c       0x31 d:/atmelstudio/7.0/toolchain/avr8/avr8-gnu-toolchain/bin/../lib/gcc/avr/5.4.0/../../../../avr/lib/avr5\libc.a(fgetc.o)
 .comment       0x0000005c       0x31 d:/atmelstudio/7.0/toolchain/avr8/avr8-gnu-toolchain/bin/../lib/gcc/avr/5.4.0/../../../../avr/lib/avr5\libc.a(ungetc.o)

.note.gnu.avr.deviceinfo
                0x00000000       0x40
 .note.gnu.avr.deviceinfo
                0x00000000       0x40 D:/AtmelStudio/7.0/Packs/atmel/ATmega_DFP/1.6.364/gcc/dev/atmega328p/avr5/crtatmega328p.o

.note.gnu.build-id
 *(.note.gnu.build-id)

.debug
 *(.debug)

.line
 *(.line)

.debug_srcinfo
 *(.debug_srcinfo)

.debug_sfnames
 *(.debug_sfnames)

.debug_aranges  0x00000000      0x4b0
 *(.debug_aranges)
 .debug_aranges
                0x00000000       0x48 BMP180.o
 .debug_aranges
                0x00000048       0x28 DHT22.o
 .debug_aranges
                0x00000070      0x100 LCD_12864.o
 .debug_aranges
                0x00000170       0x48 main.o
 .debug_aranges
                0x000001b8       0x50 mmc.o
 .debug_aranges
                0x00000208       0x90 NRF24.o
 .debug_aranges
                0x00000298       0xb0 pff.o
 .debug_aranges
                0x00000348       0x50 RTC_DS3231.o
 .debug_aranges
                0x00000398       0x20 SD.o
 .debug_aranges
                0x000003b8       0x50 TWI.o
 .debug_aranges
                0x00000408       0x28 usart.o
 .debug_aranges
                0x00000430       0x80 WeatherStation.o

.debug_pubnames
 *(.debug_pubnames)

.debug_info     0x00000000     0xa18a
 *(.debug_info .gnu.linkonce.wi.*)
 .debug_info    0x00000000      0x5f4 D:/AtmelStudio/7.0/Packs/atmel/ATmega_DFP/1.6.364/gcc/dev/atmega328p/avr5/crtatmega328p.o
 .debug_info    0x000005f4      0x72d BMP180.o
 .debug_info    0x00000d21      0x304 DHT22.o
 .debug_info    0x00001025     0x1c01 LCD_12864.o
 .debug_info    0x00002c26      0x70a main.o
 .debug_info    0x00003330      0x62f mmc.o
 .debug_info    0x0000395f      0xc69 NRF24.o
 .debug_info    0x000045c8     0x11d8 pff.o
 .debug_info    0x000057a0      0x84a RTC_DS3231.o
 .debug_info    0x00005fea      0x16e SD.o
 .debug_info    0x00006158      0x198 TWI.o
 .debug_info    0x000062f0       0xec usart.o
 .debug_info    0x000063dc     0x3dae WeatherStation.o

.debug_abbrev   0x00000000     0x1a45
 *(.debug_abbrev)
 .debug_abbrev  0x00000000      0x5a2 D:/AtmelStudio/7.0/Packs/atmel/ATmega_DFP/1.6.364/gcc/dev/atmega328p/avr5/crtatmega328p.o
 .debug_abbrev  0x000005a2      0x1e3 BMP180.o
 .debug_abbrev  0x00000785      0x111 DHT22.o
 .debug_abbrev  0x00000896      0x306 LCD_12864.o
 .debug_abbrev  0x00000b9c      0x1b4 main.o
 .debug_abbrev  0x00000d50      0x1cf mmc.o
 .debug_abbrev  0x00000f1f      0x2ab NRF24.o
 .debug_abbrev  0x000011ca      0x268 pff.o
 .debug_abbrev  0x00001432      0x12f RTC_DS3231.o
 .debug_abbrev  0x00001561       0xdc SD.o
 .debug_abbrev  0x0000163d       0xe1 TWI.o
 .debug_abbrev  0x0000171e       0x92 usart.o
 .debug_abbrev  0x000017b0      0x295 WeatherStation.o

.debug_line     0x00000000     0x4777
 *(.debug_line .debug_line.* .debug_line_end)
 .debug_line    0x00000000      0x134 D:/AtmelStudio/7.0/Packs/atmel/ATmega_DFP/1.6.364/gcc/dev/atmega328p/avr5/crtatmega328p.o
 .debug_line    0x00000134      0x308 BMP180.o
 .debug_line    0x0000043c      0x1ee DHT22.o
 .debug_line    0x0000062a      0xee1 LCD_12864.o
 .debug_line    0x0000150b      0x336 main.o
 .debug_line    0x00001841      0x529 mmc.o
 .debug_line    0x00001d6a      0x606 NRF24.o
 .debug_line    0x00002370      0xc29 pff.o
 .debug_line    0x00002f99      0x2f6 RTC_DS3231.o
 .debug_line    0x0000328f       0xca SD.o
 .debug_line    0x00003359      0x179 TWI.o
 .debug_line    0x000034d2       0xf1 usart.o
 .debug_line    0x000035c3     0x11b4 WeatherStation.o

.debug_frame    0x00000000     0x1324
 *(.debug_frame)
 .debug_frame   0x00000000       0xe0 BMP180.o
 .debug_frame   0x000000e0       0x34 DHT22.o
 .debug_frame   0x00000114      0x5b0 LCD_12864.o
 .debug_frame   0x000006c4       0xd0 main.o
 .debug_frame   0x00000794      0x100 mmc.o
 .debug_frame   0x00000894      0x204 NRF24.o
 .debug_frame   0x00000a98      0x45c pff.o
 .debug_frame   0x00000ef4       0xa8 RTC_DS3231.o
 .debug_frame   0x00000f9c       0x40 SD.o
 .debug_frame   0x00000fdc       0x90 TWI.o
 .debug_frame   0x0000106c       0x34 usart.o
 .debug_frame   0x000010a0      0x284 WeatherStation.o

.debug_str      0x00000000      0xf99
 *(.debug_str)
 .debug_str     0x00000000      0x208 D:/AtmelStudio/7.0/Packs/atmel/ATmega_DFP/1.6.364/gcc/dev/atmega328p/avr5/crtatmega328p.o
 .debug_str     0x00000208      0x28a BMP180.o
                                0x2e1 (size before relaxing)
 .debug_str     0x00000492       0x35 DHT22.o
                                0x20a (size before relaxing)
 .debug_str     0x000004c7      0x3e8 LCD_12864.o
                                0x61c (size before relaxing)
 .debug_str     0x000008af      0x18b main.o
                                0x41b (size before relaxing)
 .debug_str     0x00000a3a       0x98 mmc.o
                                0x237 (size before relaxing)
 .debug_str     0x00000ad2      0x14d NRF24.o
                                0x3b2 (size before relaxing)
 .debug_str     0x00000c1f      0x1ac pff.o
                                0x40f (size before relaxing)
 .debug_str     0x00000dcb       0xc3 RTC_DS3231.o
                                0x2a3 (size before relaxing)
 .debug_str     0x00000e8e       0x18 SD.o
                                0x1de (size before relaxing)
 .debug_str     0x00000ea6       0x1e TWI.o
                                0x201 (size before relaxing)
 .debug_str     0x00000ec4        0xd usart.o
                                0x1b7 (size before relaxing)
 .debug_str     0x00000ed1       0xc8 WeatherStation.o
                                0x54d (size before relaxing)

.debug_loc      0x00000000     0x6ba5
 *(.debug_loc)
 .debug_loc     0x00000000      0x819 BMP180.o
 .debug_loc     0x00000819      0x262 DHT22.o
 .debug_loc     0x00000a7b     0x235b LCD_12864.o
 .debug_loc     0x00002dd6      0x145 main.o
 .debug_loc     0x00002f1b      0x740 mmc.o
 .debug_loc     0x0000365b      0xa30 NRF24.o
 .debug_loc     0x0000408b     0x1e2c pff.o
 .debug_loc     0x00005eb7      0x24a RTC_DS3231.o
 .debug_loc     0x00006101       0x87 SD.o
 .debug_loc     0x00006188       0xb4 TWI.o
 .debug_loc     0x0000623c       0x78 usart.o
 .debug_loc     0x000062b4      0x8f1 WeatherStation.o

.debug_macinfo
 *(.debug_macinfo)

.debug_weaknames
 *(.debug_weaknames)

.debug_funcnames
 *(.debug_funcnames)

.debug_typenames
 *(.debug_typenames)

.debug_varnames
 *(.debug_varnames)

.debug_pubtypes
 *(.debug_pubtypes)

.debug_ranges   0x00000000      0x408
 *(.debug_ranges)
 .debug_ranges  0x00000000       0x38 BMP180.o
 .debug_ranges  0x00000038       0x18 DHT22.o
 .debug_ranges  0x00000050      0x108 LCD_12864.o
 .debug_ranges  0x00000158       0x38 main.o
 .debug_ranges  0x00000190       0x40 mmc.o
 .debug_ranges  0x000001d0       0x80 NRF24.o
 .debug_ranges  0x00000250       0xa0 pff.o
 .debug_ranges  0x000002f0       0x40 RTC_DS3231.o
 .debug_ranges  0x00000330       0x10 SD.o
 .debug_ranges  0x00000340       0x40 TWI.o
 .debug_ranges  0x00000380       0x18 usart.o
 .debug_ranges  0x00000398       0x70 WeatherStation.o

.debug_macro
 *(.debug_macro)
OUTPUT(NRF24_RX.elf elf32-avr)
LOAD linker stubs
