Archive member included to satisfy reference by file (symbol)

d:/atmelstudio/7.0/toolchain/avr8/avr8-gnu-toolchain/bin/../lib/gcc/avr/5.4.0/../../../../avr/lib/avr5\libm.a(addsf3.o)
                              BMP180.o (__subsf3)
d:/atmelstudio/7.0/toolchain/avr8/avr8-gnu-toolchain/bin/../lib/gcc/avr/5.4.0/../../../../avr/lib/avr5\libm.a(addsf3x.o)
                              d:/atmelstudio/7.0/toolchain/avr8/avr8-gnu-toolchain/bin/../lib/gcc/avr/5.4.0/../../../../avr/lib/avr5\libm.a(addsf3.o) (__addsf3x)
d:/atmelstudio/7.0/toolchain/avr8/avr8-gnu-toolchain/bin/../lib/gcc/avr/5.4.0/../../../../avr/lib/avr5\libm.a(cmpsf2.o)
                              WeatherStation.o (__ltsf2)
d:/atmelstudio/7.0/toolchain/avr8/avr8-gnu-toolchain/bin/../lib/gcc/avr/5.4.0/../../../../avr/lib/avr5\libm.a(divsf3.o)
                              BMP180.o (__divsf3)
d:/atmelstudio/7.0/toolchain/avr8/avr8-gnu-toolchain/bin/../lib/gcc/avr/5.4.0/../../../../avr/lib/avr5\libm.a(divsf3x.o)
                              d:/atmelstudio/7.0/toolchain/avr8/avr8-gnu-toolchain/bin/../lib/gcc/avr/5.4.0/../../../../avr/lib/avr5\libm.a(divsf3.o) (__divsf3x)
d:/atmelstudio/7.0/toolchain/avr8/avr8-gnu-toolchain/bin/../lib/gcc/avr/5.4.0/../../../../avr/lib/avr5\libm.a(fixsfsi.o)
                              BMP180.o (__fixsfsi)
d:/atmelstudio/7.0/toolchain/avr8/avr8-gnu-toolchain/bin/../lib/gcc/avr/5.4.0/../../../../avr/lib/avr5\libm.a(fixunssfsi.o)
                              d:/atmelstudio/7.0/toolchain/avr8/avr8-gnu-toolchain/bin/../lib/gcc/avr/5.4.0/../../../../avr/lib/avr5\libm.a(fixsfsi.o) (__fixunssfsi)
d:/atmelstudio/7.0/toolchain/avr8/avr8-gnu-toolchain/bin/../lib/gcc/avr/5.4.0/../../../../avr/lib/avr5\libm.a(floatsisf.o)
                              BMP180.o (__floatsisf)
d:/atmelstudio/7.0/toolchain/avr8/avr8-gnu-toolchain/bin/../lib/gcc/avr/5.4.0/../../../../avr/lib/avr5\libm.a(fp_cmp.o)
                              d:/atmelstudio/7.0/toolchain/avr8/avr8-gnu-toolchain/bin/../lib/gcc/avr/5.4.0/../../../../avr/lib/avr5\libm.a(cmpsf2.o) (__fp_cmp)
d:/atmelstudio/7.0/toolchain/avr8/avr8-gnu-toolchain/bin/../lib/gcc/avr/5.4.0/../../../../avr/lib/avr5\libm.a(fp_inf.o)
                              d:/atmelstudio/7.0/toolchain/avr8/avr8-gnu-toolchain/bin/../lib/gcc/avr/5.4.0/../../../../avr/lib/avr5\libm.a(addsf3x.o) (__fp_inf)
d:/atmelstudio/7.0/toolchain/avr8/avr8-gnu-toolchain/bin/../lib/gcc/avr/5.4.0/../../../../avr/lib/avr5\libm.a(fp_nan.o)
                              d:/atmelstudio/7.0/toolchain/avr8/avr8-gnu-toolchain/bin/../lib/gcc/avr/5.4.0/../../../../avr/lib/avr5\libm.a(addsf3x.o) (__fp_nan)
d:/atmelstudio/7.0/toolchain/avr8/avr8-gnu-toolchain/bin/../lib/gcc/avr/5.4.0/../../../../avr/lib/avr5\libm.a(fp_pscA.o)
                              d:/atmelstudio/7.0/toolchain/avr8/avr8-gnu-toolchain/bin/../lib/gcc/avr/5.4.0/../../../../avr/lib/avr5\libm.a(addsf3x.o) (__fp_pscA)
d:/atmelstudio/7.0/toolchain/avr8/avr8-gnu-toolchain/bin/../lib/gcc/avr/5.4.0/../../../../avr/lib/avr5\libm.a(fp_pscB.o)
                              d:/atmelstudio/7.0/toolchain/avr8/avr8-gnu-toolchain/bin/../lib/gcc/avr/5.4.0/../../../../avr/lib/avr5\libm.a(addsf3x.o) (__fp_pscB)
d:/atmelstudio/7.0/toolchain/avr8/avr8-gnu-toolchain/bin/../lib/gcc/avr/5.4.0/../../../../avr/lib/avr5\libm.a(fp_round.o)
                              d:/atmelstudio/7.0/toolchain/avr8/avr8-gnu-toolchain/bin/../lib/gcc/avr/5.4.0/../../../../avr/lib/avr5\libm.a(addsf3.o) (__fp_round)
d:/atmelstudio/7.0/toolchain/avr8/avr8-gnu-toolchain/bin/../lib/gcc/avr/5.4.0/../../../../avr/lib/avr5\libm.a(fp_split3.o)
                              d:/atmelstudio/7.0/toolchain/avr8/avr8-gnu-toolchain/bin/../lib/gcc/avr/5.4.0/../../../../avr/lib/avr5\libm.a(addsf3x.o) (__fp_split3)
d:/atmelstudio/7.0/toolchain/avr8/avr8-gnu-toolchain/bin/../lib/gcc/avr/5.4.0/../../../../avr/lib/avr5\libm.a(fp_zero.o)
                              d:/atmelstudio/7.0/toolchain/avr8/avr8-gnu-toolchain/bin/../lib/gcc/avr/5.4.0/../../../../avr/lib/avr5\libm.a(addsf3x.o) (__fp_zero)
d:/atmelstudio/7.0/toolchain/avr8/avr8-gnu-toolchain/bin/../lib/gcc/avr/5.4.0/../../../../avr/lib/avr5\libm.a(gesf2.o)
                              WeatherStation.o (__gesf2)
d:/atmelstudio/7.0/toolchain/avr8/avr8-gnu-toolchain/bin/../lib/gcc/avr/5.4.0/../../../../avr/lib/avr5\libm.a(mulsf3.o)
                              BMP180.o (__mulsf3)
d:/atmelstudio/7.0/toolchain/avr8/avr8-gnu-toolchain/bin/../lib/gcc/avr/5.4.0/../../../../avr/lib/avr5\libm.a(mulsf3x.o)
                              d:/atmelstudio/7.0/toolchain/avr8/avr8-gnu-toolchain/bin/../lib/gcc/avr/5.4.0/../../../../avr/lib/avr5\libm.a(mulsf3.o) (__mulsf3x)
d:/atmelstudio/7.0/toolchain/avr8/avr8-gnu-toolchain/bin/../lib/gcc/avr/5.4.0/../../../../avr/lib/avr5\libm.a(pow.o)
                              BMP180.o (pow)
d:/atmelstudio/7.0/toolchain/avr8/avr8-gnu-toolchain/bin/../lib/gcc/avr/5.4.0/../../../../avr/lib/avr5\libm.a(exp.o)
[...]
Memory Configuration

Name             Origin             Length             Attributes
text             0x00000000         0x00008000         xr
data             0x00800100         0x00000800         rw !x
eeprom           0x00810000         0x00000400         rw !x
fuse             0x00820000         0x00000003         rw !x
lock             0x00830000         0x00000400         rw !x
signature        0x00840000         0x00000400         rw !x
user_signatures  0x00850000         0x00000400         rw !x
*default*        0x00000000         0xffffffff

Linker script and memory map

Address of section .data set to 0x800100
LOAD D:/AtmelStudio/7.0/Packs/atmel/ATmega_DFP/1.6.364/gcc/dev/atmega328p/avr5/crtatmega328p.o
LOAD BMP180.o
LOAD DHT22.o
LOAD LCD_12864.o
LOAD main.o
LOAD mmc.o
LOAD NRF24.o
LOAD pff.o
LOAD RTC_DS3231.o
LOAD SD.o
LOAD TWI.o
LOAD usart.o
LOAD WeatherStation.o
START GROUP
LOAD d:/atmelstudio/7.0/toolchain/avr8/avr8-gnu-toolchain/bin/../lib/gcc/avr/5.4.0/../../../../avr/lib/avr5\libm.a
END GROUP
LOAD d:/atmelstudio/7.0/toolchain/avr8/avr8-gnu-toolchain/bin/../lib/gcc/avr/5.4.0/../../../../avr/lib/avr5\libprintf_flt.a
LOAD d:/atmelstudio/7.0/toolchain/avr8/avr8-gnu-toolchain/bin/../lib/gcc/avr/5.4.0/../../../../avr/lib/avr5\libm.a
START GROUP
LOAD d:/atmelstudio/7.0/toolchain/avr8/avr8-gnu-toolchain/bin/../lib/gcc/avr/5.4.0/avr5\libgcc.a
LOAD d:/atmelstudio/7.0/toolchain/avr8/avr8-gnu-toolchain/bin/../lib/gcc/avr/5.4.0/../../../../avr/lib/avr5\libm.a
LOAD d:/atmelstudio/7.0/toolchain/avr8/avr8-gnu-toolchain/bin/../lib/gcc/avr/5.4.0/../../../../avr/lib/avr5\libc.a
LOAD D:/AtmelStudio/7.0/Packs/atmel/ATmega_DFP/1.6.364/gcc/dev/atmega328p/avr5\libatmega328p.a
END GROUP
                0x00000000                __TEXT_REGION_ORIGIN__ = DEFINED (__TEXT_REGION_ORIGIN__)?__TEXT_REGION_ORIGIN__:0x0
                [0x00800100]                __DATA_REGION_ORIGIN__ = DEFINED (__DATA_REGION_ORIGIN__)?__DATA_REGION_ORIGIN__:0x800060
                [0x00008000]                __TEXT_REGION_LENGTH__ = DEFINED (__TEXT_REGION_LENGTH__)?__TEXT_REGION_LENGTH__:0x20000
                [0x00000800]                __DATA_REGION_LENGTH__ = DEFINED (__DATA_REGION_LENGTH__)?__DATA_REGION_LENGTH__:0xffa0
                [0x00000400]                __EEPROM_REGION_LENGTH__ = DEFINED (__EEPROM_REGION_LENGTH__)?__EEPROM_REGION_LENGTH__:0x10000
                [0x00000003]                __FUSE_REGION_LENGTH__ = DEFINED (__FUSE_REGION_LENGTH__)?__FUSE_REGION_LENGTH__:0x400
                0x00000400                __LOCK_REGION_LENGTH__ = DEFINED (__LOCK_REGION_LENGTH__)?__LOCK_REGION_LENGTH__:0x400
                0x00000400                __SIGNATURE_REGION_LENGTH__ = DEFINED (__SIGNATURE_REGION_LENGTH__)?__SIGNATURE_REGION_LENGTH__:0x400
                0x00000400                __USER_SIGNATURE_REGION_LENGTH__ = DEFINED (__USER_SIGNATURE_REGION_LENGTH__)?__USER_SIGNATURE_REGION_LENGTH__:0x400

.hash
 *(.hash)

.dynsym
 *(.dynsym)

.dynstr
 *(.dynstr)

.gnu.version
 *(.gnu.version)

.gnu.version_d
 *(.gnu.version_d)

.gnu.version_r
 *(.gnu.version_r)

.rel.init
 *(.rel.init)

.rela.init
 *(.rela.init)

.rel.text
 *(.rel.text)
 *(.rel.text.*)
 *(.rel.gnu.linkonce.t*)

.rela.text
 *(.rela.text)
 *(.rela.text.*)
 *(.rela.gnu.linkonce.t*)

.rel.fini
 *(.rel.fini)

.rela.fini
 *(.rela.fini)

.rel.rodata
 *(.rel.rodata)
 *(.rel.rodata.*)
 *(.rel.gnu.linkonce.r*)

.rela.rodata
 *(.rela.rodata)
 *(.rela.rodata.*)
 *(.rela.gnu.linkonce.r*)

.rel.data
 *(.rel.data)
 *(.rel.data.*)
 *(.rel.gnu.linkonce.d*)

.rela.data
 *(.rela.data)
 *(.rela.data.*)
 *(.rela.gnu.linkonce.d*)

.rel.ctors
 *(.rel.ctors)

.rela.ctors
 *(.rela.ctors)

.rel.dtors
 *(.rel.dtors)

.rela.dtors
 *(.rela.dtors)

.rel.got
 *(.rel.got)

.rela.got
 *(.rela.got)

.rel.bss
 *(.rel.bss)

.rela.bss
 *(.rela.bss)

.rel.plt
 *(.rel.plt)

.rela.plt
 *(.rela.plt)

.text           0x00000000     0x5d68
 *(.vectors)
 .vectors       0x00000000       0x68 D:/AtmelStudio/7.0/Packs/atmel/ATmega_DFP/1.6.364/gcc/dev/atmega328p/avr5/crtatmega328p.o
                0x00000000                __vector_default
                0x00000000                __vectors
 *(.vectors)
 *(.progmem.gcc*)
 .progmem.gcc_sw_table.__vector_14
                0x00000068        0xe main.o
 .progmem.gcc_sw_table.Convert_to_string_Clock
                0x00000076       0x26 WeatherStation.o
 .progmem.gcc_sw_table.Print_Page_Clock_Settings
                0x0000009c        0xe WeatherStation.o
                0x000000aa                . = ALIGN (0x2)
                0x000000aa                __trampolines_start = .
 *(.trampolines)
 .trampolines   0x000000aa        0x0 linker stubs
 *(.trampolines*)
                0x000000aa                __trampolines_end = .
 *libprintf_flt.a:*(.progmem.data)
 .progmem.data  0x000000aa        0x8 d:/atmelstudio/7.0/toolchain/avr8/avr8-gnu-toolchain/bin/../lib/gcc/avr/5.4.0/../../../../avr/lib/avr5\libprintf_flt.a(vfprintf_flt.o)
 *libc.a:*(.progmem.data)
 .progmem.data  0x000000b2       0xfa d:/atmelstudio/7.0/toolchain/avr8/avr8-gnu-toolchain/bin/../lib/gcc/avr/5.4.0/../../../../avr/lib/avr5\libc.a(ftoa_engine.o)
 .progmem.data  0x000001ac        0xc d:/atmelstudio/7.0/toolchain/avr8/avr8-gnu-toolchain/bin/../lib/gcc/avr/5.4.0/../../../../avr/lib/avr5\libc.a(vfscanf_std.o)
 *(.progmem*)
 .progmem.data.Font11_16
                0x000001b8       0xf2 LCD_12864.o
                0x000001b8                Font11_16
 .progmem.data.Font7_11
                0x000002aa       0x9a LCD_12864.o
                0x000002aa                Font7_11
 .progmem.data.Font4_6
                0x00000344       0x2c LCD_12864.o
                0x00000344                Font4_6
 .progmem.data.Font5_7
                0x00000370      0x3cc LCD_12864.o
                0x00000370                Font5_7
                0x0000073c                . = ALIGN (0x2)
 *(.jumptables)
 *(.jumptables*)
 *(.lowtext)
 *(.lowtext*)
                0x0000073c                __ctors_start = .
 *(.ctors)
                0x0000073c                __ctors_end = .
                0x0000073c                __dtors_start = .
 *(.dtors)
                0x0000073c                __dtors_end = .
 SORT(*)(.ctors)
 SORT(*)(.dtors)
 *(.init0)
 .init0         0x0000073c        0x0 D:/AtmelStudio/7.0/Packs/atmel/ATmega_DFP/1.6.364/gcc/dev/atmega328p/avr5/crtatmega328p.o
                0x0000073c                __init
 *(.init0)
 *(.init1)
 *(.init1)
 *(.init2)
 .init2         0x0000073c        0xc D:/AtmelStudio/7.0/Packs/atmel/ATmega_DFP/1.6.364/gcc/dev/atmega328p/avr5/crtatmega328p.o
 *(.init2)
 *(.init3)
 *(.init3)
 *(.init4)
 .init4         0x00000748       0x16 d:/atmelstudio/7.0/toolchain/avr8/avr8-gnu-toolchain/bin/../lib/gcc/avr/5.4.0/avr5\libgcc.a(_copy_data.o)
                0x00000748                __do_copy_data
 .init4         0x0000075e       0x10 d:/atmelstudio/7.0/toolchain/avr8/avr8-gnu-toolchain/bin/../lib/gcc/avr/5.4.0/avr5\libgcc.a(_clear_bss.o)
                0x0000075e                __do_clear_bss
 *(.init4)
 *(.init5)
 *(.init5)
 *(.init6)
 *(.init6)
 *(.init7)
 *(.init7)
 *(.init8)
 *(.init8)
 *(.init9)
 .init9         0x0000076e        0x8 D:/AtmelStudio/7.0/Packs/atmel/ATmega_DFP/1.6.364/gcc/dev/atmega328p/avr5/crtatmega328p.o
 *(.init9)
 *(.text)
 .text          0x00000776        0x4 D:/AtmelStudio/7.0/Packs/atmel/ATmega_DFP/1.6.364/gcc/dev/atmega328p/avr5/crtatmega328p.o
                0x00000776                __vector_22
                0x00000776                __vector_24
                0x00000776                __vector_12
                0x00000776                __bad_interrupt
                0x00000776                __vector_6
                0x00000776                __vector_3
                0x00000776                __vector_23
                0x00000776                __vector_25
                0x00000776                __vector_13
                0x00000776                __vector_17
                0x00000776                __vector_19
                0x00000776                __vector_7
                0x00000776                __vector_5
                0x00000776                __vector_4
                0x00000776                __vector_9
                0x00000776                __vector_2
                0x00000776                __vector_21
                0x00000776                __vector_15
                0x00000776                __vector_8
                0x00000776                __vector_10
                0x00000776                __vector_16
                0x00000776                __vector_18
                0x00000776                __vector_20
                0x0000077a                . = ALIGN (0x2)
 *(.text.*)
 .text.Read     0x0000077a       0x4e BMP180.o
                0x0000077a                Read
 .text.BMP180_Calibration
                0x000007c8       0x9c BMP180.o
                0x000007c8                BMP180_Calibration
 .text.BMP180_get_temper
                0x00000864       0x34 BMP180.o
                0x00000864                BMP180_get_temper
 .text.BMP180_get_pressure
                0x00000898       0xfa BMP180.o
                0x00000898                BMP180_get_pressure
 .text.BMP180_calculation
                0x00000992      0x316 BMP180.o
                0x00000992                BMP180_calculation
 .text.dht22_init
                0x00000ca8       0x22 DHT22.o
                0x00000ca8                dht22_init
 .text.dht22_GetData
                0x00000cca       0xc2 DHT22.o
                0x00000cca                dht22_GetData
 .text.LCD_12864_Draw_pixel
                0x00000d8c       0x42 LCD_12864.o
                0x00000d8c                LCD_12864_Draw_pixel
 .text.LCD_12864_Clean_pixel
                0x00000dce       0x42 LCD_12864.o
                0x00000dce                LCD_12864_Clean_pixel
 .text.strob    0x00000e10       0x26 LCD_12864.o
                0x00000e10                strob
 .text.LCD_12864_send_data
                0x00000e36       0xae LCD_12864.o
                0x00000e36                LCD_12864_send_data
 .text.LCD_12864_send_command
                0x00000ee4       0xae LCD_12864.o
                0x00000ee4                LCD_12864_send_command
 .text.LCD_12864_GrapnicMode
                0x00000f92       0x3e LCD_12864.o
                0x00000f92                LCD_12864_GrapnicMode
 .text.LCD_12864_Draw_bitmap
                0x00000fd0      0x29c LCD_12864.o
                0x00000fd0                LCD_12864_Draw_bitmap
 .text.clear_LCD_12864
                0x0000126c       0x14 LCD_12864.o
                0x0000126c                clear_LCD_12864
 .text.LCD_12864_ini
                0x00001280       0x3c LCD_12864.o
                0x00001280                LCD_12864_ini
 .text.LCD_12864_print_symbol
                0x000012bc       0x62 LCD_12864.o
                0x000012bc                LCD_12864_print_symbol
 .text.LCD_12864_print_symbol_4_6
                0x0000131e       0x5a LCD_12864.o
                0x0000131e                LCD_12864_print_symbol_4_6
 .text.LCD_12864_print_symbol_11_16
                0x00001378       0xbe LCD_12864.o
                0x00001378                LCD_12864_print_symbol_11_16
 .text.LCD_12864_print_symbol_7_11
                0x00001436       0xee LCD_12864.o
                0x00001436                LCD_12864_print_symbol_7_11
 .text.LCD_12864_Print_7_11
                0x00001524       0x9e LCD_12864.o
                0x00001524                LCD_12864_Print_7_11
 .text.LCD_12864_Print_4_6
                0x000015c2       0x9e LCD_12864.o
                0x000015c2                LCD_12864_Print_4_6
 .text.LCD_12864_Print_11_16
                0x00001660       0x76 LCD_12864.o
                0x00001660                LCD_12864_Print_11_16
 .text.LCD_12864_Decode_UTF8
                0x000016d6      0x144 LCD_12864.o
                0x000016d6                LCD_12864_Decode_UTF8
 .text.LCD_12864_Clean_Frame_buffer
                0x0000181a       0x16 LCD_12864.o
                0x0000181a                LCD_12864_Clean_Frame_buffer
 .text.LCD_12864_Draw_line
                0x00001830       0xc0 LCD_12864.o
                0x00001830                LCD_12864_Draw_line
 .text.LCD_12864_Draw_circle
                0x000018f0      0x118 LCD_12864.o
                0x000018f0                LCD_12864_Draw_circle
 .text.timer1_ini
                0x00001a08       0x28 main.o
                0x00001a08                timer1_ini
 .text.timer0_ini
                0x00001a30       0x1c main.o
                0x00001a30                timer0_ini
 .text.__vector_11
                0x00001a4c       0xe6 main.o
                0x00001a4c                __vector_11
 .text.__vector_14
                0x00001b32      0x39a main.o
                0x00001b32                __vector_14
 .text.SPI_init
                0x00001ecc       0x24 main.o
                0x00001ecc                SPI_init
 .text.port_init
                0x00001ef0       0x4a main.o
                0x00001ef0                port_init
 .text.spi_send_recv
                0x00001f3a        0xc main.o
                0x00001f3a                spi_send_recv
 .text.main     0x00001f46       0xb2 main.o
                0x00001f46                main
 .text.NRF24L01_Receive
                0x00001ff8      0x2da NRF24.o
                0x00001ff8                NRF24L01_Receive
 .text.NRF24_FlushRX
                0x000022d2       0x1e NRF24.o
                0x000022d2                NRF24_FlushRX
 .text.NRF24_FlushTX
                0x000022f0       0x1e NRF24.o
                0x000022f0                NRF24_FlushTX
 .text.NRF24_ToggleFeatures
                0x0000230e       0x26 NRF24.o
                0x0000230e                NRF24_ToggleFeatures
 .text.NRF24_Read_Buf
                0x00002334       0x52 NRF24.o
                0x00002334                NRF24_Read_Buf
 .text.NRF24_Write_Buf
                0x00002386       0x5a NRF24.o
                0x00002386                NRF24_Write_Buf
 .text.nRF_write_register
                0x000023e0       0x24 NRF24.o
                0x000023e0                nRF_write_register
 .text.nRF_read_register
                0x00002404       0x28 NRF24.o
                0x00002404                nRF_read_register
 .text.__vector_1
                0x0000242c       0xfa NRF24.o
                0x0000242c                __vector_1
 .text.NRF24L01_RX_Mode
                0x00002526       0x2c NRF24.o
                0x00002526                NRF24L01_RX_Mode
 .text.NRF24_ini
                0x00002552       0x98 NRF24.o
                0x00002552                NRF24_ini
 .text.RTC_ConvertFromBinDec
                0x000025ea       0x26 RTC_DS3231.o
                0x000025ea                RTC_ConvertFromBinDec
 .text.RTC_ConvertFromDec
                0x00002610       0x16 RTC_DS3231.o
                0x00002610                RTC_ConvertFromDec
 .text.RTC_init
                0x00002626       0x22 RTC_DS3231.o
                0x00002626                RTC_init
 .text.ModifyRTC
                0x00002648      0x1a0 RTC_DS3231.o
                0x00002648                ModifyRTC
 .text.I2C_Init
                0x000027e8        0x8 TWI.o
                0x000027e8                I2C_Init
 .text.I2C_StartCondition
                0x000027f0       0x10 TWI.o
                0x000027f0                I2C_StartCondition
 .text.I2C_StopCondition
                0x00002800        0x8 TWI.o
                0x00002800                I2C_StopCondition
 .text.I2C_SendByte
                0x00002808       0x14 TWI.o
                0x00002808                I2C_SendByte
 .text.I2C_ReadByte
                0x0000281c       0x14 TWI.o
                0x0000281c                I2C_ReadByte
 .text.I2C_ReadLastByte
                0x00002830       0x14 TWI.o
                0x00002830                I2C_ReadLastByte
 .text.USART_Init
                0x00002844       0x2c usart.o
                0x00002844                USART_Init
 .text.USART_Transmit
                0x00002870       0x36 usart.o
                0x00002870                USART_Transmit
 .text.Print_Menu_Page
                0x000028a6      0x160 WeatherStation.o
                0x000028a6                Print_Menu_Page
 .text.Print_Page_About
                0x00002a06       0xa2 WeatherStation.o
                0x00002a06                Print_Page_About
 .text.Print_Page_Dop_Info
                0x00002aa8       0x72 WeatherStation.o
                0x00002aa8                Print_Page_Dop_Info
 .text.DrawCloudsWithRain
                0x00002b1a      0x292 WeatherStation.o
                0x00002b1a                DrawCloudsWithRain
 .text.DrawWeatherVane
                0x00002dac      0x6f2 WeatherStation.o
                0x00002dac                DrawWeatherVane
 .text.Convert_to_string_Clock
                0x0000349e      0x346 WeatherStation.o
                0x0000349e                Convert_to_string_Clock
 .text.Print_Page_Clock_Settings
                0x000037e4      0x444 WeatherStation.o
                0x000037e4                Print_Page_Clock_Settings
 .text.Clock    0x00003c28       0x7c WeatherStation.o
                0x00003c28                Clock
 .text.RAIN_AMOUNT
                0x00003ca4       0x7a WeatherStation.o
                0x00003ca4                RAIN_AMOUNT
 .text.V_BAT    0x00003d1e       0x7c WeatherStation.o
                0x00003d1e                V_BAT
 .text.DrawBattery
                0x00003d9a      0x270 WeatherStation.o
                0x00003d9a                DrawBattery
 .text.wind_speed
                0x0000400a       0x70 WeatherStation.o
                0x0000400a                wind_speed
 .text.Print_Home_Page
                0x0000407a      0x622 WeatherStation.o
                0x0000407a                Print_Home_Page
 .text.avr-libc.fplib
                0x0000469c        0xe d:/atmelstudio/7.0/toolchain/avr8/avr8-gnu-toolchain/bin/../lib/gcc/avr/5.4.0/../../../../avr/lib/avr5\libm.a(addsf3.o)
                0x0000469c                __subsf3
                0x0000469e                __addsf3
 .text.avr-libc.fplib
                0x000046aa       0xcc d:/atmelstudio/7.0/toolchain/avr8/avr8-gnu-toolchain/bin/../lib/gcc/avr/5.4.0/../../../../avr/lib/avr5\libm.a(addsf3x.o)
                0x000046cc                __addsf3x
 .text.avr-libc.fplib
                0x00004776        0xa d:/atmelstudio/7.0/toolchain/avr8/avr8-gnu-toolchain/bin/../lib/gcc/avr/5.4.0/../../../../avr/lib/avr5\libm.a(cmpsf2.o)
                0x00004776                __nesf2
                0x00004776                __eqsf2
                0x00004776                __cmpsf2
                0x00004776                __ltsf2
                0x00004776                __lesf2
 .text.avr-libc.fplib
                0x00004780        0x8 d:/atmelstudio/7.0/toolchain/avr8/avr8-gnu-toolchain/bin/../lib/gcc/avr/5.4.0/../../../../avr/lib/avr5\libm.a(divsf3.o)
                0x00004780                __divsf3
 .text.avr-libc.fplib
                0x00004788       0xdc d:/atmelstudio/7.0/toolchain/avr8/avr8-gnu-toolchain/bin/../lib/gcc/avr/5.4.0/../../../../avr/lib/avr5\libm.a(divsf3x.o)
                0x000047a8                __divsf3x
                0x000047ae                __divsf3_pse
 .text.avr-libc.fplib
                0x00004864        0xe d:/atmelstudio/7.0/toolchain/avr8/avr8-gnu-toolchain/bin/../lib/gcc/avr/5.4.0/../../../../avr/lib/avr5\libm.a(fixsfsi.o)
                0x00004864                __fixsfsi
 .text.avr-libc.fplib
                0x00004872       0x5e d:/atmelstudio/7.0/toolchain/avr8/avr8-gnu-toolchain/bin/../lib/gcc/avr/5.4.0/../../../../avr/lib/avr5\libm.a(fixunssfsi.o)
                0x00004872                __fixunssfsi
 .text.avr-libc.fplib
                0x000048d0       0x7a d:/atmelstudio/7.0/toolchain/avr8/avr8-gnu-toolchain/bin/../lib/gcc/avr/5.4.0/../../../../avr/lib/avr5\libm.a(floatsisf.o)
                0x000048d0                __floatunsisf
                0x000048d4                __floatsisf
 .text.avr-libc.fplib
                0x0000494a       0x48 d:/atmelstudio/7.0/toolchain/avr8/avr8-gnu-toolchain/bin/../lib/gcc/avr/5.4.0/../../../../avr/lib/avr5\libm.a(fp_cmp.o)
                0x0000494a                __fp_cmp
 .text.avr-libc.fplib
                0x00004992        0xc d:/atmelstudio/7.0/toolchain/avr8/avr8-gnu-toolchain/bin/../lib/gcc/avr/5.4.0/../../../../avr/lib/avr5\libm.a(fp_inf.o)
                0x00004992                __fp_inf
 .text.avr-libc.fplib
                0x0000499e        0x6 d:/atmelstudio/7.0/toolchain/avr8/avr8-gnu-toolchain/bin/../lib/gcc/avr/5.4.0/../../../../avr/lib/avr5\libm.a(fp_nan.o)
                0x0000499e                __fp_nan
 .text.avr-libc.fplib
                0x000049a4        0xe d:/atmelstudio/7.0/toolchain/avr8/avr8-gnu-toolchain/bin/../lib/gcc/avr/5.4.0/../../../../avr/lib/avr5\libm.a(fp_pscA.o)
                0x000049a4                __fp_pscA
 .text.avr-libc.fplib
                0x000049b2        0xe d:/atmelstudio/7.0/toolchain/avr8/avr8-gnu-toolchain/bin/../lib/gcc/avr/5.4.0/../../../../avr/lib/avr5\libm.a(fp_pscB.o)
                0x000049b2                __fp_pscB
 .text.avr-libc.fplib
                0x000049c0       0x22 d:/atmelstudio/7.0/toolchain/avr8/avr8-gnu-toolchain/bin/../lib/gcc/avr/5.4.0/../../../../avr/lib/avr5\libm.a(fp_round.o)
                0x000049c0                __fp_round
 .text.avr-libc.fplib
                0x000049e2       0x44 d:/atmelstudio/7.0/toolchain/avr8/avr8-gnu-toolchain/bin/../lib/gcc/avr/5.4.0/../../../../avr/lib/avr5\libm.a(fp_split3.o)
                0x000049e2                __fp_split3
                0x000049f2                __fp_splitA
 .text.avr-libc.fplib
                0x00004a26        0xe d:/atmelstudio/7.0/toolchain/avr8/avr8-gnu-toolchain/bin/../lib/gcc/avr/5.4.0/../../../../avr/lib/avr5\libm.a(fp_zero.o)
                0x00004a26                __fp_zero
                0x00004a28                __fp_szero
 .text.avr-libc.fplib
                0x00004a34        0xa d:/atmelstudio/7.0/toolchain/avr8/avr8-gnu-toolchain/bin/../lib/gcc/avr/5.4.0/../../../../avr/lib/avr5\libm.a(gesf2.o)
                0x00004a34                __gesf2
                0x00004a34                __gtsf2
 .text.avr-libc.fplib
                0x00004a3e        0x8 d:/atmelstudio/7.0/toolchain/avr8/avr8-gnu-toolchain/bin/../lib/gcc/avr/5.4.0/../../../../avr/lib/avr5\libm.a(mulsf3.o)
                0x00004a3e                __mulsf3
 .text.avr-libc.fplib
                0x00004a46       0xd2 d:/atmelstudio/7.0/toolchain/avr8/avr8-gnu-toolchain/bin/../lib/gcc/avr/5.4.0/../../../../avr/lib/avr5\libm.a(mulsf3x.o)
                0x00004a64                __mulsf3x
                0x00004a6a                __mulsf3_pse
 .text.avr-libc
                0x00004b18      0x6fa d:/atmelstudio/7.0/toolchain/avr8/avr8-gnu-toolchain/bin/../lib/gcc/avr/5.4.0/../../../../avr/lib/avr5\libprintf_flt.a(vfprintf_flt.o)
                0x00004b18                vfprintf
 .text.libgcc.mul
                0x00005212       0x20 d:/atmelstudio/7.0/toolchain/avr8/avr8-gnu-toolchain/bin/../lib/gcc/avr/5.4.0/avr5\libgcc.a(_mulsi3.o)
                0x00005212                __mulsi3
 .text.libgcc.div
                0x00005232       0x44 d:/atmelstudio/7.0/toolchain/avr8/avr8-gnu-toolchain/bin/../lib/gcc/avr/5.4.0/avr5\libgcc.a(_udivmodsi4.o)
                0x00005232                __udivmodsi4
 .text.libgcc.div
                0x00005276       0x2e d:/atmelstudio/7.0/toolchain/avr8/avr8-gnu-toolchain/bin/../lib/gcc/avr/5.4.0/avr5\libgcc.a(_divmodsi4.o)
                0x00005276                __divmodsi4
 .text.libgcc.div
                0x000052a4       0x10 d:/atmelstudio/7.0/toolchain/avr8/avr8-gnu-toolchain/bin/../lib/gcc/avr/5.4.0/avr5\libgcc.a(_negsi2.o)
                0x000052a4                __negsi2
 .text.libgcc   0x000052b4        0xc d:/atmelstudio/7.0/toolchain/avr8/avr8-gnu-toolchain/bin/../lib/gcc/avr/5.4.0/avr5\libgcc.a(_tablejump2.o)
                0x000052b4                __tablejump2__
 .text.libgcc.mul
                0x000052c0       0x16 d:/atmelstudio/7.0/toolchain/avr8/avr8-gnu-toolchain/bin/../lib/gcc/avr/5.4.0/avr5\libgcc.a(_muluhisi3.o)
                0x000052c0                __muluhisi3
 .text.libgcc.mul
                0x000052d6       0x10 d:/atmelstudio/7.0/toolchain/avr8/avr8-gnu-toolchain/bin/../lib/gcc/avr/5.4.0/avr5\libgcc.a(_mulshisi3.o)
                0x000052d6                __mulshisi3
                0x000052dc                __mulohisi3
 .text.libgcc.prologue
                0x000052e6       0x38 d:/atmelstudio/7.0/toolchain/avr8/avr8-gnu-toolchain/bin/../lib/gcc/avr/5.4.0/avr5\libgcc.a(_prologue.o)
                0x000052e6                __prologue_saves__
 .text.libgcc.prologue
                0x0000531e       0x36 d:/atmelstudio/7.0/toolchain/avr8/avr8-gnu-toolchain/bin/../lib/gcc/avr/5.4.0/avr5\libgcc.a(_epilogue.o)
                0x0000531e                __epilogue_restores__
 .text.libgcc.mul
                0x00005354       0x1e d:/atmelstudio/7.0/toolchain/avr8/avr8-gnu-toolchain/bin/../lib/gcc/avr/5.4.0/avr5\libgcc.a(_umulhisi3.o)
                0x00005354                __umulhisi3
 .text.avr-libc
                0x00005372      0x1b0 d:/atmelstudio/7.0/toolchain/avr8/avr8-gnu-toolchain/bin/../lib/gcc/avr/5.4.0/../../../../avr/lib/avr5\libc.a(ftoa_engine.o)
                0x00005372                __ftoa_engine
 .text.avr-libc
                0x00005522       0x16 d:/atmelstudio/7.0/toolchain/avr8/avr8-gnu-toolchain/bin/../lib/gcc/avr/5.4.0/../../../../avr/lib/avr5\libc.a(strnlen_P.o)
                0x00005522                strnlen_P
 .text.avr-libc
                0x00005538        0xe d:/atmelstudio/7.0/toolchain/avr8/avr8-gnu-toolchain/bin/../lib/gcc/avr/5.4.0/../../../../avr/lib/avr5\libc.a(memset.o)
                0x00005538                memset
 .text.avr-libc
                0x00005546       0x16 d:/atmelstudio/7.0/toolchain/avr8/avr8-gnu-toolchain/bin/../lib/gcc/avr/5.4.0/../../../../avr/lib/avr5\libc.a(strcat.o)
                0x00005546                strcat
 .text.avr-libc
                0x0000555c       0x12 d:/atmelstudio/7.0/toolchain/avr8/avr8-gnu-toolchain/bin/../lib/gcc/avr/5.4.0/../../../../avr/lib/avr5\libc.a(strcmp.o)
                0x0000555c                strcmp
 .text.avr-libc
                0x0000556e       0x16 d:/atmelstudio/7.0/toolchain/avr8/avr8-gnu-toolchain/bin/../lib/gcc/avr/5.4.0/../../../../avr/lib/avr5\libc.a(strnlen.o)
                0x0000556e                strnlen
 .text.avr-libc
                0x00005584       0x78 d:/atmelstudio/7.0/toolchain/avr8/avr8-gnu-toolchain/bin/../lib/gcc/avr/5.4.0/../../../../avr/lib/avr5\libc.a(fputc.o)
                0x00005584                fputc
 .text.avr-libc
                0x000055fc       0x44 d:/atmelstudio/7.0/toolchain/avr8/avr8-gnu-toolchain/bin/../lib/gcc/avr/5.4.0/../../../../avr/lib/avr5\libc.a(sprintf.o)
                0x000055fc                sprintf
 .text.avr-libc
                0x00005640       0x32 d:/atmelstudio/7.0/toolchain/avr8/avr8-gnu-toolchain/bin/../lib/gcc/avr/5.4.0/../../../../avr/lib/avr5\libc.a(sscanf.o)
                0x00005640                sscanf
 .text.avr-libc
                0x00005672       0xbc d:/atmelstudio/7.0/toolchain/avr8/avr8-gnu-toolchain/bin/../lib/gcc/avr/5.4.0/../../../../avr/lib/avr5\libc.a(ultoa_invert.o)
                0x00005672                __ultoa_invert
 .text.avr-libc
                0x0000572e      0x55a d:/atmelstudio/7.0/toolchain/avr8/avr8-gnu-toolchain/bin/../lib/gcc/avr/5.4.0/../../../../avr/lib/avr5\libc.a(vfscanf_std.o)
                0x00005a66                vfscanf
 .text.avr-libc
                0x00005c88       0x12 d:/atmelstudio/7.0/toolchain/avr8/avr8-gnu-toolchain/bin/../lib/gcc/avr/5.4.0/../../../../avr/lib/avr5\libc.a(isspace.o)
                0x00005c88                isspace
 .text.avr-libc
                0x00005c9a       0x16 d:/atmelstudio/7.0/toolchain/avr8/avr8-gnu-toolchain/bin/../lib/gcc/avr/5.4.0/../../../../avr/lib/avr5\libc.a(strchr_P.o)
                0x00005c9a                strchr_P
 .text.avr-libc
                0x00005cb0       0x7c d:/atmelstudio/7.0/toolchain/avr8/avr8-gnu-toolchain/bin/../lib/gcc/avr/5.4.0/../../../../avr/lib/avr5\libc.a(fgetc.o)
                0x00005cb0                fgetc
 .text.avr-libc
                0x00005d2c       0x32 d:/atmelstudio/7.0/toolchain/avr8/avr8-gnu-toolchain/bin/../lib/gcc/avr/5.4.0/../../../../avr/lib/avr5\libc.a(ungetc.o)
                0x00005d2c                ungetc
 .text.avr-libc
                0x00005d5e        0x6 d:/atmelstudio/7.0/toolchain/avr8/avr8-gnu-toolchain/bin/../lib/gcc/avr/5.4.0/../../../../avr/lib/avr5\libc.a(cty_isfalse.o)
                0x00005d5e                __ctype_isfalse
                0x00005d62                __ctype_istrue
                0x00005d64                . = ALIGN (0x2)
 *(.fini9)
 .fini9         0x00005d64        0x0 d:/atmelstudio/7.0/toolchain/avr8/avr8-gnu-toolchain/bin/../lib/gcc/avr/5.4.0/avr5\libgcc.a(_exit.o)
                0x00005d64                _exit
                0x00005d64                exit
 *(.fini9)
 *(.fini8)
 *(.fini8)
 *(.fini7)
 *(.fini7)
 *(.fini6)
 *(.fini6)
 *(.fini5)
 *(.fini5)
 *(.fini4)
 *(.fini4)
 *(.fini3)
 *(.fini3)
 *(.fini2)
 *(.fini2)
 *(.fini1)
 *(.fini1)
 *(.fini0)
 .fini0         0x00005d64        0x4 d:/atmelstudio/7.0/toolchain/avr8/avr8-gnu-toolchain/bin/../lib/gcc/avr/5.4.0/avr5\libgcc.a(_exit.o)
 *(.fini0)
                0x00005d68                _etext = .

.data           0x00800100      0x1f4 load address 0x00005d68
                0x00800100                PROVIDE (__data_start, .)
 *(.data)
 *(.data*)
 .data.ST7920_height
                0x00800100        0x1 main.o
                0x00800100                ST7920_height
 .data.ST7920_width
                0x00800101        0x1 main.o
                0x00800101                ST7920_width
 .data.receive_time
                0x00800102       0x14 main.o
                0x00800102                receive_time
 .data.TX_ADDRESS
                0x00800116        0x3 NRF24.o
                0x00800116                TX_ADDRESS
 *(.gnu.linkonce.d*)
 *(.rodata)
 *(.rodata*)
 .rodata.str1.1
                0x00800119        0x4 main.o
 .rodata.str1.1
                0x0080011d       0x17 NRF24.o
                                 0x1a (size before relaxing)
 .rodata.str1.1
                0x00800134      0x1c0 WeatherStation.o
                                0x1cc (size before relaxing)
 *(.gnu.linkonce.r*)
                0x008002f4                . = ALIGN (0x2)
                0x008002f4                _edata = .
                0x008002f4                PROVIDE (__data_end, .)

.bss            0x008002f4      0x522
                0x008002f4                PROVIDE (__bss_start, .)
 *(.bss)
 *(.bss*)
 .bss.pressure  0x008002f4        0x4 BMP180.o
                0x008002f4                pressure
 .bss.old_state.2604
                0x008002f8        0x1 main.o
 .bss.new_state.2603
                0x008002f9        0x1 main.o
 .bss.cnt       0x008002fa        0x1 main.o
                0x008002fa                cnt
 .bss.add_cnt   0x008002fb        0x1 main.o
                0x008002fb                add_cnt
 .bss.change_flag
                0x008002fc        0x1 main.o
                0x008002fc                change_flag
 .bss.menu_flag
                0x008002fd        0x1 main.o
                0x008002fd                menu_flag
 .bss.data      0x008002fe        0x5 main.o
                0x008002fe                data
 .bss.pressure_home
                0x00800303        0x2 main.o
                0x00800303                pressure_home
 .bss.hum       0x00800305        0x4 main.o
                0x00800305                hum
 .bss.temp      0x00800309        0x4 main.o
                0x00800309                temp
 .bss.Press_home
                0x0080030d        0xa main.o
                0x0080030d                Press_home
 .bss.DATA_TO_UART
                0x00800317       0x32 main.o
                0x00800317                DATA_TO_UART
 .bss.Rain      0x00800349        0xa main.o
                0x00800349                Rain
 .bss.Vbat      0x00800353        0xa main.o
                0x00800353                Vbat
 .bss.adc_value2
                0x0080035d        0xa main.o
                0x0080035d                adc_value2
 .bss.adc_value1
                0x00800367        0xa main.o
                0x00800367                adc_value1
 .bss.wind_direction
                0x00800371        0xa main.o
                0x00800371                wind_direction
 .bss.WIND_speed
                0x0080037b        0xa main.o
                0x0080037b                WIND_speed
 .bss.HALL_counter
                0x00800385        0xa main.o
                0x00800385                HALL_counter
 .bss.hum_home  0x0080038f        0xa main.o
                0x0080038f                hum_home
 .bss.temp_home
                0x00800399        0xa main.o
                0x00800399                temp_home
 .bss.hum_street
                0x008003a3        0xa main.o
                0x008003a3                hum_street
 .bss.temp_street
                0x008003ad        0xa main.o
                0x008003ad                temp_street
 .bss.Frame_buffer
                0x008003b7      0x400 main.o
                0x008003b7                Frame_buffer
 .bss.receive_counter
                0x008007b7        0x1 NRF24.o
                0x008007b7                receive_counter
 .bss.rx_flag   0x008007b8        0x1 NRF24.o
                0x008007b8                rx_flag
 .bss.RX_BUF    0x008007b9        0x5 NRF24.o
                0x008007b9                RX_BUF
 *(COMMON)
 COMMON         0x008007be       0x22 BMP180.o
                0x008007be                D3
                0x008007c2                b2
                0x008007c4                mb
                0x008007c6                ac1
                0x008007c8                b1
                0x008007ca                ac6
                0x008007cc                ac5
                0x008007ce                ac2
                0x008007d0                md
                0x008007d2                ac4
                0x008007d4                mc
                0x008007d6                D2
                0x008007da                D1
                0x008007de                ac3
 COMMON         0x008007e0       0x36 main.o
                0x008007e0                TIME
                0x008007ea                weakday
                0x008007ee                month
                0x008007ef                retr_cnt
                0x008007f0                retr_cnt_full
                0x008007f2                hour
                0x008007f3                Mounth
                0x008007f9                clock_change_mode
                0x008007fa                seconds
                0x008007fe                min
                0x008007ff                Year
                0x00800803                mounthday
                0x00800807                year
                0x00800808                sec
                0x00800809                day
                0x0080080a                alarmhour
                0x0080080b                date
                0x0080080c                dt
                0x0080080d                minutes
                0x00800811                hours
                0x00800815                alarmmin
                0x00800816                PROVIDE (__bss_end, .)
                0x00005d68                __data_load_start = LOADADDR (.data)
                0x00005f5c                __data_load_end = (__data_load_start + SIZEOF (.data))

.noinit         0x00800816        0x0
                [!provide]                PROVIDE (__noinit_start, .)
 *(.noinit*)
                [!provide]                PROVIDE (__noinit_end, .)
                0x00800816                _end = .
                [!provide]                PROVIDE (__heap_start, .)

.eeprom         0x00810000        0x0
 *(.eeprom*)
                0x00810000                __eeprom_end = .

.fuse
 *(.fuse)
 *(.lfuse)
 *(.hfuse)
 *(.efuse)

.lock
 *(.lock*)

.signature
 *(.signature*)

.user_signatures
 *(.user_signatures*)

.stab
 *(.stab)

.stabstr
 *(.stabstr)

.stab.excl
 *(.stab.excl)

.stab.exclstr
 *(.stab.exclstr)

.stab.index
 *(.stab.index)

.stab.indexstr
 *(.stab.indexstr)

.comment        0x00000000       0x5c
 *(.comment)
 .comment       0x00000000       0x30 BMP180.o
                                 0x31 (size before relaxing)
 .comment       0x00000030       0x31 DHT22.o
 .comment       0x00000030       0x31 LCD_12864.o
 .comment       0x00000030       0x31 main.o
 .comment       0x00000030       0x31 NRF24.o
 .comment       0x00000030       0x31 RTC_DS3231.o
 .comment       0x00000030       0x31 TWI.o
 .comment       0x00000030       0x31 usart.o
 .comment       0x00000030       0x31 WeatherStation.o
 .comment       0x00000030       0x2c d:/atmelstudio/7.0/toolchain/avr8/avr8-gnu-toolchain/bin/../lib/gcc/avr/5.4.0/../../../../avr/lib/avr5\libprintf_flt.a(vfprintf_flt.o)
                                 0x2d (size before relaxing)
 .comment       0x0000005c       0x31 d:/atmelstudio/7.0/toolchain/avr8/avr8-gnu-toolchain/bin/../lib/gcc/avr/5.4.0/../../../../avr/lib/avr5\libc.a(fputc.o)
 .comment       0x0000005c       0x31 d:/atmelstudio/7.0/toolchain/avr8/avr8-gnu-toolchain/bin/../lib/gcc/avr/5.4.0/../../../../avr/lib/avr5\libc.a(sprintf.o)
 .comment       0x0000005c       0x31 d:/atmelstudio/7.0/toolchain/avr8/avr8-gnu-toolchain/bin/../lib/gcc/avr/5.4.0/../../../../avr/lib/avr5\libc.a(sscanf.o)
 .comment       0x0000005c       0x2d d:/atmelstudio/7.0/toolchain/avr8/avr8-gnu-toolchain/bin/../lib/gcc/avr/5.4.0/../../../../avr/lib/avr5\libc.a(vfscanf_std.o)
 .comment       0x0000005c       0x31 d:/atmelstudio/7.0/toolchain/avr8/avr8-gnu-toolchain/bin/../lib/gcc/avr/5.4.0/../../../../avr/lib/avr5\libc.a(fgetc.o)
 .comment       0x0000005c       0x31 d:/atmelstudio/7.0/toolchain/avr8/avr8-gnu-toolchain/bin/../lib/gcc/avr/5.4.0/../../../../avr/lib/avr5\libc.a(ungetc.o)

.note.gnu.avr.deviceinfo
                0x00000000       0x40
 .note.gnu.avr.deviceinfo
                0x00000000       0x40 D:/AtmelStudio/7.0/Packs/atmel/ATmega_DFP/1.6.364/gcc/dev/atmega328p/avr5/crtatmega328p.o

.note.gnu.build-id
 *(.note.gnu.build-id)

.debug
 *(.debug)

.line
 *(.line)

.debug_srcinfo
 *(.debug_srcinfo)

.debug_sfnames
 *(.debug_sfnames)

.debug_aranges  0x00000000      0x3d0
 *(.debug_aranges)
 .debug_aranges
                0x00000000       0x48 BMP180.o
 .debug_aranges
                0x00000048       0x28 DHT22.o
 .debug_aranges
                0x00000070      0x100 LCD_12864.o
 .debug_aranges
                0x00000170       0x60 main.o
 .debug_aranges
                0x000001d0       0x90 NRF24.o
 .debug_aranges
                0x00000260       0x50 RTC_DS3231.o
 .debug_aranges
                0x000002b0       0x50 TWI.o
 .debug_aranges
                0x00000300       0x28 usart.o
 .debug_aranges
                0x00000328       0xa8 WeatherStation.o

.debug_pubnames
 *(.debug_pubnames)

.debug_info     0x00000000     0x95c0
 *(.debug_info .gnu.linkonce.wi.*)
 .debug_info    0x00000000      0x5f4 D:/AtmelStudio/7.0/Packs/atmel/ATmega_DFP/1.6.364/gcc/dev/atmega328p/avr5/crtatmega328p.o
 .debug_info    0x000005f4      0x72d BMP180.o
 .debug_info    0x00000d21      0x304 DHT22.o
 .debug_info    0x00001025     0x17f0 LCD_12864.o
 .debug_info    0x00002815      0x924 main.o
 .debug_info    0x00003139      0xd3e NRF24.o
 .debug_info    0x00003e77      0x73b RTC_DS3231.o
 .debug_info    0x000045b2      0x198 TWI.o
 .debug_info    0x0000474a       0xec usart.o
 .debug_info    0x00004836     0x4d8a WeatherStation.o

.debug_abbrev   0x00000000     0x14c4
 *(.debug_abbrev)
 .debug_abbrev  0x00000000      0x5a2 D:/AtmelStudio/7.0/Packs/atmel/ATmega_DFP/1.6.364/gcc/dev/atmega328p/avr5/crtatmega328p.o
 .debug_abbrev  0x000005a2      0x1e3 BMP180.o
 .debug_abbrev  0x00000785      0x111 DHT22.o
 .debug_abbrev  0x00000896      0x2e4 LCD_12864.o
 .debug_abbrev  0x00000b7a      0x18d main.o
 .debug_abbrev  0x00000d07      0x2bd NRF24.o
 .debug_abbrev  0x00000fc4      0x101 RTC_DS3231.o
 .debug_abbrev  0x000010c5       0xe1 TWI.o
 .debug_abbrev  0x000011a6       0x92 usart.o
 .debug_abbrev  0x00001238      0x28c WeatherStation.o

.debug_line     0x00000000     0x3c4c
 *(.debug_line .debug_line.* .debug_line_end)
 .debug_line    0x00000000      0x134 D:/AtmelStudio/7.0/Packs/atmel/ATmega_DFP/1.6.364/gcc/dev/atmega328p/avr5/crtatmega328p.o
 .debug_line    0x00000134      0x308 BMP180.o
 .debug_line    0x0000043c      0x1ee DHT22.o
 .debug_line    0x0000062a      0xe49 LCD_12864.o
 .debug_line    0x00001473      0x645 main.o
 .debug_line    0x00001ab8      0x628 NRF24.o
 .debug_line    0x000020e0      0x2c6 RTC_DS3231.o
 .debug_line    0x000023a6      0x179 TWI.o
 .debug_line    0x0000251f       0xf1 usart.o
 .debug_line    0x00002610     0x163c WeatherStation.o

.debug_frame    0x00000000      0xda8
 *(.debug_frame)
 .debug_frame   0x00000000       0xe0 BMP180.o
 .debug_frame   0x000000e0       0x34 DHT22.o
 .debug_frame   0x00000114      0x478 LCD_12864.o
 .debug_frame   0x0000058c      0x148 main.o
 .debug_frame   0x000006d4      0x238 NRF24.o
 .debug_frame   0x0000090c       0xa8 RTC_DS3231.o
 .debug_frame   0x000009b4       0x90 TWI.o
 .debug_frame   0x00000a44       0x34 usart.o
 .debug_frame   0x00000a78      0x330 WeatherStation.o

.debug_str      0x00000000      0xd9e
 *(.debug_str)
 .debug_str     0x00000000      0x208 D:/AtmelStudio/7.0/Packs/atmel/ATmega_DFP/1.6.364/gcc/dev/atmega328p/avr5/crtatmega328p.o
 .debug_str     0x00000208      0x28a BMP180.o
                                0x2e1 (size before relaxing)
 .debug_str     0x00000492       0x35 DHT22.o
                                0x20a (size before relaxing)
 .debug_str     0x000004c7      0x370 LCD_12864.o
                                0x595 (size before relaxing)
 .debug_str     0x00000837      0x27a main.o
                                0x4d3 (size before relaxing)
 .debug_str     0x00000ab1      0x15d NRF24.o
                                0x403 (size before relaxing)
 .debug_str     0x00000c0e       0x7c RTC_DS3231.o
                                0x283 (size before relaxing)
 .debug_str     0x00000c8a       0x1e TWI.o
                                0x201 (size before relaxing)
 .debug_str     0x00000ca8        0xd usart.o
                                0x1b7 (size before relaxing)
 .debug_str     0x00000cb5       0xe9 WeatherStation.o
                                0x5f4 (size before relaxing)

.debug_loc      0x00000000     0x43cc
 *(.debug_loc)
 .debug_loc     0x00000000      0x817 BMP180.o
 .debug_loc     0x00000817      0x262 DHT22.o
 .debug_loc     0x00000a79     0x1d7c LCD_12864.o
 .debug_loc     0x000027f5      0x210 main.o
 .debug_loc     0x00002a05      0xb09 NRF24.o
 .debug_loc     0x0000350e      0x24a RTC_DS3231.o
 .debug_loc     0x00003758       0xb4 TWI.o
 .debug_loc     0x0000380c       0x78 usart.o
 .debug_loc     0x00003884      0xb48 WeatherStation.o

.debug_macinfo
 *(.debug_macinfo)

.debug_weaknames
 *(.debug_weaknames)

.debug_funcnames
 *(.debug_funcnames)

.debug_typenames
 *(.debug_typenames)

.debug_varnames
 *(.debug_varnames)

.debug_pubtypes
 *(.debug_pubtypes)

.debug_ranges   0x00000000      0x358
 *(.debug_ranges)
 .debug_ranges  0x00000000       0x38 BMP180.o
 .debug_ranges  0x00000038       0x18 DHT22.o
 .debug_ranges  0x00000050      0x108 LCD_12864.o
 .debug_ranges  0x00000158       0x50 main.o
 .debug_ranges  0x000001a8       0x80 NRF24.o
 .debug_ranges  0x00000228       0x40 RTC_DS3231.o
 .debug_ranges  0x00000268       0x40 TWI.o
 .debug_ranges  0x000002a8       0x18 usart.o
 .debug_ranges  0x000002c0       0x98 WeatherStation.o

.debug_macro
 *(.debug_macro)
OUTPUT(NRF24_RX.elf elf32-avr)
LOAD linker stubs
