Archive member included to satisfy reference by file (symbol)

d:/atmelstudio/7.0/toolchain/avr8/avr8-gnu-toolchain/bin/../lib/gcc/avr/5.4.0/../../../../avr/lib/avr5\libm.a(addsf3.o)
                              BMP180.o (__subsf3)
d:/atmelstudio/7.0/toolchain/avr8/avr8-gnu-toolchain/bin/../lib/gcc/avr/5.4.0/../../../../avr/lib/avr5\libm.a(addsf3x.o)
                              d:/atmelstudio/7.0/toolchain/avr8/avr8-gnu-toolchain/bin/../lib/gcc/avr/5.4.0/../../../../avr/lib/avr5\libm.a(addsf3.o) (__addsf3x)
d:/atmelstudio/7.0/toolchain/avr8/avr8-gnu-toolchain/bin/../lib/gcc/avr/5.4.0/../../../../avr/lib/avr5\libm.a(cmpsf2.o)
                              WeatherStation.o (__eqsf2)
d:/atmelstudio/7.0/toolchain/avr8/avr8-gnu-toolchain/bin/../lib/gcc/avr/5.4.0/../../../../avr/lib/avr5\libm.a(divsf3.o)
                              BMP180.o (__divsf3)
d:/atmelstudio/7.0/toolchain/avr8/avr8-gnu-toolchain/bin/../lib/gcc/avr/5.4.0/../../../../avr/lib/avr5\libm.a(divsf3x.o)
                              d:/atmelstudio/7.0/toolchain/avr8/avr8-gnu-toolchain/bin/../lib/gcc/avr/5.4.0/../../../../avr/lib/avr5\libm.a(divsf3.o) (__divsf3x)
d:/atmelstudio/7.0/toolchain/avr8/avr8-gnu-toolchain/bin/../lib/gcc/avr/5.4.0/../../../../avr/lib/avr5\libm.a(fixsfsi.o)
                              BMP180.o (__fixsfsi)
d:/atmelstudio/7.0/toolchain/avr8/avr8-gnu-toolchain/bin/../lib/gcc/avr/5.4.0/../../../../avr/lib/avr5\libm.a(fixunssfsi.o)
                              d:/atmelstudio/7.0/toolchain/avr8/avr8-gnu-toolchain/bin/../lib/gcc/avr/5.4.0/../../../../avr/lib/avr5\libm.a(fixsfsi.o) (__fixunssfsi)
d:/atmelstudio/7.0/toolchain/avr8/avr8-gnu-toolchain/bin/../lib/gcc/avr/5.4.0/../../../../avr/lib/avr5\libm.a(floatsisf.o)
                              BMP180.o (__floatsisf)
d:/atmelstudio/7.0/toolchain/avr8/avr8-gnu-toolchain/bin/../lib/gcc/avr/5.4.0/../../../../avr/lib/avr5\libm.a(fp_cmp.o)
                              d:/atmelstudio/7.0/toolchain/avr8/avr8-gnu-toolchain/bin/../lib/gcc/avr/5.4.0/../../../../avr/lib/avr5\libm.a(cmpsf2.o) (__fp_cmp)
d:/atmelstudio/7.0/toolchain/avr8/avr8-gnu-toolchain/bin/../lib/gcc/avr/5.4.0/../../../../avr/lib/avr5\libm.a(fp_inf.o)
                              d:/atmelstudio/7.0/toolchain/avr8/avr8-gnu-toolchain/bin/../lib/gcc/avr/5.4.0/../../../../avr/lib/avr5\libm.a(addsf3x.o) (__fp_inf)
d:/atmelstudio/7.0/toolchain/avr8/avr8-gnu-toolchain/bin/../lib/gcc/avr/5.4.0/../../../../avr/lib/avr5\libm.a(fp_nan.o)
                              d:/atmelstudio/7.0/toolchain/avr8/avr8-gnu-toolchain/bin/../lib/gcc/avr/5.4.0/../../../../avr/lib/avr5\libm.a(addsf3x.o) (__fp_nan)
d:/atmelstudio/7.0/toolchain/avr8/avr8-gnu-toolchain/bin/../lib/gcc/avr/5.4.0/../../../../avr/lib/avr5\libm.a(fp_pscA.o)
                              d:/atmelstudio/7.0/toolchain/avr8/avr8-gnu-toolchain/bin/../lib/gcc/avr/5.4.0/../../../../avr/lib/avr5\libm.a(addsf3x.o) (__fp_pscA)
d:/atmelstudio/7.0/toolchain/avr8/avr8-gnu-toolchain/bin/../lib/gcc/avr/5.4.0/../../../../avr/lib/avr5\libm.a(fp_pscB.o)
                              d:/atmelstudio/7.0/toolchain/avr8/avr8-gnu-toolchain/bin/../lib/gcc/avr/5.4.0/../../../../avr/lib/avr5\libm.a(addsf3x.o) (__fp_pscB)
d:/atmelstudio/7.0/toolchain/avr8/avr8-gnu-toolchain/bin/../lib/gcc/avr/5.4.0/../../../../avr/lib/avr5\libm.a(fp_round.o)
                              d:/atmelstudio/7.0/toolchain/avr8/avr8-gnu-toolchain/bin/../lib/gcc/avr/5.4.0/../../../../avr/lib/avr5\libm.a(addsf3.o) (__fp_round)
d:/atmelstudio/7.0/toolchain/avr8/avr8-gnu-toolchain/bin/../lib/gcc/avr/5.4.0/../../../../avr/lib/avr5\libm.a(fp_split3.o)
                              d:/atmelstudio/7.0/toolchain/avr8/avr8-gnu-toolchain/bin/../lib/gcc/avr/5.4.0/../../../../avr/lib/avr5\libm.a(addsf3x.o) (__fp_split3)
d:/atmelstudio/7.0/toolchain/avr8/avr8-gnu-toolchain/bin/../lib/gcc/avr/5.4.0/../../../../avr/lib/avr5\libm.a(fp_zero.o)
                              d:/atmelstudio/7.0/toolchain/avr8/avr8-gnu-toolchain/bin/../lib/gcc/avr/5.4.0/../../../../avr/lib/avr5\libm.a(addsf3x.o) (__fp_zero)
d:/atmelstudio/7.0/toolchain/avr8/avr8-gnu-toolchain/bin/../lib/gcc/avr/5.4.0/../../../../avr/lib/avr5\libm.a(gesf2.o)
                              WeatherStation.o (__gesf2)
d:/atmelstudio/7.0/toolchain/avr8/avr8-gnu-toolchain/bin/../lib/gcc/avr/5.4.0/../../../../avr/lib/avr5\libm.a(mulsf3.o)
                              BMP180.o (__mulsf3)
d:/atmelstudio/7.0/toolchain/avr8/avr8-gnu-toolchain/bin/../lib/gcc/avr/5.4.0/../../../../avr/lib/avr5\libm.a(mulsf3x.o)
                              d:/atmelstudio/7.0/toolchain/avr8/avr8-gnu-toolchain/bin/../lib/gcc/avr/5.4.0/../../../../avr/lib/avr5\libm.a(mulsf3.o) (__mulsf3x)
d:/atmelstudio/7.0/toolchain/avr8/avr8-gnu-toolchain/bin/../lib/gcc/avr/5.4.0/../../../../avr/lib/avr5\libm.a(pow.o)
                              BMP180.o (pow)
d:/atmelstudio/7.0/toolchain/avr8/avr8-gnu-toolchain/bin/../lib/gcc/avr/5.4.0/../../../../avr/lib/avr5\libm.a(exp.o)
[...]
Memory Configuration

Name             Origin             Length             Attributes
text             0x00000000         0x00008000         xr
data             0x00800100         0x00000800         rw !x
eeprom           0x00810000         0x00000400         rw !x
fuse             0x00820000         0x00000003         rw !x
lock             0x00830000         0x00000400         rw !x
signature        0x00840000         0x00000400         rw !x
user_signatures  0x00850000         0x00000400         rw !x
*default*        0x00000000         0xffffffff

Linker script and memory map

Address of section .data set to 0x800100
LOAD D:/AtmelStudio/7.0/Packs/atmel/ATmega_DFP/1.6.364/gcc/dev/atmega328p/avr5/crtatmega328p.o
LOAD BMP180.o
LOAD DHT22.o
LOAD LCD_12864.o
LOAD main.o
LOAD mmc.o
LOAD NRF24.o
LOAD pff.o
LOAD RTC_DS3231.o
LOAD SD.o
LOAD TWI.o
LOAD usart.o
LOAD WeatherStation.o
START GROUP
LOAD d:/atmelstudio/7.0/toolchain/avr8/avr8-gnu-toolchain/bin/../lib/gcc/avr/5.4.0/../../../../avr/lib/avr5\libm.a
END GROUP
LOAD d:/atmelstudio/7.0/toolchain/avr8/avr8-gnu-toolchain/bin/../lib/gcc/avr/5.4.0/../../../../avr/lib/avr5\libprintf_flt.a
LOAD d:/atmelstudio/7.0/toolchain/avr8/avr8-gnu-toolchain/bin/../lib/gcc/avr/5.4.0/../../../../avr/lib/avr5\libm.a
START GROUP
LOAD d:/atmelstudio/7.0/toolchain/avr8/avr8-gnu-toolchain/bin/../lib/gcc/avr/5.4.0/avr5\libgcc.a
LOAD d:/atmelstudio/7.0/toolchain/avr8/avr8-gnu-toolchain/bin/../lib/gcc/avr/5.4.0/../../../../avr/lib/avr5\libm.a
LOAD d:/atmelstudio/7.0/toolchain/avr8/avr8-gnu-toolchain/bin/../lib/gcc/avr/5.4.0/../../../../avr/lib/avr5\libc.a
LOAD D:/AtmelStudio/7.0/Packs/atmel/ATmega_DFP/1.6.364/gcc/dev/atmega328p/avr5\libatmega328p.a
END GROUP
                0x00000000                __TEXT_REGION_ORIGIN__ = DEFINED (__TEXT_REGION_ORIGIN__)?__TEXT_REGION_ORIGIN__:0x0
                [0x00800100]                __DATA_REGION_ORIGIN__ = DEFINED (__DATA_REGION_ORIGIN__)?__DATA_REGION_ORIGIN__:0x800060
                [0x00008000]                __TEXT_REGION_LENGTH__ = DEFINED (__TEXT_REGION_LENGTH__)?__TEXT_REGION_LENGTH__:0x20000
                [0x00000800]                __DATA_REGION_LENGTH__ = DEFINED (__DATA_REGION_LENGTH__)?__DATA_REGION_LENGTH__:0xffa0
                [0x00000400]                __EEPROM_REGION_LENGTH__ = DEFINED (__EEPROM_REGION_LENGTH__)?__EEPROM_REGION_LENGTH__:0x10000
                [0x00000003]                __FUSE_REGION_LENGTH__ = DEFINED (__FUSE_REGION_LENGTH__)?__FUSE_REGION_LENGTH__:0x400
                0x00000400                __LOCK_REGION_LENGTH__ = DEFINED (__LOCK_REGION_LENGTH__)?__LOCK_REGION_LENGTH__:0x400
                0x00000400                __SIGNATURE_REGION_LENGTH__ = DEFINED (__SIGNATURE_REGION_LENGTH__)?__SIGNATURE_REGION_LENGTH__:0x400
                0x00000400                __USER_SIGNATURE_REGION_LENGTH__ = DEFINED (__USER_SIGNATURE_REGION_LENGTH__)?__USER_SIGNATURE_REGION_LENGTH__:0x400

.hash
 *(.hash)

.dynsym
 *(.dynsym)

.dynstr
 *(.dynstr)

.gnu.version
 *(.gnu.version)

.gnu.version_d
 *(.gnu.version_d)

.gnu.version_r
 *(.gnu.version_r)

.rel.init
 *(.rel.init)

.rela.init
 *(.rela.init)

.rel.text
 *(.rel.text)
 *(.rel.text.*)
 *(.rel.gnu.linkonce.t*)

.rela.text
 *(.rela.text)
 *(.rela.text.*)
 *(.rela.gnu.linkonce.t*)

.rel.fini
 *(.rel.fini)

.rela.fini
 *(.rela.fini)

.rel.rodata
 *(.rel.rodata)
 *(.rel.rodata.*)
 *(.rel.gnu.linkonce.r*)

.rela.rodata
 *(.rela.rodata)
 *(.rela.rodata.*)
 *(.rela.gnu.linkonce.r*)

.rel.data
 *(.rel.data)
 *(.rel.data.*)
 *(.rel.gnu.linkonce.d*)

.rela.data
 *(.rela.data)
 *(.rela.data.*)
 *(.rela.gnu.linkonce.d*)

.rel.ctors
 *(.rel.ctors)

.rela.ctors
 *(.rela.ctors)

.rel.dtors
 *(.rel.dtors)

.rela.dtors
 *(.rela.dtors)

.rel.got
 *(.rel.got)

.rela.got
 *(.rela.got)

.rel.bss
 *(.rel.bss)

.rela.bss
 *(.rela.bss)

.rel.plt
 *(.rel.plt)

.rela.plt
 *(.rela.plt)

.text           0x00000000     0x65c8
 *(.vectors)
 .vectors       0x00000000       0x68 D:/AtmelStudio/7.0/Packs/atmel/ATmega_DFP/1.6.364/gcc/dev/atmega328p/avr5/crtatmega328p.o
                0x00000000                __vector_default
                0x00000000                __vectors
 *(.vectors)
 *(.progmem.gcc*)
 .progmem.gcc_sw_table.main
                0x00000068        0xe main.o
 .progmem.gcc_sw_table.Convert_to_string_Clock
                0x00000076       0x26 WeatherStation.o
 .progmem.gcc_sw_table.Print_Page_Clock_Settings
                0x0000009c        0xe WeatherStation.o
                0x000000aa                . = ALIGN (0x2)
                0x000000aa                __trampolines_start = .
 *(.trampolines)
 .trampolines   0x000000aa        0x0 linker stubs
 *(.trampolines*)
                0x000000aa                __trampolines_end = .
 *libprintf_flt.a:*(.progmem.data)
 .progmem.data  0x000000aa        0x8 d:/atmelstudio/7.0/toolchain/avr8/avr8-gnu-toolchain/bin/../lib/gcc/avr/5.4.0/../../../../avr/lib/avr5\libprintf_flt.a(vfprintf_flt.o)
 *libc.a:*(.progmem.data)
 .progmem.data  0x000000b2       0xfa d:/atmelstudio/7.0/toolchain/avr8/avr8-gnu-toolchain/bin/../lib/gcc/avr/5.4.0/../../../../avr/lib/avr5\libc.a(ftoa_engine.o)
 .progmem.data  0x000001ac        0xc d:/atmelstudio/7.0/toolchain/avr8/avr8-gnu-toolchain/bin/../lib/gcc/avr/5.4.0/../../../../avr/lib/avr5\libc.a(vfscanf_std.o)
 *(.progmem*)
 .progmem.data.Font11_16
                0x000001b8       0xf2 LCD_12864.o
                0x000001b8                Font11_16
 .progmem.data.Font7_11
                0x000002aa       0x9a LCD_12864.o
                0x000002aa                Font7_11
 .progmem.data.Font4_6
                0x00000344       0x2c LCD_12864.o
                0x00000344                Font4_6
 .progmem.data.Font5_7
                0x00000370      0x3cc LCD_12864.o
                0x00000370                Font5_7
                0x0000073c                . = ALIGN (0x2)
 *(.jumptables)
 *(.jumptables*)
 *(.lowtext)
 *(.lowtext*)
                0x0000073c                __ctors_start = .
 *(.ctors)
                0x0000073c                __ctors_end = .
                0x0000073c                __dtors_start = .
 *(.dtors)
                0x0000073c                __dtors_end = .
 SORT(*)(.ctors)
 SORT(*)(.dtors)
 *(.init0)
 .init0         0x0000073c        0x0 D:/AtmelStudio/7.0/Packs/atmel/ATmega_DFP/1.6.364/gcc/dev/atmega328p/avr5/crtatmega328p.o
                0x0000073c                __init
 *(.init0)
 *(.init1)
 *(.init1)
 *(.init2)
 .init2         0x0000073c        0xc D:/AtmelStudio/7.0/Packs/atmel/ATmega_DFP/1.6.364/gcc/dev/atmega328p/avr5/crtatmega328p.o
 *(.init2)
 *(.init3)
 *(.init3)
 *(.init4)
 .init4         0x00000748       0x16 d:/atmelstudio/7.0/toolchain/avr8/avr8-gnu-toolchain/bin/../lib/gcc/avr/5.4.0/avr5\libgcc.a(_copy_data.o)
                0x00000748                __do_copy_data
 .init4         0x0000075e       0x10 d:/atmelstudio/7.0/toolchain/avr8/avr8-gnu-toolchain/bin/../lib/gcc/avr/5.4.0/avr5\libgcc.a(_clear_bss.o)
                0x0000075e                __do_clear_bss
 *(.init4)
 *(.init5)
 *(.init5)
 *(.init6)
 *(.init6)
 *(.init7)
 *(.init7)
 *(.init8)
 *(.init8)
 *(.init9)
 .init9         0x0000076e        0x8 D:/AtmelStudio/7.0/Packs/atmel/ATmega_DFP/1.6.364/gcc/dev/atmega328p/avr5/crtatmega328p.o
 *(.init9)
 *(.text)
 .text          0x00000776        0x4 D:/AtmelStudio/7.0/Packs/atmel/ATmega_DFP/1.6.364/gcc/dev/atmega328p/avr5/crtatmega328p.o
                0x00000776                __vector_22
                0x00000776                __vector_24
                0x00000776                __vector_12
                0x00000776                __bad_interrupt
                0x00000776                __vector_6
                0x00000776                __vector_3
                0x00000776                __vector_23
                0x00000776                __vector_25
                0x00000776                __vector_13
                0x00000776                __vector_17
                0x00000776                __vector_19
                0x00000776                __vector_7
                0x00000776                __vector_5
                0x00000776                __vector_4
                0x00000776                __vector_9
                0x00000776                __vector_21
                0x00000776                __vector_15
                0x00000776                __vector_8
                0x00000776                __vector_10
                0x00000776                __vector_16
                0x00000776                __vector_18
                0x00000776                __vector_20
                0x0000077a                . = ALIGN (0x2)
 *(.text.*)
 .text.Read     0x0000077a       0x4e BMP180.o
                0x0000077a                Read
 .text.BMP180_Calibration
                0x000007c8       0x9c BMP180.o
                0x000007c8                BMP180_Calibration
 .text.BMP180_get_temper
                0x00000864       0x34 BMP180.o
                0x00000864                BMP180_get_temper
 .text.BMP180_get_pressure
                0x00000898       0xfa BMP180.o
                0x00000898                BMP180_get_pressure
 .text.BMP180_calculation
                0x00000992      0x316 BMP180.o
                0x00000992                BMP180_calculation
 .text.dht22_init
                0x00000ca8       0x22 DHT22.o
                0x00000ca8                dht22_init
 .text.dht22_GetData
                0x00000cca       0xc2 DHT22.o
                0x00000cca                dht22_GetData
 .text.LCD_12864_Draw_pixel
                0x00000d8c       0x42 LCD_12864.o
                0x00000d8c                LCD_12864_Draw_pixel
 .text.LCD_12864_Clean_pixel
                0x00000dce       0x42 LCD_12864.o
                0x00000dce                LCD_12864_Clean_pixel
 .text.strob    0x00000e10       0x26 LCD_12864.o
                0x00000e10                strob
 .text.LCD_12864_send_data
                0x00000e36       0xae LCD_12864.o
                0x00000e36                LCD_12864_send_data
 .text.LCD_12864_send_command
                0x00000ee4       0xae LCD_12864.o
                0x00000ee4                LCD_12864_send_command
 .text.LCD_12864_GrapnicMode
                0x00000f92       0x3e LCD_12864.o
                0x00000f92                LCD_12864_GrapnicMode
 .text.LCD_12864_Draw_bitmap
                0x00000fd0      0x29c LCD_12864.o
                0x00000fd0                LCD_12864_Draw_bitmap
 .text.clear_LCD_12864
                0x0000126c       0x14 LCD_12864.o
                0x0000126c                clear_LCD_12864
 .text.LCD_12864_ini
                0x00001280       0x3c LCD_12864.o
                0x00001280                LCD_12864_ini
 .text.LCD_12864_print_symbol
                0x000012bc       0x62 LCD_12864.o
                0x000012bc                LCD_12864_print_symbol
 .text.LCD_12864_print_symbol_4_6
                0x0000131e       0x5a LCD_12864.o
                0x0000131e                LCD_12864_print_symbol_4_6
 .text.LCD_12864_print_symbol_11_16
                0x00001378       0xbe LCD_12864.o
                0x00001378                LCD_12864_print_symbol_11_16
 .text.LCD_12864_print_symbol_7_11
                0x00001436       0xee LCD_12864.o
                0x00001436                LCD_12864_print_symbol_7_11
 .text.LCD_12864_Print_7_11
                0x00001524       0x9e LCD_12864.o
                0x00001524                LCD_12864_Print_7_11
 .text.LCD_12864_Print_4_6
                0x000015c2       0x9e LCD_12864.o
                0x000015c2                LCD_12864_Print_4_6
 .text.LCD_12864_Print_11_16
                0x00001660       0x76 LCD_12864.o
                0x00001660                LCD_12864_Print_11_16
 .text.LCD_12864_Decode_UTF8
                0x000016d6      0x144 LCD_12864.o
                0x000016d6                LCD_12864_Decode_UTF8
 .text.LCD_12864_Clean_Frame_buffer
                0x0000181a       0x16 LCD_12864.o
                0x0000181a                LCD_12864_Clean_Frame_buffer
 .text.LCD_12864_Draw_line
                0x00001830       0xc0 LCD_12864.o
                0x00001830                LCD_12864_Draw_line
 .text.LCD_12864_Draw_circle
                0x000018f0      0x118 LCD_12864.o
                0x000018f0                LCD_12864_Draw_circle
 .text.LCD_12864_Draw_circle_filled
                0x00001a08      0x108 LCD_12864.o
                0x00001a08                LCD_12864_Draw_circle_filled
 .text.timer1_ini
                0x00001b10       0x28 main.o
                0x00001b10                timer1_ini
 .text.timer0_ini
                0x00001b38       0x1c main.o
                0x00001b38                timer0_ini
 .text.__vector_11
                0x00001b54       0xdc main.o
                0x00001b54                __vector_11
 .text.__vector_14
                0x00001c30      0x17e main.o
                0x00001c30                __vector_14
 .text.enc_interrupt_ini
                0x00001dae        0xe main.o
                0x00001dae                enc_interrupt_ini
 .text.__vector_2
                0x00001dbc       0x1e main.o
                0x00001dbc                __vector_2
 .text.SPI_init
                0x00001dda       0x24 main.o
                0x00001dda                SPI_init
 .text.port_init
                0x00001dfe       0x4a main.o
                0x00001dfe                port_init
 .text.spi_send_recv
                0x00001e48        0xc main.o
                0x00001e48                spi_send_recv
 .text.main     0x00001e54      0x2d0 main.o
                0x00001e54                main
 .text.NRF24L01_Receive
                0x00002124      0x2d0 NRF24.o
                0x00002124                NRF24L01_Receive
 .text.NRF24_FlushRX
                0x000023f4       0x1e NRF24.o
                0x000023f4                NRF24_FlushRX
 .text.NRF24_FlushTX
                0x00002412       0x1e NRF24.o
                0x00002412                NRF24_FlushTX
 .text.NRF24_ToggleFeatures
                0x00002430       0x26 NRF24.o
                0x00002430                NRF24_ToggleFeatures
 .text.NRF24_Read_Buf
                0x00002456       0x52 NRF24.o
                0x00002456                NRF24_Read_Buf
 .text.NRF24_Write_Buf
                0x000024a8       0x5a NRF24.o
                0x000024a8                NRF24_Write_Buf
 .text.nRF_write_register
                0x00002502       0x24 NRF24.o
                0x00002502                nRF_write_register
 .text.nRF_read_register
                0x00002526       0x28 NRF24.o
                0x00002526                nRF_read_register
 .text.__vector_1
                0x0000254e       0xfe NRF24.o
                0x0000254e                __vector_1
 .text.NRF24L01_RX_Mode
                0x0000264c       0x2c NRF24.o
                0x0000264c                NRF24L01_RX_Mode
 .text.NRF24_ini
                0x00002678       0x98 NRF24.o
                0x00002678                NRF24_ini
 .text.RTC_ConvertFromBinDec
                0x00002710       0x26 RTC_DS3231.o
                0x00002710                RTC_ConvertFromBinDec
 .text.RTC_ConvertFromDec
                0x00002736       0x16 RTC_DS3231.o
                0x00002736                RTC_ConvertFromDec
 .text.RTC_init
                0x0000274c       0x22 RTC_DS3231.o
                0x0000274c                RTC_init
 .text.ModifyRTC
                0x0000276e      0x1a0 RTC_DS3231.o
                0x0000276e                ModifyRTC
 .text.I2C_Init
                0x0000290e        0x8 TWI.o
                0x0000290e                I2C_Init
 .text.I2C_StartCondition
                0x00002916       0x10 TWI.o
                0x00002916                I2C_StartCondition
 .text.I2C_StopCondition
                0x00002926        0x8 TWI.o
                0x00002926                I2C_StopCondition
 .text.I2C_SendByte
                0x0000292e       0x14 TWI.o
                0x0000292e                I2C_SendByte
 .text.I2C_ReadByte
                0x00002942       0x14 TWI.o
                0x00002942                I2C_ReadByte
 .text.I2C_ReadLastByte
                0x00002956       0x14 TWI.o
                0x00002956                I2C_ReadLastByte
 .text.USART_Init
                0x0000296a       0x2c usart.o
                0x0000296a                USART_Init
 .text.USART_Transmit
                0x00002996       0x36 usart.o
                0x00002996                USART_Transmit
 .text.Print_Menu_Page
                0x000029cc      0x160 WeatherStation.o
                0x000029cc                Print_Menu_Page
 .text.Print_Page_About
                0x00002b2c       0xa2 WeatherStation.o
                0x00002b2c                Print_Page_About
 .text.Print_Page_Dop_Info
                0x00002bce       0x72 WeatherStation.o
                0x00002bce                Print_Page_Dop_Info
 .text.DrawSun  0x00002c40       0x72 WeatherStation.o
                0x00002c40                DrawSun
 .text.DrawSunWithClouds
                0x00002cb2      0x324 WeatherStation.o
                0x00002cb2                DrawSunWithClouds
 .text.DrawClouds
                0x00002fd6      0x21a WeatherStation.o
                0x00002fd6                DrawClouds
 .text.DrawCloudsWithRain
                0x000031f0      0x292 WeatherStation.o
                0x000031f0                DrawCloudsWithRain
 .text.DrawWeatherVane
                0x00003482      0x6f2 WeatherStation.o
                0x00003482                DrawWeatherVane
 .text.Convert_to_string_Clock
                0x00003b74      0x346 WeatherStation.o
                0x00003b74                Convert_to_string_Clock
 .text.Print_Page_Clock_Settings
                0x00003eba      0x444 WeatherStation.o
                0x00003eba                Print_Page_Clock_Settings
 .text.Clock    0x000042fe       0x7c WeatherStation.o
                0x000042fe                Clock
 .text.RAIN_AMOUNT
                0x0000437a       0x7a WeatherStation.o
                0x0000437a                RAIN_AMOUNT
 .text.V_BAT    0x000043f4       0x7c WeatherStation.o
                0x000043f4                V_BAT
 .text.DrawBattery
                0x00004470      0x270 WeatherStation.o
                0x00004470                DrawBattery
 .text.wind_speed
                0x000046e0       0x70 WeatherStation.o
                0x000046e0                wind_speed
 .text.Print_Home_Page
                0x00004750      0x7c2 WeatherStation.o
                0x00004750                Print_Home_Page
 .text.avr-libc.fplib
                0x00004f12        0xe d:/atmelstudio/7.0/toolchain/avr8/avr8-gnu-toolchain/bin/../lib/gcc/avr/5.4.0/../../../../avr/lib/avr5\libm.a(addsf3.o)
                0x00004f12                __subsf3
                0x00004f14                __addsf3
 .text.avr-libc.fplib
                0x00004f20       0xcc d:/atmelstudio/7.0/toolchain/avr8/avr8-gnu-toolchain/bin/../lib/gcc/avr/5.4.0/../../../../avr/lib/avr5\libm.a(addsf3x.o)
                0x00004f42                __addsf3x
 .text.avr-libc.fplib
                0x00004fec        0xa d:/atmelstudio/7.0/toolchain/avr8/avr8-gnu-toolchain/bin/../lib/gcc/avr/5.4.0/../../../../avr/lib/avr5\libm.a(cmpsf2.o)
                0x00004fec                __nesf2
                0x00004fec                __eqsf2
                0x00004fec                __cmpsf2
                0x00004fec                __ltsf2
                0x00004fec                __lesf2
 .text.avr-libc.fplib
                0x00004ff6        0x8 d:/atmelstudio/7.0/toolchain/avr8/avr8-gnu-toolchain/bin/../lib/gcc/avr/5.4.0/../../../../avr/lib/avr5\libm.a(divsf3.o)
                0x00004ff6                __divsf3
 .text.avr-libc.fplib
                0x00004ffe       0xdc d:/atmelstudio/7.0/toolchain/avr8/avr8-gnu-toolchain/bin/../lib/gcc/avr/5.4.0/../../../../avr/lib/avr5\libm.a(divsf3x.o)
                0x0000501e                __divsf3x
                0x00005024                __divsf3_pse
 .text.avr-libc.fplib
                0x000050da        0xe d:/atmelstudio/7.0/toolchain/avr8/avr8-gnu-toolchain/bin/../lib/gcc/avr/5.4.0/../../../../avr/lib/avr5\libm.a(fixsfsi.o)
                0x000050da                __fixsfsi
 .text.avr-libc.fplib
                0x000050e8       0x5e d:/atmelstudio/7.0/toolchain/avr8/avr8-gnu-toolchain/bin/../lib/gcc/avr/5.4.0/../../../../avr/lib/avr5\libm.a(fixunssfsi.o)
                0x000050e8                __fixunssfsi
 .text.avr-libc.fplib
                0x00005146       0x7a d:/atmelstudio/7.0/toolchain/avr8/avr8-gnu-toolchain/bin/../lib/gcc/avr/5.4.0/../../../../avr/lib/avr5\libm.a(floatsisf.o)
                0x00005146                __floatunsisf
                0x0000514a                __floatsisf
 .text.avr-libc.fplib
                0x000051c0       0x48 d:/atmelstudio/7.0/toolchain/avr8/avr8-gnu-toolchain/bin/../lib/gcc/avr/5.4.0/../../../../avr/lib/avr5\libm.a(fp_cmp.o)
                0x000051c0                __fp_cmp
 .text.avr-libc.fplib
                0x00005208        0xc d:/atmelstudio/7.0/toolchain/avr8/avr8-gnu-toolchain/bin/../lib/gcc/avr/5.4.0/../../../../avr/lib/avr5\libm.a(fp_inf.o)
                0x00005208                __fp_inf
 .text.avr-libc.fplib
                0x00005214        0x6 d:/atmelstudio/7.0/toolchain/avr8/avr8-gnu-toolchain/bin/../lib/gcc/avr/5.4.0/../../../../avr/lib/avr5\libm.a(fp_nan.o)
                0x00005214                __fp_nan
 .text.avr-libc.fplib
                0x0000521a        0xe d:/atmelstudio/7.0/toolchain/avr8/avr8-gnu-toolchain/bin/../lib/gcc/avr/5.4.0/../../../../avr/lib/avr5\libm.a(fp_pscA.o)
                0x0000521a                __fp_pscA
 .text.avr-libc.fplib
                0x00005228        0xe d:/atmelstudio/7.0/toolchain/avr8/avr8-gnu-toolchain/bin/../lib/gcc/avr/5.4.0/../../../../avr/lib/avr5\libm.a(fp_pscB.o)
                0x00005228                __fp_pscB
 .text.avr-libc.fplib
                0x00005236       0x22 d:/atmelstudio/7.0/toolchain/avr8/avr8-gnu-toolchain/bin/../lib/gcc/avr/5.4.0/../../../../avr/lib/avr5\libm.a(fp_round.o)
                0x00005236                __fp_round
 .text.avr-libc.fplib
                0x00005258       0x44 d:/atmelstudio/7.0/toolchain/avr8/avr8-gnu-toolchain/bin/../lib/gcc/avr/5.4.0/../../../../avr/lib/avr5\libm.a(fp_split3.o)
                0x00005258                __fp_split3
                0x00005268                __fp_splitA
 .text.avr-libc.fplib
                0x0000529c        0xe d:/atmelstudio/7.0/toolchain/avr8/avr8-gnu-toolchain/bin/../lib/gcc/avr/5.4.0/../../../../avr/lib/avr5\libm.a(fp_zero.o)
                0x0000529c                __fp_zero
                0x0000529e                __fp_szero
 .text.avr-libc.fplib
                0x000052aa        0xa d:/atmelstudio/7.0/toolchain/avr8/avr8-gnu-toolchain/bin/../lib/gcc/avr/5.4.0/../../../../avr/lib/avr5\libm.a(gesf2.o)
                0x000052aa                __gesf2
                0x000052aa                __gtsf2
 .text.avr-libc.fplib
                0x000052b4        0x8 d:/atmelstudio/7.0/toolchain/avr8/avr8-gnu-toolchain/bin/../lib/gcc/avr/5.4.0/../../../../avr/lib/avr5\libm.a(mulsf3.o)
                0x000052b4                __mulsf3
 .text.avr-libc.fplib
                0x000052bc       0xd2 d:/atmelstudio/7.0/toolchain/avr8/avr8-gnu-toolchain/bin/../lib/gcc/avr/5.4.0/../../../../avr/lib/avr5\libm.a(mulsf3x.o)
                0x000052da                __mulsf3x
                0x000052e0                __mulsf3_pse
 .text.avr-libc
                0x0000538e      0x6fa d:/atmelstudio/7.0/toolchain/avr8/avr8-gnu-toolchain/bin/../lib/gcc/avr/5.4.0/../../../../avr/lib/avr5\libprintf_flt.a(vfprintf_flt.o)
                0x0000538e                vfprintf
 .text.libgcc.mul
                0x00005a88       0x20 d:/atmelstudio/7.0/toolchain/avr8/avr8-gnu-toolchain/bin/../lib/gcc/avr/5.4.0/avr5\libgcc.a(_mulsi3.o)
                0x00005a88                __mulsi3
 .text.libgcc.div
                0x00005aa8       0x44 d:/atmelstudio/7.0/toolchain/avr8/avr8-gnu-toolchain/bin/../lib/gcc/avr/5.4.0/avr5\libgcc.a(_udivmodsi4.o)
                0x00005aa8                __udivmodsi4
 .text.libgcc.div
                0x00005aec       0x2e d:/atmelstudio/7.0/toolchain/avr8/avr8-gnu-toolchain/bin/../lib/gcc/avr/5.4.0/avr5\libgcc.a(_divmodsi4.o)
                0x00005aec                __divmodsi4
 .text.libgcc.div
                0x00005b1a       0x10 d:/atmelstudio/7.0/toolchain/avr8/avr8-gnu-toolchain/bin/../lib/gcc/avr/5.4.0/avr5\libgcc.a(_negsi2.o)
                0x00005b1a                __negsi2
 .text.libgcc   0x00005b2a        0xc d:/atmelstudio/7.0/toolchain/avr8/avr8-gnu-toolchain/bin/../lib/gcc/avr/5.4.0/avr5\libgcc.a(_tablejump2.o)
                0x00005b2a                __tablejump2__
 .text.libgcc.mul
                0x00005b36       0x16 d:/atmelstudio/7.0/toolchain/avr8/avr8-gnu-toolchain/bin/../lib/gcc/avr/5.4.0/avr5\libgcc.a(_muluhisi3.o)
                0x00005b36                __muluhisi3
 .text.libgcc.mul
                0x00005b4c       0x10 d:/atmelstudio/7.0/toolchain/avr8/avr8-gnu-toolchain/bin/../lib/gcc/avr/5.4.0/avr5\libgcc.a(_mulshisi3.o)
                0x00005b4c                __mulshisi3
                0x00005b52                __mulohisi3
 .text.libgcc.prologue
                0x00005b5c       0x38 d:/atmelstudio/7.0/toolchain/avr8/avr8-gnu-toolchain/bin/../lib/gcc/avr/5.4.0/avr5\libgcc.a(_prologue.o)
                0x00005b5c                __prologue_saves__
 .text.libgcc.prologue
                0x00005b94       0x36 d:/atmelstudio/7.0/toolchain/avr8/avr8-gnu-toolchain/bin/../lib/gcc/avr/5.4.0/avr5\libgcc.a(_epilogue.o)
                0x00005b94                __epilogue_restores__
 .text.libgcc.mul
                0x00005bca       0x1e d:/atmelstudio/7.0/toolchain/avr8/avr8-gnu-toolchain/bin/../lib/gcc/avr/5.4.0/avr5\libgcc.a(_umulhisi3.o)
                0x00005bca                __umulhisi3
 .text.avr-libc
                0x00005be8      0x1b0 d:/atmelstudio/7.0/toolchain/avr8/avr8-gnu-toolchain/bin/../lib/gcc/avr/5.4.0/../../../../avr/lib/avr5\libc.a(ftoa_engine.o)
                0x00005be8                __ftoa_engine
 .text.avr-libc
                0x00005d98       0x16 d:/atmelstudio/7.0/toolchain/avr8/avr8-gnu-toolchain/bin/../lib/gcc/avr/5.4.0/../../../../avr/lib/avr5\libc.a(strnlen_P.o)
                0x00005d98                strnlen_P
 .text.avr-libc
                0x00005dae        0xe d:/atmelstudio/7.0/toolchain/avr8/avr8-gnu-toolchain/bin/../lib/gcc/avr/5.4.0/../../../../avr/lib/avr5\libc.a(memset.o)
                0x00005dae                memset
 .text.avr-libc
                0x00005dbc       0x12 d:/atmelstudio/7.0/toolchain/avr8/avr8-gnu-toolchain/bin/../lib/gcc/avr/5.4.0/../../../../avr/lib/avr5\libc.a(strcmp.o)
                0x00005dbc                strcmp
 .text.avr-libc
                0x00005dce       0x16 d:/atmelstudio/7.0/toolchain/avr8/avr8-gnu-toolchain/bin/../lib/gcc/avr/5.4.0/../../../../avr/lib/avr5\libc.a(strnlen.o)
                0x00005dce                strnlen
 .text.avr-libc
                0x00005de4       0x78 d:/atmelstudio/7.0/toolchain/avr8/avr8-gnu-toolchain/bin/../lib/gcc/avr/5.4.0/../../../../avr/lib/avr5\libc.a(fputc.o)
                0x00005de4                fputc
 .text.avr-libc
                0x00005e5c       0x44 d:/atmelstudio/7.0/toolchain/avr8/avr8-gnu-toolchain/bin/../lib/gcc/avr/5.4.0/../../../../avr/lib/avr5\libc.a(sprintf.o)
                0x00005e5c                sprintf
 .text.avr-libc
                0x00005ea0       0x32 d:/atmelstudio/7.0/toolchain/avr8/avr8-gnu-toolchain/bin/../lib/gcc/avr/5.4.0/../../../../avr/lib/avr5\libc.a(sscanf.o)
                0x00005ea0                sscanf
 .text.avr-libc
                0x00005ed2       0xbc d:/atmelstudio/7.0/toolchain/avr8/avr8-gnu-toolchain/bin/../lib/gcc/avr/5.4.0/../../../../avr/lib/avr5\libc.a(ultoa_invert.o)
                0x00005ed2                __ultoa_invert
 .text.avr-libc
                0x00005f8e      0x55a d:/atmelstudio/7.0/toolchain/avr8/avr8-gnu-toolchain/bin/../lib/gcc/avr/5.4.0/../../../../avr/lib/avr5\libc.a(vfscanf_std.o)
                0x000062c6                vfscanf
 .text.avr-libc
                0x000064e8       0x12 d:/atmelstudio/7.0/toolchain/avr8/avr8-gnu-toolchain/bin/../lib/gcc/avr/5.4.0/../../../../avr/lib/avr5\libc.a(isspace.o)
                0x000064e8                isspace
 .text.avr-libc
                0x000064fa       0x16 d:/atmelstudio/7.0/toolchain/avr8/avr8-gnu-toolchain/bin/../lib/gcc/avr/5.4.0/../../../../avr/lib/avr5\libc.a(strchr_P.o)
                0x000064fa                strchr_P
 .text.avr-libc
                0x00006510       0x7c d:/atmelstudio/7.0/toolchain/avr8/avr8-gnu-toolchain/bin/../lib/gcc/avr/5.4.0/../../../../avr/lib/avr5\libc.a(fgetc.o)
                0x00006510                fgetc
 .text.avr-libc
                0x0000658c       0x32 d:/atmelstudio/7.0/toolchain/avr8/avr8-gnu-toolchain/bin/../lib/gcc/avr/5.4.0/../../../../avr/lib/avr5\libc.a(ungetc.o)
                0x0000658c                ungetc
 .text.avr-libc
                0x000065be        0x6 d:/atmelstudio/7.0/toolchain/avr8/avr8-gnu-toolchain/bin/../lib/gcc/avr/5.4.0/../../../../avr/lib/avr5\libc.a(cty_isfalse.o)
                0x000065be                __ctype_isfalse
                0x000065c2                __ctype_istrue
                0x000065c4                . = ALIGN (0x2)
 *(.fini9)
 .fini9         0x000065c4        0x0 d:/atmelstudio/7.0/toolchain/avr8/avr8-gnu-toolchain/bin/../lib/gcc/avr/5.4.0/avr5\libgcc.a(_exit.o)
                0x000065c4                _exit
                0x000065c4                exit
 *(.fini9)
 *(.fini8)
 *(.fini8)
 *(.fini7)
 *(.fini7)
 *(.fini6)
 *(.fini6)
 *(.fini5)
 *(.fini5)
 *(.fini4)
 *(.fini4)
 *(.fini3)
 *(.fini3)
 *(.fini2)
 *(.fini2)
 *(.fini1)
 *(.fini1)
 *(.fini0)
 .fini0         0x000065c4        0x4 d:/atmelstudio/7.0/toolchain/avr8/avr8-gnu-toolchain/bin/../lib/gcc/avr/5.4.0/avr5\libgcc.a(_exit.o)
 *(.fini0)
                0x000065c8                _etext = .

.data           0x00800100      0x222 load address 0x000065c8
                0x00800100                PROVIDE (__data_start, .)
 *(.data)
 *(.data*)
 .data.ST7920_height
                0x00800100        0x1 main.o
                0x00800100                ST7920_height
 .data.ST7920_width
                0x00800101        0x1 main.o
                0x00800101                ST7920_width
 .data.receive_time
                0x00800102       0x14 main.o
                0x00800102                receive_time
 .data.TX_ADDRESS
                0x00800116        0x3 NRF24.o
                0x00800116                TX_ADDRESS
 *(.gnu.linkonce.d*)
 *(.rodata)
 *(.rodata*)
 .rodata.str1.1
                0x00800119       0x1c main.o
 .rodata.str1.1
                0x00800135       0x17 NRF24.o
                                 0x1a (size before relaxing)
 .rodata.str1.1
                0x0080014c      0x1d6 WeatherStation.o
                                0x1e2 (size before relaxing)
 *(.gnu.linkonce.r*)
                0x00800322                . = ALIGN (0x2)
                0x00800322                _edata = .
                0x00800322                PROVIDE (__data_end, .)

.bss            0x00800322      0x4f9
                0x00800322                PROVIDE (__bss_start, .)
 *(.bss)
 *(.bss*)
 .bss.pressure  0x00800322        0x4 BMP180.o
                0x00800322                pressure
 .bss.old_state.2603
                0x00800326        0x1 main.o
 .bss.enc_int_flag
                0x00800327        0x1 main.o
                0x00800327                enc_int_flag
 .bss.cnt       0x00800328        0x1 main.o
                0x00800328                cnt
 .bss.add_cnt   0x00800329        0x1 main.o
                0x00800329                add_cnt
 .bss.change_flag
                0x0080032a        0x1 main.o
                0x0080032a                change_flag
 .bss.menu_flag
                0x0080032b        0x1 main.o
                0x0080032b                menu_flag
 .bss.data      0x0080032c        0x5 main.o
                0x0080032c                data
 .bss.pressure_home
                0x00800331        0x2 main.o
                0x00800331                pressure_home
 .bss.Press_home
                0x00800333        0x6 main.o
                0x00800333                Press_home
 .bss.DATA_TO_UART
                0x00800339       0x3c main.o
                0x00800339                DATA_TO_UART
 .bss.Rain      0x00800375        0x5 main.o
                0x00800375                Rain
 .bss.Vbat      0x0080037a        0x5 main.o
                0x0080037a                Vbat
 .bss.adc_value2
                0x0080037f        0x5 main.o
                0x0080037f                adc_value2
 .bss.adc_value1
                0x00800384        0x5 main.o
                0x00800384                adc_value1
 .bss.wind_direction
                0x00800389        0x5 main.o
                0x00800389                wind_direction
 .bss.WIND_speed
                0x0080038e        0x5 main.o
                0x0080038e                WIND_speed
 .bss.HALL_counter
                0x00800393        0x5 main.o
                0x00800393                HALL_counter
 .bss.hum_home  0x00800398        0x5 main.o
                0x00800398                hum_home
 .bss.temp_home
                0x0080039d        0x5 main.o
                0x0080039d                temp_home
 .bss.hum_street
                0x008003a2        0x5 main.o
                0x008003a2                hum_street
 .bss.temp_street
                0x008003a7        0x5 main.o
                0x008003a7                temp_street
 .bss.Frame_buffer
                0x008003ac      0x400 main.o
                0x008003ac                Frame_buffer
 .bss.receive_counter
                0x008007ac        0x1 NRF24.o
                0x008007ac                receive_counter
 .bss.rx_flag   0x008007ad        0x1 NRF24.o
                0x008007ad                rx_flag
 .bss.hum       0x008007ae        0x4 NRF24.o
                0x008007ae                hum
 .bss.temp      0x008007b2        0x4 NRF24.o
                0x008007b2                temp
 .bss.RX_BUF    0x008007b6        0x5 NRF24.o
                0x008007b6                RX_BUF
 .bss.home_hum  0x008007bb        0x4 WeatherStation.o
                0x008007bb                home_hum
 .bss.home_temp
                0x008007bf        0x4 WeatherStation.o
                0x008007bf                home_temp
 *(COMMON)
 COMMON         0x008007c3       0x22 BMP180.o
                0x008007c3                D3
                0x008007c7                b2
                0x008007c9                mb
                0x008007cb                ac1
                0x008007cd                b1
                0x008007cf                ac6
                0x008007d1                ac5
                0x008007d3                ac2
                0x008007d5                md
                0x008007d7                ac4
                0x008007d9                mc
                0x008007db                D2
                0x008007df                D1
                0x008007e3                ac3
 COMMON         0x008007e5       0x36 main.o
                0x008007e5                TIME
                0x008007ef                weakday
                0x008007f3                month
                0x008007f4                retr_cnt
                0x008007f5                retr_cnt_full
                0x008007f7                hour
                0x008007f8                Mounth
                0x008007fe                clock_change_mode
                0x008007ff                seconds
                0x00800803                min
                0x00800804                Year
                0x00800808                mounthday
                0x0080080c                year
                0x0080080d                sec
                0x0080080e                day
                0x0080080f                alarmhour
                0x00800810                date
                0x00800811                dt
                0x00800812                minutes
                0x00800816                hours
                0x0080081a                alarmmin
                0x0080081b                PROVIDE (__bss_end, .)
                0x000065c8                __data_load_start = LOADADDR (.data)
                0x000067ea                __data_load_end = (__data_load_start + SIZEOF (.data))

.noinit         0x0080081b        0x0
                [!provide]                PROVIDE (__noinit_start, .)
 *(.noinit*)
                [!provide]                PROVIDE (__noinit_end, .)
                0x0080081b                _end = .
                [!provide]                PROVIDE (__heap_start, .)

.eeprom         0x00810000        0x0
 *(.eeprom*)
                0x00810000                __eeprom_end = .

.fuse
 *(.fuse)
 *(.lfuse)
 *(.hfuse)
 *(.efuse)

.lock
 *(.lock*)

.signature
 *(.signature*)

.user_signatures
 *(.user_signatures*)

.stab
 *(.stab)

.stabstr
 *(.stabstr)

.stab.excl
 *(.stab.excl)

.stab.exclstr
 *(.stab.exclstr)

.stab.index
 *(.stab.index)

.stab.indexstr
 *(.stab.indexstr)

.comment        0x00000000       0x5c
 *(.comment)
 .comment       0x00000000       0x30 BMP180.o
                                 0x31 (size before relaxing)
 .comment       0x00000030       0x31 DHT22.o
 .comment       0x00000030       0x31 LCD_12864.o
 .comment       0x00000030       0x31 main.o
 .comment       0x00000030       0x31 NRF24.o
 .comment       0x00000030       0x31 RTC_DS3231.o
 .comment       0x00000030       0x31 TWI.o
 .comment       0x00000030       0x31 usart.o
 .comment       0x00000030       0x31 WeatherStation.o
 .comment       0x00000030       0x2c d:/atmelstudio/7.0/toolchain/avr8/avr8-gnu-toolchain/bin/../lib/gcc/avr/5.4.0/../../../../avr/lib/avr5\libprintf_flt.a(vfprintf_flt.o)
                                 0x2d (size before relaxing)
 .comment       0x0000005c       0x31 d:/atmelstudio/7.0/toolchain/avr8/avr8-gnu-toolchain/bin/../lib/gcc/avr/5.4.0/../../../../avr/lib/avr5\libc.a(fputc.o)
 .comment       0x0000005c       0x31 d:/atmelstudio/7.0/toolchain/avr8/avr8-gnu-toolchain/bin/../lib/gcc/avr/5.4.0/../../../../avr/lib/avr5\libc.a(sprintf.o)
 .comment       0x0000005c       0x31 d:/atmelstudio/7.0/toolchain/avr8/avr8-gnu-toolchain/bin/../lib/gcc/avr/5.4.0/../../../../avr/lib/avr5\libc.a(sscanf.o)
 .comment       0x0000005c       0x2d d:/atmelstudio/7.0/toolchain/avr8/avr8-gnu-toolchain/bin/../lib/gcc/avr/5.4.0/../../../../avr/lib/avr5\libc.a(vfscanf_std.o)
 .comment       0x0000005c       0x31 d:/atmelstudio/7.0/toolchain/avr8/avr8-gnu-toolchain/bin/../lib/gcc/avr/5.4.0/../../../../avr/lib/avr5\libc.a(fgetc.o)
 .comment       0x0000005c       0x31 d:/atmelstudio/7.0/toolchain/avr8/avr8-gnu-toolchain/bin/../lib/gcc/avr/5.4.0/../../../../avr/lib/avr5\libc.a(ungetc.o)

.note.gnu.avr.deviceinfo
                0x00000000       0x40
 .note.gnu.avr.deviceinfo
                0x00000000       0x40 D:/AtmelStudio/7.0/Packs/atmel/ATmega_DFP/1.6.364/gcc/dev/atmega328p/avr5/crtatmega328p.o

.note.gnu.build-id
 *(.note.gnu.build-id)

.debug
 *(.debug)

.line
 *(.line)

.debug_srcinfo
 *(.debug_srcinfo)

.debug_sfnames
 *(.debug_sfnames)

.debug_aranges  0x00000000      0x3d8
 *(.debug_aranges)
 .debug_aranges
                0x00000000       0x48 BMP180.o
 .debug_aranges
                0x00000048       0x28 DHT22.o
 .debug_aranges
                0x00000070      0x100 LCD_12864.o
 .debug_aranges
                0x00000170       0x68 main.o
 .debug_aranges
                0x000001d8       0x90 NRF24.o
 .debug_aranges
                0x00000268       0x50 RTC_DS3231.o
 .debug_aranges
                0x000002b8       0x50 TWI.o
 .debug_aranges
                0x00000308       0x28 usart.o
 .debug_aranges
                0x00000330       0xa8 WeatherStation.o

.debug_pubnames
 *(.debug_pubnames)

.debug_info     0x00000000     0xa2b3
 *(.debug_info .gnu.linkonce.wi.*)
 .debug_info    0x00000000      0x5f4 D:/AtmelStudio/7.0/Packs/atmel/ATmega_DFP/1.6.364/gcc/dev/atmega328p/avr5/crtatmega328p.o
 .debug_info    0x000005f4      0x72d BMP180.o
 .debug_info    0x00000d21      0x304 DHT22.o
 .debug_info    0x00001025     0x17f0 LCD_12864.o
 .debug_info    0x00002815      0x890 main.o
 .debug_info    0x000030a5      0xd5e NRF24.o
 .debug_info    0x00003e03      0x73b RTC_DS3231.o
 .debug_info    0x0000453e      0x198 TWI.o
 .debug_info    0x000046d6       0xec usart.o
 .debug_info    0x000047c2     0x5af1 WeatherStation.o

.debug_abbrev   0x00000000     0x14d7
 *(.debug_abbrev)
 .debug_abbrev  0x00000000      0x5a2 D:/AtmelStudio/7.0/Packs/atmel/ATmega_DFP/1.6.364/gcc/dev/atmega328p/avr5/crtatmega328p.o
 .debug_abbrev  0x000005a2      0x1e3 BMP180.o
 .debug_abbrev  0x00000785      0x111 DHT22.o
 .debug_abbrev  0x00000896      0x2e4 LCD_12864.o
 .debug_abbrev  0x00000b7a      0x1c0 main.o
 .debug_abbrev  0x00000d3a      0x2bd NRF24.o
 .debug_abbrev  0x00000ff7      0x101 RTC_DS3231.o
 .debug_abbrev  0x000010f8       0xe1 TWI.o
 .debug_abbrev  0x000011d9       0x92 usart.o
 .debug_abbrev  0x0000126b      0x26c WeatherStation.o

.debug_line     0x00000000     0x3d15
 *(.debug_line .debug_line.* .debug_line_end)
 .debug_line    0x00000000      0x134 D:/AtmelStudio/7.0/Packs/atmel/ATmega_DFP/1.6.364/gcc/dev/atmega328p/avr5/crtatmega328p.o
 .debug_line    0x00000134      0x308 BMP180.o
 .debug_line    0x0000043c      0x1ee DHT22.o
 .debug_line    0x0000062a      0xe49 LCD_12864.o
 .debug_line    0x00001473      0x635 main.o
 .debug_line    0x00001aa8      0x63c NRF24.o
 .debug_line    0x000020e4      0x2c6 RTC_DS3231.o
 .debug_line    0x000023aa      0x179 TWI.o
 .debug_line    0x00002523       0xf1 usart.o
 .debug_line    0x00002614     0x1701 WeatherStation.o

.debug_frame    0x00000000      0xdec
 *(.debug_frame)
 .debug_frame   0x00000000       0xe0 BMP180.o
 .debug_frame   0x000000e0       0x34 DHT22.o
 .debug_frame   0x00000114      0x478 LCD_12864.o
 .debug_frame   0x0000058c      0x178 main.o
 .debug_frame   0x00000704      0x238 NRF24.o
 .debug_frame   0x0000093c       0xa8 RTC_DS3231.o
 .debug_frame   0x000009e4       0x90 TWI.o
 .debug_frame   0x00000a74       0x34 usart.o
 .debug_frame   0x00000aa8      0x344 WeatherStation.o

.debug_str      0x00000000      0xdc4
 *(.debug_str)
 .debug_str     0x00000000      0x208 D:/AtmelStudio/7.0/Packs/atmel/ATmega_DFP/1.6.364/gcc/dev/atmega328p/avr5/crtatmega328p.o
 .debug_str     0x00000208      0x285 BMP180.o
                                0x2e1 (size before relaxing)
 .debug_str     0x0000048d       0x35 DHT22.o
                                0x20a (size before relaxing)
 .debug_str     0x000004c2      0x370 LCD_12864.o
                                0x595 (size before relaxing)
 .debug_str     0x00000832      0x292 main.o
                                0x4e0 (size before relaxing)
 .debug_str     0x00000ac4      0x15d NRF24.o
                                0x409 (size before relaxing)
 .debug_str     0x00000c21       0x7c RTC_DS3231.o
                                0x283 (size before relaxing)
 .debug_str     0x00000c9d       0x1e TWI.o
                                0x201 (size before relaxing)
 .debug_str     0x00000cbb        0xd usart.o
                                0x1b7 (size before relaxing)
 .debug_str     0x00000cc8       0xfc WeatherStation.o
                                0x651 (size before relaxing)

.debug_loc      0x00000000     0x450e
 *(.debug_loc)
 .debug_loc     0x00000000      0x817 BMP180.o
 .debug_loc     0x00000817      0x262 DHT22.o
 .debug_loc     0x00000a79     0x1d7c LCD_12864.o
 .debug_loc     0x000027f5      0x2c1 main.o
 .debug_loc     0x00002ab6      0xb09 NRF24.o
 .debug_loc     0x000035bf      0x24a RTC_DS3231.o
 .debug_loc     0x00003809       0xb4 TWI.o
 .debug_loc     0x000038bd       0x78 usart.o
 .debug_loc     0x00003935      0xbd9 WeatherStation.o

.debug_macinfo
 *(.debug_macinfo)

.debug_weaknames
 *(.debug_weaknames)

.debug_funcnames
 *(.debug_funcnames)

.debug_typenames
 *(.debug_typenames)

.debug_varnames
 *(.debug_varnames)

.debug_pubtypes
 *(.debug_pubtypes)

.debug_ranges   0x00000000      0x360
 *(.debug_ranges)
 .debug_ranges  0x00000000       0x38 BMP180.o
 .debug_ranges  0x00000038       0x18 DHT22.o
 .debug_ranges  0x00000050      0x108 LCD_12864.o
 .debug_ranges  0x00000158       0x58 main.o
 .debug_ranges  0x000001b0       0x80 NRF24.o
 .debug_ranges  0x00000230       0x40 RTC_DS3231.o
 .debug_ranges  0x00000270       0x40 TWI.o
 .debug_ranges  0x000002b0       0x18 usart.o
 .debug_ranges  0x000002c8       0x98 WeatherStation.o

.debug_macro
 *(.debug_macro)
OUTPUT(NRF24_RX.elf elf32-avr)
LOAD linker stubs
