Archive member included to satisfy reference by file (symbol)

d:/atmelstudio/7.0/toolchain/avr8/avr8-gnu-toolchain/bin/../lib/gcc/avr/5.4.0/../../../../avr/lib/avr5\libm.a(addsf3.o)
                              BMP180.o (__subsf3)
d:/atmelstudio/7.0/toolchain/avr8/avr8-gnu-toolchain/bin/../lib/gcc/avr/5.4.0/../../../../avr/lib/avr5\libm.a(addsf3x.o)
                              d:/atmelstudio/7.0/toolchain/avr8/avr8-gnu-toolchain/bin/../lib/gcc/avr/5.4.0/../../../../avr/lib/avr5\libm.a(addsf3.o) (__addsf3x)
d:/atmelstudio/7.0/toolchain/avr8/avr8-gnu-toolchain/bin/../lib/gcc/avr/5.4.0/../../../../avr/lib/avr5\libm.a(cmpsf2.o)
                              WeatherStation.o (__ltsf2)
d:/atmelstudio/7.0/toolchain/avr8/avr8-gnu-toolchain/bin/../lib/gcc/avr/5.4.0/../../../../avr/lib/avr5\libm.a(divsf3.o)
                              BMP180.o (__divsf3)
d:/atmelstudio/7.0/toolchain/avr8/avr8-gnu-toolchain/bin/../lib/gcc/avr/5.4.0/../../../../avr/lib/avr5\libm.a(divsf3x.o)
                              d:/atmelstudio/7.0/toolchain/avr8/avr8-gnu-toolchain/bin/../lib/gcc/avr/5.4.0/../../../../avr/lib/avr5\libm.a(divsf3.o) (__divsf3x)
d:/atmelstudio/7.0/toolchain/avr8/avr8-gnu-toolchain/bin/../lib/gcc/avr/5.4.0/../../../../avr/lib/avr5\libm.a(fixsfsi.o)
                              BMP180.o (__fixsfsi)
d:/atmelstudio/7.0/toolchain/avr8/avr8-gnu-toolchain/bin/../lib/gcc/avr/5.4.0/../../../../avr/lib/avr5\libm.a(fixunssfsi.o)
                              d:/atmelstudio/7.0/toolchain/avr8/avr8-gnu-toolchain/bin/../lib/gcc/avr/5.4.0/../../../../avr/lib/avr5\libm.a(fixsfsi.o) (__fixunssfsi)
d:/atmelstudio/7.0/toolchain/avr8/avr8-gnu-toolchain/bin/../lib/gcc/avr/5.4.0/../../../../avr/lib/avr5\libm.a(floatsisf.o)
                              BMP180.o (__floatsisf)
d:/atmelstudio/7.0/toolchain/avr8/avr8-gnu-toolchain/bin/../lib/gcc/avr/5.4.0/../../../../avr/lib/avr5\libm.a(fp_cmp.o)
                              d:/atmelstudio/7.0/toolchain/avr8/avr8-gnu-toolchain/bin/../lib/gcc/avr/5.4.0/../../../../avr/lib/avr5\libm.a(cmpsf2.o) (__fp_cmp)
d:/atmelstudio/7.0/toolchain/avr8/avr8-gnu-toolchain/bin/../lib/gcc/avr/5.4.0/../../../../avr/lib/avr5\libm.a(fp_inf.o)
                              d:/atmelstudio/7.0/toolchain/avr8/avr8-gnu-toolchain/bin/../lib/gcc/avr/5.4.0/../../../../avr/lib/avr5\libm.a(addsf3x.o) (__fp_inf)
d:/atmelstudio/7.0/toolchain/avr8/avr8-gnu-toolchain/bin/../lib/gcc/avr/5.4.0/../../../../avr/lib/avr5\libm.a(fp_nan.o)
                              d:/atmelstudio/7.0/toolchain/avr8/avr8-gnu-toolchain/bin/../lib/gcc/avr/5.4.0/../../../../avr/lib/avr5\libm.a(addsf3x.o) (__fp_nan)
d:/atmelstudio/7.0/toolchain/avr8/avr8-gnu-toolchain/bin/../lib/gcc/avr/5.4.0/../../../../avr/lib/avr5\libm.a(fp_pscA.o)
                              d:/atmelstudio/7.0/toolchain/avr8/avr8-gnu-toolchain/bin/../lib/gcc/avr/5.4.0/../../../../avr/lib/avr5\libm.a(addsf3x.o) (__fp_pscA)
d:/atmelstudio/7.0/toolchain/avr8/avr8-gnu-toolchain/bin/../lib/gcc/avr/5.4.0/../../../../avr/lib/avr5\libm.a(fp_pscB.o)
                              d:/atmelstudio/7.0/toolchain/avr8/avr8-gnu-toolchain/bin/../lib/gcc/avr/5.4.0/../../../../avr/lib/avr5\libm.a(addsf3x.o) (__fp_pscB)
d:/atmelstudio/7.0/toolchain/avr8/avr8-gnu-toolchain/bin/../lib/gcc/avr/5.4.0/../../../../avr/lib/avr5\libm.a(fp_round.o)
                              d:/atmelstudio/7.0/toolchain/avr8/avr8-gnu-toolchain/bin/../lib/gcc/avr/5.4.0/../../../../avr/lib/avr5\libm.a(addsf3.o) (__fp_round)
d:/atmelstudio/7.0/toolchain/avr8/avr8-gnu-toolchain/bin/../lib/gcc/avr/5.4.0/../../../../avr/lib/avr5\libm.a(fp_split3.o)
                              d:/atmelstudio/7.0/toolchain/avr8/avr8-gnu-toolchain/bin/../lib/gcc/avr/5.4.0/../../../../avr/lib/avr5\libm.a(addsf3x.o) (__fp_split3)
d:/atmelstudio/7.0/toolchain/avr8/avr8-gnu-toolchain/bin/../lib/gcc/avr/5.4.0/../../../../avr/lib/avr5\libm.a(fp_zero.o)
                              d:/atmelstudio/7.0/toolchain/avr8/avr8-gnu-toolchain/bin/../lib/gcc/avr/5.4.0/../../../../avr/lib/avr5\libm.a(addsf3x.o) (__fp_zero)
d:/atmelstudio/7.0/toolchain/avr8/avr8-gnu-toolchain/bin/../lib/gcc/avr/5.4.0/../../../../avr/lib/avr5\libm.a(gesf2.o)
                              WeatherStation.o (__gesf2)
d:/atmelstudio/7.0/toolchain/avr8/avr8-gnu-toolchain/bin/../lib/gcc/avr/5.4.0/../../../../avr/lib/avr5\libm.a(mulsf3.o)
                              BMP180.o (__mulsf3)
d:/atmelstudio/7.0/toolchain/avr8/avr8-gnu-toolchain/bin/../lib/gcc/avr/5.4.0/../../../../avr/lib/avr5\libm.a(mulsf3x.o)
                              d:/atmelstudio/7.0/toolchain/avr8/avr8-gnu-toolchain/bin/../lib/gcc/avr/5.4.0/../../../../avr/lib/avr5\libm.a(mulsf3.o) (__mulsf3x)
d:/atmelstudio/7.0/toolchain/avr8/avr8-gnu-toolchain/bin/../lib/gcc/avr/5.4.0/../../../../avr/lib/avr5\libm.a(pow.o)
                              BMP180.o (pow)
d:/atmelstudio/7.0/toolchain/avr8/avr8-gnu-toolchain/bin/../lib/gcc/avr/5.4.0/../../../../avr/lib/avr5\libm.a(exp.o)
[...]
Memory Configuration

Name             Origin             Length             Attributes
text             0x00000000         0x00008000         xr
data             0x00800100         0x00000800         rw !x
eeprom           0x00810000         0x00000400         rw !x
fuse             0x00820000         0x00000003         rw !x
lock             0x00830000         0x00000400         rw !x
signature        0x00840000         0x00000400         rw !x
user_signatures  0x00850000         0x00000400         rw !x
*default*        0x00000000         0xffffffff

Linker script and memory map

Address of section .data set to 0x800100
LOAD D:/AtmelStudio/7.0/Packs/atmel/ATmega_DFP/1.6.364/gcc/dev/atmega328p/avr5/crtatmega328p.o
LOAD BMP180.o
LOAD DHT22.o
LOAD LCD_12864.o
LOAD main.o
LOAD mmc.o
LOAD NRF24.o
LOAD pff.o
LOAD RTC_DS3231.o
LOAD SD.o
LOAD TWI.o
LOAD usart.o
LOAD WeatherStation.o
START GROUP
LOAD d:/atmelstudio/7.0/toolchain/avr8/avr8-gnu-toolchain/bin/../lib/gcc/avr/5.4.0/../../../../avr/lib/avr5\libm.a
END GROUP
LOAD d:/atmelstudio/7.0/toolchain/avr8/avr8-gnu-toolchain/bin/../lib/gcc/avr/5.4.0/../../../../avr/lib/avr5\libprintf_flt.a
LOAD d:/atmelstudio/7.0/toolchain/avr8/avr8-gnu-toolchain/bin/../lib/gcc/avr/5.4.0/../../../../avr/lib/avr5\libm.a
START GROUP
LOAD d:/atmelstudio/7.0/toolchain/avr8/avr8-gnu-toolchain/bin/../lib/gcc/avr/5.4.0/avr5\libgcc.a
LOAD d:/atmelstudio/7.0/toolchain/avr8/avr8-gnu-toolchain/bin/../lib/gcc/avr/5.4.0/../../../../avr/lib/avr5\libm.a
LOAD d:/atmelstudio/7.0/toolchain/avr8/avr8-gnu-toolchain/bin/../lib/gcc/avr/5.4.0/../../../../avr/lib/avr5\libc.a
LOAD D:/AtmelStudio/7.0/Packs/atmel/ATmega_DFP/1.6.364/gcc/dev/atmega328p/avr5\libatmega328p.a
END GROUP
                0x00000000                __TEXT_REGION_ORIGIN__ = DEFINED (__TEXT_REGION_ORIGIN__)?__TEXT_REGION_ORIGIN__:0x0
                [0x00800100]                __DATA_REGION_ORIGIN__ = DEFINED (__DATA_REGION_ORIGIN__)?__DATA_REGION_ORIGIN__:0x800060
                [0x00008000]                __TEXT_REGION_LENGTH__ = DEFINED (__TEXT_REGION_LENGTH__)?__TEXT_REGION_LENGTH__:0x20000
                [0x00000800]                __DATA_REGION_LENGTH__ = DEFINED (__DATA_REGION_LENGTH__)?__DATA_REGION_LENGTH__:0xffa0
                [0x00000400]                __EEPROM_REGION_LENGTH__ = DEFINED (__EEPROM_REGION_LENGTH__)?__EEPROM_REGION_LENGTH__:0x10000
                [0x00000003]                __FUSE_REGION_LENGTH__ = DEFINED (__FUSE_REGION_LENGTH__)?__FUSE_REGION_LENGTH__:0x400
                0x00000400                __LOCK_REGION_LENGTH__ = DEFINED (__LOCK_REGION_LENGTH__)?__LOCK_REGION_LENGTH__:0x400
                0x00000400                __SIGNATURE_REGION_LENGTH__ = DEFINED (__SIGNATURE_REGION_LENGTH__)?__SIGNATURE_REGION_LENGTH__:0x400
                0x00000400                __USER_SIGNATURE_REGION_LENGTH__ = DEFINED (__USER_SIGNATURE_REGION_LENGTH__)?__USER_SIGNATURE_REGION_LENGTH__:0x400

.hash
 *(.hash)

.dynsym
 *(.dynsym)

.dynstr
 *(.dynstr)

.gnu.version
 *(.gnu.version)

.gnu.version_d
 *(.gnu.version_d)

.gnu.version_r
 *(.gnu.version_r)

.rel.init
 *(.rel.init)

.rela.init
 *(.rela.init)

.rel.text
 *(.rel.text)
 *(.rel.text.*)
 *(.rel.gnu.linkonce.t*)

.rela.text
 *(.rela.text)
 *(.rela.text.*)
 *(.rela.gnu.linkonce.t*)

.rel.fini
 *(.rel.fini)

.rela.fini
 *(.rela.fini)

.rel.rodata
 *(.rel.rodata)
 *(.rel.rodata.*)
 *(.rel.gnu.linkonce.r*)

.rela.rodata
 *(.rela.rodata)
 *(.rela.rodata.*)
 *(.rela.gnu.linkonce.r*)

.rel.data
 *(.rel.data)
 *(.rel.data.*)
 *(.rel.gnu.linkonce.d*)

.rela.data
 *(.rela.data)
 *(.rela.data.*)
 *(.rela.gnu.linkonce.d*)

.rel.ctors
 *(.rel.ctors)

.rela.ctors
 *(.rela.ctors)

.rel.dtors
 *(.rel.dtors)

.rela.dtors
 *(.rela.dtors)

.rel.got
 *(.rel.got)

.rela.got
 *(.rela.got)

.rel.bss
 *(.rel.bss)

.rela.bss
 *(.rela.bss)

.rel.plt
 *(.rel.plt)

.rela.plt
 *(.rela.plt)

.text           0x00000000     0x546a
 *(.vectors)
 .vectors       0x00000000       0x68 D:/AtmelStudio/7.0/Packs/atmel/ATmega_DFP/1.6.364/gcc/dev/atmega328p/avr5/crtatmega328p.o
                0x00000000                __vector_default
                0x00000000                __vectors
 *(.vectors)
 *(.progmem.gcc*)
 .progmem.gcc_sw_table.Clock
                0x00000068       0x26 WeatherStation.o
                0x0000008e                . = ALIGN (0x2)
                0x0000008e                __trampolines_start = .
 *(.trampolines)
 .trampolines   0x0000008e        0x0 linker stubs
 *(.trampolines*)
                0x0000008e                __trampolines_end = .
 *libprintf_flt.a:*(.progmem.data)
 .progmem.data  0x0000008e        0x8 d:/atmelstudio/7.0/toolchain/avr8/avr8-gnu-toolchain/bin/../lib/gcc/avr/5.4.0/../../../../avr/lib/avr5\libprintf_flt.a(vfprintf_flt.o)
 *libc.a:*(.progmem.data)
 .progmem.data  0x00000096       0xfa d:/atmelstudio/7.0/toolchain/avr8/avr8-gnu-toolchain/bin/../lib/gcc/avr/5.4.0/../../../../avr/lib/avr5\libc.a(ftoa_engine.o)
 .progmem.data  0x00000190        0xc d:/atmelstudio/7.0/toolchain/avr8/avr8-gnu-toolchain/bin/../lib/gcc/avr/5.4.0/../../../../avr/lib/avr5\libc.a(vfscanf_std.o)
 *(.progmem*)
 .progmem.data.JPEG
                0x0000019c      0x200 LCD_12864.o
                0x0000019c                JPEG
 .progmem.data.Font11_16
                0x0000039c       0xf2 LCD_12864.o
                0x0000039c                Font11_16
 .progmem.data.Font7_11
                0x0000048e       0x9a LCD_12864.o
                0x0000048e                Font7_11
 .progmem.data.Font4_6
                0x00000528       0x2c LCD_12864.o
                0x00000528                Font4_6
 .progmem.data.Font5_7
                0x00000554      0x3cc LCD_12864.o
                0x00000554                Font5_7
                0x00000920                . = ALIGN (0x2)
 *(.jumptables)
 *(.jumptables*)
 *(.lowtext)
 *(.lowtext*)
                0x00000920                __ctors_start = .
 *(.ctors)
                0x00000920                __ctors_end = .
                0x00000920                __dtors_start = .
 *(.dtors)
                0x00000920                __dtors_end = .
 SORT(*)(.ctors)
 SORT(*)(.dtors)
 *(.init0)
 .init0         0x00000920        0x0 D:/AtmelStudio/7.0/Packs/atmel/ATmega_DFP/1.6.364/gcc/dev/atmega328p/avr5/crtatmega328p.o
                0x00000920                __init
 *(.init0)
 *(.init1)
 *(.init1)
 *(.init2)
 .init2         0x00000920        0xc D:/AtmelStudio/7.0/Packs/atmel/ATmega_DFP/1.6.364/gcc/dev/atmega328p/avr5/crtatmega328p.o
 *(.init2)
 *(.init3)
 *(.init3)
 *(.init4)
 .init4         0x0000092c       0x16 d:/atmelstudio/7.0/toolchain/avr8/avr8-gnu-toolchain/bin/../lib/gcc/avr/5.4.0/avr5\libgcc.a(_copy_data.o)
                0x0000092c                __do_copy_data
 .init4         0x00000942       0x10 d:/atmelstudio/7.0/toolchain/avr8/avr8-gnu-toolchain/bin/../lib/gcc/avr/5.4.0/avr5\libgcc.a(_clear_bss.o)
                0x00000942                __do_clear_bss
 *(.init4)
 *(.init5)
 *(.init5)
 *(.init6)
 *(.init6)
 *(.init7)
 *(.init7)
 *(.init8)
 *(.init8)
 *(.init9)
 .init9         0x00000952        0x8 D:/AtmelStudio/7.0/Packs/atmel/ATmega_DFP/1.6.364/gcc/dev/atmega328p/avr5/crtatmega328p.o
 *(.init9)
 *(.text)
 .text          0x0000095a        0x4 D:/AtmelStudio/7.0/Packs/atmel/ATmega_DFP/1.6.364/gcc/dev/atmega328p/avr5/crtatmega328p.o
                0x0000095a                __vector_22
                0x0000095a                __vector_24
                0x0000095a                __vector_12
                0x0000095a                __bad_interrupt
                0x0000095a                __vector_6
                0x0000095a                __vector_3
                0x0000095a                __vector_23
                0x0000095a                __vector_25
                0x0000095a                __vector_13
                0x0000095a                __vector_17
                0x0000095a                __vector_19
                0x0000095a                __vector_7
                0x0000095a                __vector_5
                0x0000095a                __vector_4
                0x0000095a                __vector_9
                0x0000095a                __vector_21
                0x0000095a                __vector_15
                0x0000095a                __vector_8
                0x0000095a                __vector_10
                0x0000095a                __vector_16
                0x0000095a                __vector_18
                0x0000095a                __vector_20
                0x0000095e                . = ALIGN (0x2)
 *(.text.*)
 .text.Read     0x0000095e       0x4e BMP180.o
                0x0000095e                Read
 .text.BMP180_Calibration
                0x000009ac       0x9c BMP180.o
                0x000009ac                BMP180_Calibration
 .text.BMP180_get_temper
                0x00000a48       0x34 BMP180.o
                0x00000a48                BMP180_get_temper
 .text.BMP180_get_pressure
                0x00000a7c       0xfa BMP180.o
                0x00000a7c                BMP180_get_pressure
 .text.BMP180_calculation
                0x00000b76      0x316 BMP180.o
                0x00000b76                BMP180_calculation
 .text.dht22_init
                0x00000e8c       0x22 DHT22.o
                0x00000e8c                dht22_init
 .text.dht22_GetData
                0x00000eae       0xc2 DHT22.o
                0x00000eae                dht22_GetData
 .text.LCD_12864_Draw_pixel
                0x00000f70       0x42 LCD_12864.o
                0x00000f70                LCD_12864_Draw_pixel
 .text.LCD_12864_Clean_pixel
                0x00000fb2       0x42 LCD_12864.o
                0x00000fb2                LCD_12864_Clean_pixel
 .text.strob    0x00000ff4       0x26 LCD_12864.o
                0x00000ff4                strob
 .text.LCD_12864_send_data
                0x0000101a       0xae LCD_12864.o
                0x0000101a                LCD_12864_send_data
 .text.LCD_12864_send_command
                0x000010c8       0xae LCD_12864.o
                0x000010c8                LCD_12864_send_command
 .text.LCD_12864_GrapnicMode
                0x00001176       0x3e LCD_12864.o
                0x00001176                LCD_12864_GrapnicMode
 .text.LCD_12864_Draw_bitmap
                0x000011b4      0x29c LCD_12864.o
                0x000011b4                LCD_12864_Draw_bitmap
 .text.clear_LCD_12864
                0x00001450       0x14 LCD_12864.o
                0x00001450                clear_LCD_12864
 .text.LCD_12864_ini
                0x00001464       0x3c LCD_12864.o
                0x00001464                LCD_12864_ini
 .text.LCD_12864_print_symbol
                0x000014a0       0x62 LCD_12864.o
                0x000014a0                LCD_12864_print_symbol
 .text.LCD_12864_print_symbol_4_6
                0x00001502       0x5a LCD_12864.o
                0x00001502                LCD_12864_print_symbol_4_6
 .text.LCD_12864_print_symbol_11_16
                0x0000155c       0xbe LCD_12864.o
                0x0000155c                LCD_12864_print_symbol_11_16
 .text.LCD_12864_print_symbol_7_11
                0x0000161a       0xee LCD_12864.o
                0x0000161a                LCD_12864_print_symbol_7_11
 .text.LCD_12864_Print_7_11
                0x00001708       0x9e LCD_12864.o
                0x00001708                LCD_12864_Print_7_11
 .text.LCD_12864_Print_4_6
                0x000017a6       0x9e LCD_12864.o
                0x000017a6                LCD_12864_Print_4_6
 .text.LCD_12864_Print_11_16
                0x00001844       0x76 LCD_12864.o
                0x00001844                LCD_12864_Print_11_16
 .text.LCD_12864_Decode_UTF8
                0x000018ba      0x144 LCD_12864.o
                0x000018ba                LCD_12864_Decode_UTF8
 .text.LCD_12864_Print_jpeg
                0x000019fe       0x48 LCD_12864.o
                0x000019fe                LCD_12864_Print_jpeg
 .text.LCD_12864_Clean_Frame_buffer
                0x00001a46       0x16 LCD_12864.o
                0x00001a46                LCD_12864_Clean_Frame_buffer
 .text.LCD_12864_Draw_line
                0x00001a5c       0xc0 LCD_12864.o
                0x00001a5c                LCD_12864_Draw_line
 .text.LCD_12864_Draw_rectangle
                0x00001b1c       0x86 LCD_12864.o
                0x00001b1c                LCD_12864_Draw_rectangle
 .text.LCD_12864_Draw_rectangle_filled
                0x00001ba2       0x7e LCD_12864.o
                0x00001ba2                LCD_12864_Draw_rectangle_filled
 .text.LCD_12864_Draw_circle
                0x00001c20      0x118 LCD_12864.o
                0x00001c20                LCD_12864_Draw_circle
 .text.timer1_ini
                0x00001d38       0x28 main.o
                0x00001d38                timer1_ini
 .text.timer0_ini
                0x00001d60       0x1c main.o
                0x00001d60                timer0_ini
 .text.__vector_11
                0x00001d7c       0xe6 main.o
                0x00001d7c                __vector_11
 .text.__vector_14
                0x00001e62       0x76 main.o
                0x00001e62                __vector_14
 .text.enc_interrupt_ini
                0x00001ed8        0xe main.o
                0x00001ed8                enc_interrupt_ini
 .text.__vector_2
                0x00001ee6       0x34 main.o
                0x00001ee6                __vector_2
 .text.SPI_init
                0x00001f1a       0x24 main.o
                0x00001f1a                SPI_init
 .text.port_init
                0x00001f3e       0x4a main.o
                0x00001f3e                port_init
 .text.spi_send_recv
                0x00001f88        0xc main.o
                0x00001f88                spi_send_recv
 .text.main     0x00001f94       0xa4 main.o
                0x00001f94                main
 .text.NRF24L01_Receive
                0x00002038      0x2da NRF24.o
                0x00002038                NRF24L01_Receive
 .text.NRF24_FlushRX
                0x00002312       0x1e NRF24.o
                0x00002312                NRF24_FlushRX
 .text.NRF24_FlushTX
                0x00002330       0x1e NRF24.o
                0x00002330                NRF24_FlushTX
 .text.NRF24_ToggleFeatures
                0x0000234e       0x26 NRF24.o
                0x0000234e                NRF24_ToggleFeatures
 .text.NRF24_Read_Buf
                0x00002374       0x52 NRF24.o
                0x00002374                NRF24_Read_Buf
 .text.NRF24_Write_Buf
                0x000023c6       0x5a NRF24.o
                0x000023c6                NRF24_Write_Buf
 .text.nRF_write_register
                0x00002420       0x24 NRF24.o
                0x00002420                nRF_write_register
 .text.nRF_read_register
                0x00002444       0x28 NRF24.o
                0x00002444                nRF_read_register
 .text.__vector_1
                0x0000246c       0x90 NRF24.o
                0x0000246c                __vector_1
 .text.NRF24L01_RX_Mode
                0x000024fc       0x2c NRF24.o
                0x000024fc                NRF24L01_RX_Mode
 .text.NRF24_ini
                0x00002528       0x98 NRF24.o
                0x00002528                NRF24_ini
 .text.RTC_ConvertFromDec
                0x000025c0       0x16 RTC_DS3231.o
                0x000025c0                RTC_ConvertFromDec
 .text.RTC_init
                0x000025d6       0x22 RTC_DS3231.o
                0x000025d6                RTC_init
 .text.I2C_Init
                0x000025f8        0x8 TWI.o
                0x000025f8                I2C_Init
 .text.I2C_StartCondition
                0x00002600       0x10 TWI.o
                0x00002600                I2C_StartCondition
 .text.I2C_StopCondition
                0x00002610        0x8 TWI.o
                0x00002610                I2C_StopCondition
 .text.I2C_SendByte
                0x00002618       0x14 TWI.o
                0x00002618                I2C_SendByte
 .text.I2C_ReadByte
                0x0000262c       0x14 TWI.o
                0x0000262c                I2C_ReadByte
 .text.I2C_ReadLastByte
                0x00002640       0x14 TWI.o
                0x00002640                I2C_ReadLastByte
 .text.USART_Init
                0x00002654       0x2c usart.o
                0x00002654                USART_Init
 .text.USART_Transmit
                0x00002680       0x36 usart.o
                0x00002680                USART_Transmit
 .text.Print_Hello_World
                0x000026b6       0x54 WeatherStation.o
                0x000026b6                Print_Hello_World
 .text.Print_Download
                0x0000270a       0x90 WeatherStation.o
                0x0000270a                Print_Download
 .text.Print_Menu_Page
                0x0000279a       0xc6 WeatherStation.o
                0x0000279a                Print_Menu_Page
 .text.DrawCloudsWithRain
                0x00002860      0x292 WeatherStation.o
                0x00002860                DrawCloudsWithRain
 .text.DrawWeatherVane
                0x00002af2      0x6f2 WeatherStation.o
                0x00002af2                DrawWeatherVane
 .text.Clock    0x000031e4      0x36a WeatherStation.o
                0x000031e4                Clock
 .text.RAIN_AMOUNT
                0x0000354e       0x7a WeatherStation.o
                0x0000354e                RAIN_AMOUNT
 .text.V_BAT    0x000035c8       0x7c WeatherStation.o
                0x000035c8                V_BAT
 .text.DrawBattery
                0x00003644      0x270 WeatherStation.o
                0x00003644                DrawBattery
 .text.wind_speed
                0x000038b4       0x70 WeatherStation.o
                0x000038b4                wind_speed
 .text.Print_Home_Page
                0x00003924      0x47a WeatherStation.o
                0x00003924                Print_Home_Page
 .text.avr-libc.fplib
                0x00003d9e        0xe d:/atmelstudio/7.0/toolchain/avr8/avr8-gnu-toolchain/bin/../lib/gcc/avr/5.4.0/../../../../avr/lib/avr5\libm.a(addsf3.o)
                0x00003d9e                __subsf3
                0x00003da0                __addsf3
 .text.avr-libc.fplib
                0x00003dac       0xcc d:/atmelstudio/7.0/toolchain/avr8/avr8-gnu-toolchain/bin/../lib/gcc/avr/5.4.0/../../../../avr/lib/avr5\libm.a(addsf3x.o)
                0x00003dce                __addsf3x
 .text.avr-libc.fplib
                0x00003e78        0xa d:/atmelstudio/7.0/toolchain/avr8/avr8-gnu-toolchain/bin/../lib/gcc/avr/5.4.0/../../../../avr/lib/avr5\libm.a(cmpsf2.o)
                0x00003e78                __nesf2
                0x00003e78                __eqsf2
                0x00003e78                __cmpsf2
                0x00003e78                __ltsf2
                0x00003e78                __lesf2
 .text.avr-libc.fplib
                0x00003e82        0x8 d:/atmelstudio/7.0/toolchain/avr8/avr8-gnu-toolchain/bin/../lib/gcc/avr/5.4.0/../../../../avr/lib/avr5\libm.a(divsf3.o)
                0x00003e82                __divsf3
 .text.avr-libc.fplib
                0x00003e8a       0xdc d:/atmelstudio/7.0/toolchain/avr8/avr8-gnu-toolchain/bin/../lib/gcc/avr/5.4.0/../../../../avr/lib/avr5\libm.a(divsf3x.o)
                0x00003eaa                __divsf3x
                0x00003eb0                __divsf3_pse
 .text.avr-libc.fplib
                0x00003f66        0xe d:/atmelstudio/7.0/toolchain/avr8/avr8-gnu-toolchain/bin/../lib/gcc/avr/5.4.0/../../../../avr/lib/avr5\libm.a(fixsfsi.o)
                0x00003f66                __fixsfsi
 .text.avr-libc.fplib
                0x00003f74       0x5e d:/atmelstudio/7.0/toolchain/avr8/avr8-gnu-toolchain/bin/../lib/gcc/avr/5.4.0/../../../../avr/lib/avr5\libm.a(fixunssfsi.o)
                0x00003f74                __fixunssfsi
 .text.avr-libc.fplib
                0x00003fd2       0x7a d:/atmelstudio/7.0/toolchain/avr8/avr8-gnu-toolchain/bin/../lib/gcc/avr/5.4.0/../../../../avr/lib/avr5\libm.a(floatsisf.o)
                0x00003fd2                __floatunsisf
                0x00003fd6                __floatsisf
 .text.avr-libc.fplib
                0x0000404c       0x48 d:/atmelstudio/7.0/toolchain/avr8/avr8-gnu-toolchain/bin/../lib/gcc/avr/5.4.0/../../../../avr/lib/avr5\libm.a(fp_cmp.o)
                0x0000404c                __fp_cmp
 .text.avr-libc.fplib
                0x00004094        0xc d:/atmelstudio/7.0/toolchain/avr8/avr8-gnu-toolchain/bin/../lib/gcc/avr/5.4.0/../../../../avr/lib/avr5\libm.a(fp_inf.o)
                0x00004094                __fp_inf
 .text.avr-libc.fplib
                0x000040a0        0x6 d:/atmelstudio/7.0/toolchain/avr8/avr8-gnu-toolchain/bin/../lib/gcc/avr/5.4.0/../../../../avr/lib/avr5\libm.a(fp_nan.o)
                0x000040a0                __fp_nan
 .text.avr-libc.fplib
                0x000040a6        0xe d:/atmelstudio/7.0/toolchain/avr8/avr8-gnu-toolchain/bin/../lib/gcc/avr/5.4.0/../../../../avr/lib/avr5\libm.a(fp_pscA.o)
                0x000040a6                __fp_pscA
 .text.avr-libc.fplib
                0x000040b4        0xe d:/atmelstudio/7.0/toolchain/avr8/avr8-gnu-toolchain/bin/../lib/gcc/avr/5.4.0/../../../../avr/lib/avr5\libm.a(fp_pscB.o)
                0x000040b4                __fp_pscB
 .text.avr-libc.fplib
                0x000040c2       0x22 d:/atmelstudio/7.0/toolchain/avr8/avr8-gnu-toolchain/bin/../lib/gcc/avr/5.4.0/../../../../avr/lib/avr5\libm.a(fp_round.o)
                0x000040c2                __fp_round
 .text.avr-libc.fplib
                0x000040e4       0x44 d:/atmelstudio/7.0/toolchain/avr8/avr8-gnu-toolchain/bin/../lib/gcc/avr/5.4.0/../../../../avr/lib/avr5\libm.a(fp_split3.o)
                0x000040e4                __fp_split3
                0x000040f4                __fp_splitA
 .text.avr-libc.fplib
                0x00004128        0xe d:/atmelstudio/7.0/toolchain/avr8/avr8-gnu-toolchain/bin/../lib/gcc/avr/5.4.0/../../../../avr/lib/avr5\libm.a(fp_zero.o)
                0x00004128                __fp_zero
                0x0000412a                __fp_szero
 .text.avr-libc.fplib
                0x00004136        0xa d:/atmelstudio/7.0/toolchain/avr8/avr8-gnu-toolchain/bin/../lib/gcc/avr/5.4.0/../../../../avr/lib/avr5\libm.a(gesf2.o)
                0x00004136                __gesf2
                0x00004136                __gtsf2
 .text.avr-libc.fplib
                0x00004140        0x8 d:/atmelstudio/7.0/toolchain/avr8/avr8-gnu-toolchain/bin/../lib/gcc/avr/5.4.0/../../../../avr/lib/avr5\libm.a(mulsf3.o)
                0x00004140                __mulsf3
 .text.avr-libc.fplib
                0x00004148       0xd2 d:/atmelstudio/7.0/toolchain/avr8/avr8-gnu-toolchain/bin/../lib/gcc/avr/5.4.0/../../../../avr/lib/avr5\libm.a(mulsf3x.o)
                0x00004166                __mulsf3x
                0x0000416c                __mulsf3_pse
 .text.avr-libc
                0x0000421a      0x6fa d:/atmelstudio/7.0/toolchain/avr8/avr8-gnu-toolchain/bin/../lib/gcc/avr/5.4.0/../../../../avr/lib/avr5\libprintf_flt.a(vfprintf_flt.o)
                0x0000421a                vfprintf
 .text.libgcc.mul
                0x00004914       0x20 d:/atmelstudio/7.0/toolchain/avr8/avr8-gnu-toolchain/bin/../lib/gcc/avr/5.4.0/avr5\libgcc.a(_mulsi3.o)
                0x00004914                __mulsi3
 .text.libgcc.div
                0x00004934       0x44 d:/atmelstudio/7.0/toolchain/avr8/avr8-gnu-toolchain/bin/../lib/gcc/avr/5.4.0/avr5\libgcc.a(_udivmodsi4.o)
                0x00004934                __udivmodsi4
 .text.libgcc.div
                0x00004978       0x2e d:/atmelstudio/7.0/toolchain/avr8/avr8-gnu-toolchain/bin/../lib/gcc/avr/5.4.0/avr5\libgcc.a(_divmodsi4.o)
                0x00004978                __divmodsi4
 .text.libgcc.div
                0x000049a6       0x10 d:/atmelstudio/7.0/toolchain/avr8/avr8-gnu-toolchain/bin/../lib/gcc/avr/5.4.0/avr5\libgcc.a(_negsi2.o)
                0x000049a6                __negsi2
 .text.libgcc   0x000049b6        0xc d:/atmelstudio/7.0/toolchain/avr8/avr8-gnu-toolchain/bin/../lib/gcc/avr/5.4.0/avr5\libgcc.a(_tablejump2.o)
                0x000049b6                __tablejump2__
 .text.libgcc.mul
                0x000049c2       0x16 d:/atmelstudio/7.0/toolchain/avr8/avr8-gnu-toolchain/bin/../lib/gcc/avr/5.4.0/avr5\libgcc.a(_muluhisi3.o)
                0x000049c2                __muluhisi3
 .text.libgcc.mul
                0x000049d8       0x10 d:/atmelstudio/7.0/toolchain/avr8/avr8-gnu-toolchain/bin/../lib/gcc/avr/5.4.0/avr5\libgcc.a(_mulshisi3.o)
                0x000049d8                __mulshisi3
                0x000049de                __mulohisi3
 .text.libgcc.prologue
                0x000049e8       0x38 d:/atmelstudio/7.0/toolchain/avr8/avr8-gnu-toolchain/bin/../lib/gcc/avr/5.4.0/avr5\libgcc.a(_prologue.o)
                0x000049e8                __prologue_saves__
 .text.libgcc.prologue
                0x00004a20       0x36 d:/atmelstudio/7.0/toolchain/avr8/avr8-gnu-toolchain/bin/../lib/gcc/avr/5.4.0/avr5\libgcc.a(_epilogue.o)
                0x00004a20                __epilogue_restores__
 .text.libgcc.mul
                0x00004a56       0x1e d:/atmelstudio/7.0/toolchain/avr8/avr8-gnu-toolchain/bin/../lib/gcc/avr/5.4.0/avr5\libgcc.a(_umulhisi3.o)
                0x00004a56                __umulhisi3
 .text.avr-libc
                0x00004a74      0x1b0 d:/atmelstudio/7.0/toolchain/avr8/avr8-gnu-toolchain/bin/../lib/gcc/avr/5.4.0/../../../../avr/lib/avr5\libc.a(ftoa_engine.o)
                0x00004a74                __ftoa_engine
 .text.avr-libc
                0x00004c24       0x16 d:/atmelstudio/7.0/toolchain/avr8/avr8-gnu-toolchain/bin/../lib/gcc/avr/5.4.0/../../../../avr/lib/avr5\libc.a(strnlen_P.o)
                0x00004c24                strnlen_P
 .text.avr-libc
                0x00004c3a        0xe d:/atmelstudio/7.0/toolchain/avr8/avr8-gnu-toolchain/bin/../lib/gcc/avr/5.4.0/../../../../avr/lib/avr5\libc.a(memset.o)
                0x00004c3a                memset
 .text.avr-libc
                0x00004c48       0x16 d:/atmelstudio/7.0/toolchain/avr8/avr8-gnu-toolchain/bin/../lib/gcc/avr/5.4.0/../../../../avr/lib/avr5\libc.a(strcat.o)
                0x00004c48                strcat
 .text.avr-libc
                0x00004c5e       0x12 d:/atmelstudio/7.0/toolchain/avr8/avr8-gnu-toolchain/bin/../lib/gcc/avr/5.4.0/../../../../avr/lib/avr5\libc.a(strcmp.o)
                0x00004c5e                strcmp
 .text.avr-libc
                0x00004c70       0x16 d:/atmelstudio/7.0/toolchain/avr8/avr8-gnu-toolchain/bin/../lib/gcc/avr/5.4.0/../../../../avr/lib/avr5\libc.a(strnlen.o)
                0x00004c70                strnlen
 .text.avr-libc
                0x00004c86       0x78 d:/atmelstudio/7.0/toolchain/avr8/avr8-gnu-toolchain/bin/../lib/gcc/avr/5.4.0/../../../../avr/lib/avr5\libc.a(fputc.o)
                0x00004c86                fputc
 .text.avr-libc
                0x00004cfe       0x44 d:/atmelstudio/7.0/toolchain/avr8/avr8-gnu-toolchain/bin/../lib/gcc/avr/5.4.0/../../../../avr/lib/avr5\libc.a(sprintf.o)
                0x00004cfe                sprintf
 .text.avr-libc
                0x00004d42       0x32 d:/atmelstudio/7.0/toolchain/avr8/avr8-gnu-toolchain/bin/../lib/gcc/avr/5.4.0/../../../../avr/lib/avr5\libc.a(sscanf.o)
                0x00004d42                sscanf
 .text.avr-libc
                0x00004d74       0xbc d:/atmelstudio/7.0/toolchain/avr8/avr8-gnu-toolchain/bin/../lib/gcc/avr/5.4.0/../../../../avr/lib/avr5\libc.a(ultoa_invert.o)
                0x00004d74                __ultoa_invert
 .text.avr-libc
                0x00004e30      0x55a d:/atmelstudio/7.0/toolchain/avr8/avr8-gnu-toolchain/bin/../lib/gcc/avr/5.4.0/../../../../avr/lib/avr5\libc.a(vfscanf_std.o)
                0x00005168                vfscanf
 .text.avr-libc
                0x0000538a       0x12 d:/atmelstudio/7.0/toolchain/avr8/avr8-gnu-toolchain/bin/../lib/gcc/avr/5.4.0/../../../../avr/lib/avr5\libc.a(isspace.o)
                0x0000538a                isspace
 .text.avr-libc
                0x0000539c       0x16 d:/atmelstudio/7.0/toolchain/avr8/avr8-gnu-toolchain/bin/../lib/gcc/avr/5.4.0/../../../../avr/lib/avr5\libc.a(strchr_P.o)
                0x0000539c                strchr_P
 .text.avr-libc
                0x000053b2       0x7c d:/atmelstudio/7.0/toolchain/avr8/avr8-gnu-toolchain/bin/../lib/gcc/avr/5.4.0/../../../../avr/lib/avr5\libc.a(fgetc.o)
                0x000053b2                fgetc
 .text.avr-libc
                0x0000542e       0x32 d:/atmelstudio/7.0/toolchain/avr8/avr8-gnu-toolchain/bin/../lib/gcc/avr/5.4.0/../../../../avr/lib/avr5\libc.a(ungetc.o)
                0x0000542e                ungetc
 .text.avr-libc
                0x00005460        0x6 d:/atmelstudio/7.0/toolchain/avr8/avr8-gnu-toolchain/bin/../lib/gcc/avr/5.4.0/../../../../avr/lib/avr5\libc.a(cty_isfalse.o)
                0x00005460                __ctype_isfalse
                0x00005464                __ctype_istrue
                0x00005466                . = ALIGN (0x2)
 *(.fini9)
 .fini9         0x00005466        0x0 d:/atmelstudio/7.0/toolchain/avr8/avr8-gnu-toolchain/bin/../lib/gcc/avr/5.4.0/avr5\libgcc.a(_exit.o)
                0x00005466                _exit
                0x00005466                exit
 *(.fini9)
 *(.fini8)
 *(.fini8)
 *(.fini7)
 *(.fini7)
 *(.fini6)
 *(.fini6)
 *(.fini5)
 *(.fini5)
 *(.fini4)
 *(.fini4)
 *(.fini3)
 *(.fini3)
 *(.fini2)
 *(.fini2)
 *(.fini1)
 *(.fini1)
 *(.fini0)
 .fini0         0x00005466        0x4 d:/atmelstudio/7.0/toolchain/avr8/avr8-gnu-toolchain/bin/../lib/gcc/avr/5.4.0/avr5\libgcc.a(_exit.o)
 *(.fini0)
                0x0000546a                _etext = .

.data           0x00800100       0xcc load address 0x0000546a
                0x00800100                PROVIDE (__data_start, .)
 *(.data)
 *(.data*)
 .data.ST7920_height
                0x00800100        0x1 main.o
                0x00800100                ST7920_height
 .data.ST7920_width
                0x00800101        0x1 main.o
                0x00800101                ST7920_width
 .data.TX_ADDRESS
                0x00800102        0x3 NRF24.o
                0x00800102                TX_ADDRESS
 *(.gnu.linkonce.d*)
 *(.rodata)
 *(.rodata*)
 .rodata.str1.1
                0x00800105        0x4 main.o
 .rodata.str1.1
                0x00800109        0x5 NRF24.o
                                  0x8 (size before relaxing)
 .rodata.str1.1
                0x0080010e       0xbd WeatherStation.o
                                 0xc9 (size before relaxing)
 *(.gnu.linkonce.r*)
                0x008001cc                . = ALIGN (0x2)
 *fill*         0x008001cb        0x1 
                0x008001cc                _edata = .
                0x008001cc                PROVIDE (__data_end, .)

.bss            0x008001cc      0x51c
                0x008001cc                PROVIDE (__bss_start, .)
 *(.bss)
 *(.bss*)
 .bss.pressure  0x008001cc        0x4 BMP180.o
                0x008001cc                pressure
 .bss.old_state.2583
                0x008001d0        0x1 main.o
 .bss.cnt       0x008001d1        0x1 main.o
                0x008001d1                cnt
 .bss.menu_flag
                0x008001d2        0x1 main.o
                0x008001d2                menu_flag
 .bss.data      0x008001d3        0x5 main.o
                0x008001d3                data
 .bss.pressure_home
                0x008001d8        0x2 main.o
                0x008001d8                pressure_home
 .bss.hum       0x008001da        0x4 main.o
                0x008001da                hum
 .bss.temp      0x008001de        0x4 main.o
                0x008001de                temp
 .bss.Press_home
                0x008001e2        0xa main.o
                0x008001e2                Press_home
 .bss.DATA_TO_UART
                0x008001ec       0x32 main.o
                0x008001ec                DATA_TO_UART
 .bss.Rain      0x0080021e        0xa main.o
                0x0080021e                Rain
 .bss.Vbat      0x00800228        0xa main.o
                0x00800228                Vbat
 .bss.adc_value2
                0x00800232        0xa main.o
                0x00800232                adc_value2
 .bss.adc_value1
                0x0080023c        0xa main.o
                0x0080023c                adc_value1
 .bss.wind_direction
                0x00800246        0xa main.o
                0x00800246                wind_direction
 .bss.WIND_speed
                0x00800250        0xa main.o
                0x00800250                WIND_speed
 .bss.HALL_counter
                0x0080025a        0xa main.o
                0x0080025a                HALL_counter
 .bss.hum_home  0x00800264        0xa main.o
                0x00800264                hum_home
 .bss.temp_home
                0x0080026e        0xa main.o
                0x0080026e                temp_home
 .bss.hum_street
                0x00800278        0xa main.o
                0x00800278                hum_street
 .bss.temp_street
                0x00800282        0xa main.o
                0x00800282                temp_street
 .bss.Frame_buffer
                0x0080028c      0x400 main.o
                0x0080028c                Frame_buffer
 .bss.rx_flag   0x0080068c        0x1 NRF24.o
                0x0080068c                rx_flag
 .bss.RX_BUF    0x0080068d        0x5 NRF24.o
                0x0080068d                RX_BUF
 *(COMMON)
 COMMON         0x00800692       0x22 BMP180.o
                0x00800692                D3
                0x00800696                b2
                0x00800698                mb
                0x0080069a                ac1
                0x0080069c                b1
                0x0080069e                ac6
                0x008006a0                ac5
                0x008006a2                ac2
                0x008006a4                md
                0x008006a6                ac4
                0x008006a8                mc
                0x008006aa                D2
                0x008006ae                D1
                0x008006b2                ac3
 COMMON         0x008006b4       0x1a main.o
                0x008006b4                TIME
                0x008006be                retr_cnt
                0x008006bf                retr_cnt_full
                0x008006c1                seconds
                0x008006c5                dt
                0x008006c6                minutes
                0x008006ca                hours
 COMMON         0x008006ce       0x1a WeatherStation.o
                0x008006ce                weakday
                0x008006d2                month
                0x008006d3                hour
                0x008006d4                Mounth
                0x008006da                min
                0x008006db                mounthday
                0x008006df                year
                0x008006e0                sec
                0x008006e1                CNT
                0x008006e4                day
                0x008006e5                alarmhour
                0x008006e6                date
                0x008006e7                alarmmin
                0x008006e8                PROVIDE (__bss_end, .)
                0x0000546a                __data_load_start = LOADADDR (.data)
                0x00005536                __data_load_end = (__data_load_start + SIZEOF (.data))

.noinit         0x008006e8        0x0
                [!provide]                PROVIDE (__noinit_start, .)
 *(.noinit*)
                [!provide]                PROVIDE (__noinit_end, .)
                0x008006e8                _end = .
                [!provide]                PROVIDE (__heap_start, .)

.eeprom         0x00810000        0x0
 *(.eeprom*)
                0x00810000                __eeprom_end = .

.fuse
 *(.fuse)
 *(.lfuse)
 *(.hfuse)
 *(.efuse)

.lock
 *(.lock*)

.signature
 *(.signature*)

.user_signatures
 *(.user_signatures*)

.stab
 *(.stab)

.stabstr
 *(.stabstr)

.stab.excl
 *(.stab.excl)

.stab.exclstr
 *(.stab.exclstr)

.stab.index
 *(.stab.index)

.stab.indexstr
 *(.stab.indexstr)

.comment        0x00000000       0x5c
 *(.comment)
 .comment       0x00000000       0x30 BMP180.o
                                 0x31 (size before relaxing)
 .comment       0x00000030       0x31 DHT22.o
 .comment       0x00000030       0x31 LCD_12864.o
 .comment       0x00000030       0x31 main.o
 .comment       0x00000030       0x31 NRF24.o
 .comment       0x00000030       0x31 RTC_DS3231.o
 .comment       0x00000030       0x31 TWI.o
 .comment       0x00000030       0x31 usart.o
 .comment       0x00000030       0x31 WeatherStation.o
 .comment       0x00000030       0x2c d:/atmelstudio/7.0/toolchain/avr8/avr8-gnu-toolchain/bin/../lib/gcc/avr/5.4.0/../../../../avr/lib/avr5\libprintf_flt.a(vfprintf_flt.o)
                                 0x2d (size before relaxing)
 .comment       0x0000005c       0x31 d:/atmelstudio/7.0/toolchain/avr8/avr8-gnu-toolchain/bin/../lib/gcc/avr/5.4.0/../../../../avr/lib/avr5\libc.a(fputc.o)
 .comment       0x0000005c       0x31 d:/atmelstudio/7.0/toolchain/avr8/avr8-gnu-toolchain/bin/../lib/gcc/avr/5.4.0/../../../../avr/lib/avr5\libc.a(sprintf.o)
 .comment       0x0000005c       0x31 d:/atmelstudio/7.0/toolchain/avr8/avr8-gnu-toolchain/bin/../lib/gcc/avr/5.4.0/../../../../avr/lib/avr5\libc.a(sscanf.o)
 .comment       0x0000005c       0x2d d:/atmelstudio/7.0/toolchain/avr8/avr8-gnu-toolchain/bin/../lib/gcc/avr/5.4.0/../../../../avr/lib/avr5\libc.a(vfscanf_std.o)
 .comment       0x0000005c       0x31 d:/atmelstudio/7.0/toolchain/avr8/avr8-gnu-toolchain/bin/../lib/gcc/avr/5.4.0/../../../../avr/lib/avr5\libc.a(fgetc.o)
 .comment       0x0000005c       0x31 d:/atmelstudio/7.0/toolchain/avr8/avr8-gnu-toolchain/bin/../lib/gcc/avr/5.4.0/../../../../avr/lib/avr5\libc.a(ungetc.o)

.note.gnu.avr.deviceinfo
                0x00000000       0x40
 .note.gnu.avr.deviceinfo
                0x00000000       0x40 D:/AtmelStudio/7.0/Packs/atmel/ATmega_DFP/1.6.364/gcc/dev/atmega328p/avr5/crtatmega328p.o

.note.gnu.build-id
 *(.note.gnu.build-id)

.debug
 *(.debug)

.line
 *(.line)

.debug_srcinfo
 *(.debug_srcinfo)

.debug_sfnames
 *(.debug_sfnames)

.debug_aranges  0x00000000      0x3c0
 *(.debug_aranges)
 .debug_aranges
                0x00000000       0x48 BMP180.o
 .debug_aranges
                0x00000048       0x28 DHT22.o
 .debug_aranges
                0x00000070      0x100 LCD_12864.o
 .debug_aranges
                0x00000170       0x68 main.o
 .debug_aranges
                0x000001d8       0x90 NRF24.o
 .debug_aranges
                0x00000268       0x50 RTC_DS3231.o
 .debug_aranges
                0x000002b8       0x50 TWI.o
 .debug_aranges
                0x00000308       0x28 usart.o
 .debug_aranges
                0x00000330       0x90 WeatherStation.o

.debug_pubnames
 *(.debug_pubnames)

.debug_info     0x00000000     0x8b95
 *(.debug_info .gnu.linkonce.wi.*)
 .debug_info    0x00000000      0x5f4 D:/AtmelStudio/7.0/Packs/atmel/ATmega_DFP/1.6.364/gcc/dev/atmega328p/avr5/crtatmega328p.o
 .debug_info    0x000005f4      0x72d BMP180.o
 .debug_info    0x00000d21      0x304 DHT22.o
 .debug_info    0x00001025     0x17f0 LCD_12864.o
 .debug_info    0x00002815      0x7ff main.o
 .debug_info    0x00003014      0xc69 NRF24.o
 .debug_info    0x00003c7d      0x84a RTC_DS3231.o
 .debug_info    0x000044c7      0x198 TWI.o
 .debug_info    0x0000465f       0xec usart.o
 .debug_info    0x0000474b     0x444a WeatherStation.o

.debug_abbrev   0x00000000     0x1548
 *(.debug_abbrev)
 .debug_abbrev  0x00000000      0x5a2 D:/AtmelStudio/7.0/Packs/atmel/ATmega_DFP/1.6.364/gcc/dev/atmega328p/avr5/crtatmega328p.o
 .debug_abbrev  0x000005a2      0x1e3 BMP180.o
 .debug_abbrev  0x00000785      0x111 DHT22.o
 .debug_abbrev  0x00000896      0x2e4 LCD_12864.o
 .debug_abbrev  0x00000b7a      0x1db main.o
 .debug_abbrev  0x00000d55      0x2ab NRF24.o
 .debug_abbrev  0x00001000      0x12f RTC_DS3231.o
 .debug_abbrev  0x0000112f       0xe1 TWI.o
 .debug_abbrev  0x00001210       0x92 usart.o
 .debug_abbrev  0x000012a2      0x2a6 WeatherStation.o

.debug_line     0x00000000     0x3714
 *(.debug_line .debug_line.* .debug_line_end)
 .debug_line    0x00000000      0x134 D:/AtmelStudio/7.0/Packs/atmel/ATmega_DFP/1.6.364/gcc/dev/atmega328p/avr5/crtatmega328p.o
 .debug_line    0x00000134      0x308 BMP180.o
 .debug_line    0x0000043c      0x1ee DHT22.o
 .debug_line    0x0000062a      0xe49 LCD_12864.o
 .debug_line    0x00001473      0x43e main.o
 .debug_line    0x000018b1      0x606 NRF24.o
 .debug_line    0x00001eb7      0x2f6 RTC_DS3231.o
 .debug_line    0x000021ad      0x179 TWI.o
 .debug_line    0x00002326       0xf1 usart.o
 .debug_line    0x00002417     0x12fd WeatherStation.o

.debug_frame    0x00000000      0xcfc
 *(.debug_frame)
 .debug_frame   0x00000000       0xe0 BMP180.o
 .debug_frame   0x000000e0       0x34 DHT22.o
 .debug_frame   0x00000114      0x478 LCD_12864.o
 .debug_frame   0x0000058c      0x134 main.o
 .debug_frame   0x000006c0      0x204 NRF24.o
 .debug_frame   0x000008c4       0xa8 RTC_DS3231.o
 .debug_frame   0x0000096c       0x90 TWI.o
 .debug_frame   0x000009fc       0x34 usart.o
 .debug_frame   0x00000a30      0x2cc WeatherStation.o

.debug_str      0x00000000      0xd4b
 *(.debug_str)
 .debug_str     0x00000000      0x208 D:/AtmelStudio/7.0/Packs/atmel/ATmega_DFP/1.6.364/gcc/dev/atmega328p/avr5/crtatmega328p.o
 .debug_str     0x00000208      0x28a BMP180.o
                                0x2e1 (size before relaxing)
 .debug_str     0x00000492       0x35 DHT22.o
                                0x20a (size before relaxing)
 .debug_str     0x000004c7      0x370 LCD_12864.o
                                0x595 (size before relaxing)
 .debug_str     0x00000837      0x1f3 main.o
                                0x48d (size before relaxing)
 .debug_str     0x00000a2a      0x14d NRF24.o
                                0x3b2 (size before relaxing)
 .debug_str     0x00000b77       0xc3 RTC_DS3231.o
                                0x2a3 (size before relaxing)
 .debug_str     0x00000c3a       0x1e TWI.o
                                0x201 (size before relaxing)
 .debug_str     0x00000c58        0xd usart.o
                                0x1b7 (size before relaxing)
 .debug_str     0x00000c65       0xe6 WeatherStation.o
                                0x57b (size before relaxing)

.debug_loc      0x00000000     0x416a
 *(.debug_loc)
 .debug_loc     0x00000000      0x817 BMP180.o
 .debug_loc     0x00000817      0x262 DHT22.o
 .debug_loc     0x00000a79     0x1d7c LCD_12864.o
 .debug_loc     0x000027f5      0x1ca main.o
 .debug_loc     0x000029bf      0xa2c NRF24.o
 .debug_loc     0x000033eb      0x24a RTC_DS3231.o
 .debug_loc     0x00003635       0xb4 TWI.o
 .debug_loc     0x000036e9       0x78 usart.o
 .debug_loc     0x00003761      0xa09 WeatherStation.o

.debug_macinfo
 *(.debug_macinfo)

.debug_weaknames
 *(.debug_weaknames)

.debug_funcnames
 *(.debug_funcnames)

.debug_typenames
 *(.debug_typenames)

.debug_varnames
 *(.debug_varnames)

.debug_pubtypes
 *(.debug_pubtypes)

.debug_ranges   0x00000000      0x348
 *(.debug_ranges)
 .debug_ranges  0x00000000       0x38 BMP180.o
 .debug_ranges  0x00000038       0x18 DHT22.o
 .debug_ranges  0x00000050      0x108 LCD_12864.o
 .debug_ranges  0x00000158       0x58 main.o
 .debug_ranges  0x000001b0       0x80 NRF24.o
 .debug_ranges  0x00000230       0x40 RTC_DS3231.o
 .debug_ranges  0x00000270       0x40 TWI.o
 .debug_ranges  0x000002b0       0x18 usart.o
 .debug_ranges  0x000002c8       0x80 WeatherStation.o

.debug_macro
 *(.debug_macro)
OUTPUT(NRF24_RX.elf elf32-avr)
LOAD linker stubs
