Archive member included to satisfy reference by file (symbol)

d:/atmelstudio/7.0/toolchain/avr8/avr8-gnu-toolchain/bin/../lib/gcc/avr/5.4.0/../../../../avr/lib/avr5\libm.a(fixsfsi.o)
                              WeatherStation.o (__fixsfsi)
d:/atmelstudio/7.0/toolchain/avr8/avr8-gnu-toolchain/bin/../lib/gcc/avr/5.4.0/../../../../avr/lib/avr5\libm.a(fixunssfsi.o)
                              d:/atmelstudio/7.0/toolchain/avr8/avr8-gnu-toolchain/bin/../lib/gcc/avr/5.4.0/../../../../avr/lib/avr5\libm.a(fixsfsi.o) (__fixunssfsi)
d:/atmelstudio/7.0/toolchain/avr8/avr8-gnu-toolchain/bin/../lib/gcc/avr/5.4.0/../../../../avr/lib/avr5\libm.a(floatsisf.o)
                              WeatherStation.o (__floatsisf)
d:/atmelstudio/7.0/toolchain/avr8/avr8-gnu-toolchain/bin/../lib/gcc/avr/5.4.0/../../../../avr/lib/avr5\libm.a(fp_split3.o)
                              d:/atmelstudio/7.0/toolchain/avr8/avr8-gnu-toolchain/bin/../lib/gcc/avr/5.4.0/../../../../avr/lib/avr5\libm.a(fixunssfsi.o) (__fp_splitA)
d:/atmelstudio/7.0/toolchain/avr8/avr8-gnu-toolchain/bin/../lib/gcc/avr/5.4.0/../../../../avr/lib/avr5\libm.a(fp_zero.o)
                              d:/atmelstudio/7.0/toolchain/avr8/avr8-gnu-toolchain/bin/../lib/gcc/avr/5.4.0/../../../../avr/lib/avr5\libm.a(fixunssfsi.o) (__fp_zero)
d:/atmelstudio/7.0/toolchain/avr8/avr8-gnu-toolchain/bin/../lib/gcc/avr/5.4.0/../../../../avr/lib/avr5\libm.a(mulsf3.o)
                              WeatherStation.o (__mulsf3)
d:/atmelstudio/7.0/toolchain/avr8/avr8-gnu-toolchain/bin/../lib/gcc/avr/5.4.0/../../../../avr/lib/avr5\libm.a(mulsf3x.o)
                              d:/atmelstudio/7.0/toolchain/avr8/avr8-gnu-toolchain/bin/../lib/gcc/avr/5.4.0/../../../../avr/lib/avr5\libm.a(mulsf3.o) (__mulsf3x)
d:/atmelstudio/7.0/toolchain/avr8/avr8-gnu-toolchain/bin/../lib/gcc/avr/5.4.0/../../../../avr/lib/avr5\libm.a(fp_inf.o)
                              d:/atmelstudio/7.0/toolchain/avr8/avr8-gnu-toolchain/bin/../lib/gcc/avr/5.4.0/../../../../avr/lib/avr5\libm.a(mulsf3x.o) (__fp_inf)
d:/atmelstudio/7.0/toolchain/avr8/avr8-gnu-toolchain/bin/../lib/gcc/avr/5.4.0/../../../../avr/lib/avr5\libm.a(fp_nan.o)
                              d:/atmelstudio/7.0/toolchain/avr8/avr8-gnu-toolchain/bin/../lib/gcc/avr/5.4.0/../../../../avr/lib/avr5\libm.a(mulsf3x.o) (__fp_nan)
d:/atmelstudio/7.0/toolchain/avr8/avr8-gnu-toolchain/bin/../lib/gcc/avr/5.4.0/../../../../avr/lib/avr5\libm.a(fp_pscA.o)
                              d:/atmelstudio/7.0/toolchain/avr8/avr8-gnu-toolchain/bin/../lib/gcc/avr/5.4.0/../../../../avr/lib/avr5\libm.a(mulsf3x.o) (__fp_pscA)
d:/atmelstudio/7.0/toolchain/avr8/avr8-gnu-toolchain/bin/../lib/gcc/avr/5.4.0/../../../../avr/lib/avr5\libm.a(fp_pscB.o)
                              d:/atmelstudio/7.0/toolchain/avr8/avr8-gnu-toolchain/bin/../lib/gcc/avr/5.4.0/../../../../avr/lib/avr5\libm.a(mulsf3x.o) (__fp_pscB)
d:/atmelstudio/7.0/toolchain/avr8/avr8-gnu-toolchain/bin/../lib/gcc/avr/5.4.0/../../../../avr/lib/avr5\libm.a(fp_round.o)
                              d:/atmelstudio/7.0/toolchain/avr8/avr8-gnu-toolchain/bin/../lib/gcc/avr/5.4.0/../../../../avr/lib/avr5\libm.a(mulsf3.o) (__fp_round)
d:/atmelstudio/7.0/toolchain/avr8/avr8-gnu-toolchain/bin/../lib/gcc/avr/5.4.0/avr5\libgcc.a(_mulsi3.o)
                              BMP180.o (__mulsi3)
d:/atmelstudio/7.0/toolchain/avr8/avr8-gnu-toolchain/bin/../lib/gcc/avr/5.4.0/avr5\libgcc.a(_divmodhi4.o)
                              NRF24.o (__divmodhi4)
d:/atmelstudio/7.0/toolchain/avr8/avr8-gnu-toolchain/bin/../lib/gcc/avr/5.4.0/avr5\libgcc.a(_udivmodsi4.o)
                              BMP180.o (__udivmodsi4)
d:/atmelstudio/7.0/toolchain/avr8/avr8-gnu-toolchain/bin/../lib/gcc/avr/5.4.0/avr5\libgcc.a(_divmodsi4.o)
                              BMP180.o (__divmodsi4)
d:/atmelstudio/7.0/toolchain/avr8/avr8-gnu-toolchain/bin/../lib/gcc/avr/5.4.0/avr5\libgcc.a(_negsi2.o)
                              d:/atmelstudio/7.0/toolchain/avr8/avr8-gnu-toolchain/bin/../lib/gcc/avr/5.4.0/avr5\libgcc.a(_divmodsi4.o) (__negsi2)
d:/atmelstudio/7.0/toolchain/avr8/avr8-gnu-toolchain/bin/../lib/gcc/avr/5.4.0/avr5\libgcc.a(_exit.o)
                              D:/AtmelStudio/7.0/Packs/atmel/ATmega_DFP/1.6.364/gcc/dev/atmega328p/avr5/crtatmega328p.o (exit)
d:/atmelstudio/7.0/toolchain/avr8/avr8-gnu-toolchain/bin/../lib/gcc/avr/5.4.0/avr5\libgcc.a(_tablejump2.o)
                              main.o (__tablejump2__)
d:/atmelstudio/7.0/toolchain/avr8/avr8-gnu-toolchain/bin/../lib/gcc/avr/5.4.0/avr5\libgcc.a(_copy_data.o)
                              main.o (__do_copy_data)
d:/atmelstudio/7.0/toolchain/avr8/avr8-gnu-toolchain/bin/../lib/gcc/avr/5.4.0/avr5\libgcc.a(_clear_bss.o)
                              BMP180.o (__do_clear_bss)
d:/atmelstudio/7.0/toolchain/avr8/avr8-gnu-toolchain/bin/../lib/gcc/avr/5.4.0/avr5\libgcc.a(_muluhisi3.o)
                              BMP180.o (__muluhisi3)
d:/atmelstudio/7.0/toolchain/avr8/avr8-gnu-toolchain/bin/../lib/gcc/avr/5.4.0/avr5\libgcc.a(_mulshisi3.o)
                              BMP180.o (__mulshisi3)
d:/atmelstudio/7.0/toolchain/avr8/avr8-gnu-toolchain/bin/../lib/gcc/avr/5.4.0/avr5\libgcc.a(_udivmodhi4.o)
                              d:/atmelstudio/7.0/toolchain/avr8/avr8-gnu-toolchain/bin/../lib/gcc/avr/5.4.0/avr5\libgcc.a(_divmodhi4.o) (__udivmodhi4)
d:/atmelstudio/7.0/toolchain/avr8/avr8-gnu-toolchain/bin/../lib/gcc/avr/5.4.0/avr5\libgcc.a(_umulhisi3.o)
                              d:/atmelstudio/7.0/toolchain/avr8/avr8-gnu-toolchain/bin/../lib/gcc/avr/5.4.0/avr5\libgcc.a(_muluhisi3.o) (__umulhisi3)
d:/atmelstudio/7.0/toolchain/avr8/avr8-gnu-toolchain/bin/../lib/gcc/avr/5.4.0/../../../../avr/lib/avr5\libc.a(memset.o)
                              main.o (memset)
d:/atmelstudio/7.0/toolchain/avr8/avr8-gnu-toolchain/bin/../lib/gcc/avr/5.4.0/../../../../avr/lib/avr5\libc.a(strcmp.o)
                              WeatherStation.o (strcmp)
d:/atmelstudio/7.0/toolchain/avr8/avr8-gnu-toolchain/bin/../lib/gcc/avr/5.4.0/../../../../avr/lib/avr5\libc.a(sprintf.o)
                              main.o (sprintf)
d:/atmelstudio/7.0/toolchain/avr8/avr8-gnu-toolchain/bin/../lib/gcc/avr/5.4.0/../../../../avr/lib/avr5\libc.a(sscanf.o)
                              SD.o (sscanf)
d:/atmelstudio/7.0/toolchain/avr8/avr8-gnu-toolchain/bin/../lib/gcc/avr/5.4.0/../../../../avr/lib/avr5\libc.a(vfprintf_std.o)
                              d:/atmelstudio/7.0/toolchain/avr8/avr8-gnu-toolchain/bin/../lib/gcc/avr/5.4.0/../../../../avr/lib/avr5\libc.a(sprintf.o) (vfprintf)
d:/atmelstudio/7.0/toolchain/avr8/avr8-gnu-toolchain/bin/../lib/gcc/avr/5.4.0/../../../../avr/lib/avr5\libc.a(vfscanf_std.o)
                              d:/atmelstudio/7.0/toolchain/avr8/avr8-gnu-toolchain/bin/../lib/gcc/avr/5.4.0/../../../../avr/lib/avr5\libc.a(sscanf.o) (vfscanf)
d:/atmelstudio/7.0/toolchain/avr8/avr8-gnu-toolchain/bin/../lib/gcc/avr/5.4.0/../../../../avr/lib/avr5\libc.a(isspace.o)
                              d:/atmelstudio/7.0/toolchain/avr8/avr8-gnu-toolchain/bin/../lib/gcc/avr/5.4.0/../../../../avr/lib/avr5\libc.a(vfscanf_std.o) (isspace)
d:/atmelstudio/7.0/toolchain/avr8/avr8-gnu-toolchain/bin/../lib/gcc/avr/5.4.0/../../../../avr/lib/avr5\libc.a(strchr_P.o)
                              d:/atmelstudio/7.0/toolchain/avr8/avr8-gnu-toolchain/bin/../lib/gcc/avr/5.4.0/../../../../avr/lib/avr5\libc.a(vfscanf_std.o) (strchr_P)
d:/atmelstudio/7.0/toolchain/avr8/avr8-gnu-toolchain/bin/../lib/gcc/avr/5.4.0/../../../../avr/lib/avr5\libc.a(strnlen_P.o)
                              d:/atmelstudio/7.0/toolchain/avr8/avr8-gnu-toolchain/bin/../lib/gcc/avr/5.4.0/../../../../avr/lib/avr5\libc.a(vfprintf_std.o) (strnlen_P)
d:/atmelstudio/7.0/toolchain/avr8/avr8-gnu-toolchain/bin/../lib/gcc/avr/5.4.0/../../../../avr/lib/avr5\libc.a(strnlen.o)
                              d:/atmelstudio/7.0/toolchain/avr8/avr8-gnu-toolchain/bin/../lib/gcc/avr/5.4.0/../../../../avr/lib/avr5\libc.a(vfprintf_std.o) (strnlen)
d:/atmelstudio/7.0/toolchain/avr8/avr8-gnu-toolchain/bin/../lib/gcc/avr/5.4.0/../../../../avr/lib/avr5\libc.a(fgetc.o)
                              d:/atmelstudio/7.0/toolchain/avr8/avr8-gnu-toolchain/bin/../lib/gcc/avr/5.4.0/../../../../avr/lib/avr5\libc.a(vfscanf_std.o) (fgetc)
d:/atmelstudio/7.0/toolchain/avr8/avr8-gnu-toolchain/bin/../lib/gcc/avr/5.4.0/../../../../avr/lib/avr5\libc.a(fputc.o)
                              d:/atmelstudio/7.0/toolchain/avr8/avr8-gnu-toolchain/bin/../lib/gcc/avr/5.4.0/../../../../avr/lib/avr5\libc.a(vfprintf_std.o) (fputc)
d:/atmelstudio/7.0/toolchain/avr8/avr8-gnu-toolchain/bin/../lib/gcc/avr/5.4.0/../../../../avr/lib/avr5\libc.a(ungetc.o)
                              d:/atmelstudio/7.0/toolchain/avr8/avr8-gnu-toolchain/bin/../lib/gcc/avr/5.4.0/../../../../avr/lib/avr5\libc.a(vfscanf_std.o) (ungetc)
d:/atmelstudio/7.0/toolchain/avr8/avr8-gnu-toolchain/bin/../lib/gcc/avr/5.4.0/../../../../avr/lib/avr5\libc.a(ultoa_invert.o)
                              d:/atmelstudio/7.0/toolchain/avr8/avr8-gnu-toolchain/bin/../lib/gcc/avr/5.4.0/../../../../avr/lib/avr5\libc.a(vfprintf_std.o) (__ultoa_invert)
d:/atmelstudio/7.0/toolchain/avr8/avr8-gnu-toolchain/bin/../lib/gcc/avr/5.4.0/../../../../avr/lib/avr5\libc.a(cty_isfalse.o)
                              d:/atmelstudio/7.0/toolchain/avr8/avr8-gnu-toolchain/bin/../lib/gcc/avr/5.4.0/../../../../avr/lib/avr5\libc.a(isspace.o) (__ctype_isfalse)
d:/atmelstudio/7.0/toolchain/avr8/avr8-gnu-toolchain/bin/../lib/gcc/avr/5.4.0/avr5\libgcc.a(_prologue.o)
                              d:/atmelstudio/7.0/toolchain/avr8/avr8-gnu-toolchain/bin/../lib/gcc/avr/5.4.0/../../../../avr/lib/avr5\libc.a(sprintf.o) (__prologue_saves__)
d:/atmelstudio/7.0/toolchain/avr8/avr8-gnu-toolchain/bin/../lib/gcc/avr/5.4.0/avr5\libgcc.a(_epilogue.o)
                              d:/atmelstudio/7.0/toolchain/avr8/avr8-gnu-toolchain/bin/../lib/gcc/avr/5.4.0/../../../../avr/lib/avr5\libc.a(sprintf.o) (__epilogue_restores__)

Allocating common symbols
Common symbol       size              file

temp_home           0x5               WeatherStation.o
D3                  0x4               BMP180.o
add_cnt             0x1               main.o
receive_counter     0x1               NRF24.o
wind_direction      0x6               WeatherStation.o
b2                  0x2               BMP180.o
mb                  0x2               BMP180.o
ac1                 0x2               BMP180.o
b1                  0x2               BMP180.o
cnt                 0x1               main.o
Rain                0x6               WeatherStation.o
ac6                 0x2               BMP180.o
month               0x1               main.o
adc_value1          0x6               NRF24.o
T_Param             0x1c              WeatherStation.o
ac5                 0x2               BMP180.o
ac2                 0x2               BMP180.o
md                  0x2               BMP180.o
ac4                 0x2               BMP180.o
adc_value2          0x6               NRF24.o
mc                  0x2               BMP180.o
hour                0x1               main.o
Vbat                0x5               WeatherStation.o
D2                  0x4               BMP180.o
hum_home            0x5               WeatherStation.o
hum_street          0x5               WeatherStation.o
Press_home          0x6               WeatherStation.o
clock_change_mode   0x1               main.o
min                 0x1               main.o
temp_street         0x5               WeatherStation.o
year                0x1               main.o
sec                 0x1               main.o
day                 0x1               main.o
alarmhour           0x1               main.o
date                0x1               main.o
str                 0x15              mmc.o
D1                  0x4               BMP180.o
ac3                 0x2               BMP180.o
WIND_speed          0x5               WeatherStation.o
alarmmin            0x1               main.o

Discarded input sections

 .data          0x00000000        0x0 D:/AtmelStudio/7.0/Packs/atmel/ATmega_DFP/1.6.364/gcc/dev/atmega328p/avr5/crtatmega328p.o
 .bss           0x00000000        0x0 D:/AtmelStudio/7.0/Packs/atmel/ATmega_DFP/1.6.364/gcc/dev/atmega328p/avr5/crtatmega328p.o
 .text          0x00000000        0x0 BMP180.o
 .data          0x00000000        0x0 BMP180.o
 .bss           0x00000000        0x0 BMP180.o
 .bss.altitude  0x00000000        0x4 BMP180.o
 .bss.temperature
                0x00000000        0x4 BMP180.o
 .text          0x00000000        0x0 DHT22.o
 .data          0x00000000        0x0 DHT22.o
 .bss           0x00000000        0x0 DHT22.o
 .text          0x00000000        0x0 LCD_12864.o
 .data          0x00000000        0x0 LCD_12864.o
 .bss           0x00000000        0x0 LCD_12864.o
 .text.str_LCD_12864
                0x00000000       0x2c LCD_12864.o
 .text.setpos_LCD_12864
                0x00000000       0x2c LCD_12864.o
 .text.LCD_12864_Clean
                0x00000000       0x5e LCD_12864.o
 .text.LCD_12864_Draw_triangle_filled
                0x00000000      0x166 LCD_12864.o
 .text          0x00000000        0x0 main.o
 .data          0x00000000        0x0 main.o
 .bss           0x00000000        0x0 main.o
 .bss.wifi_count
                0x00000000        0x1 main.o
 .bss.enc_int_flag
                0x00000000        0x1 main.o
 .text          0x00000000        0x0 mmc.o
 .data          0x00000000        0x0 mmc.o
 .bss           0x00000000        0x0 mmc.o
 .text.xmit_spi
                0x00000000       0x2e mmc.o
 .text.rcv_spi  0x00000000       0x28 mmc.o
 .text.send_cmd
                0x00000000       0x8a mmc.o
 .text.release_spi
                0x00000000        0x6 mmc.o
 .text.disk_readp
                0x00000000       0xbe mmc.o
 .text.disk_writep
                0x00000000       0xf4 mmc.o
 .text.disk_initialize
                0x00000000      0x1ba mmc.o
 .bss.wc.1710   0x00000000        0x2 mmc.o
 .bss.CardType  0x00000000        0x1 mmc.o
 .debug_info    0x00000000      0x62f mmc.o
 .debug_abbrev  0x00000000      0x1cf mmc.o
 .debug_loc     0x00000000      0x740 mmc.o
 .debug_aranges
                0x00000000       0x50 mmc.o
 .debug_ranges  0x00000000       0x40 mmc.o
 .debug_line    0x00000000      0x529 mmc.o
 .debug_str     0x00000000      0x237 mmc.o
 .comment       0x00000000       0x31 mmc.o
 .debug_frame   0x00000000      0x100 mmc.o
 COMMON         0x00000000       0x15 mmc.o
 .text          0x00000000        0x0 NRF24.o
 .data          0x00000000        0x0 NRF24.o
 .bss           0x00000000        0x0 NRF24.o
 .text.NRF24_Transmit
                0x00000000       0x60 NRF24.o
 .text.NRF24L01_TX_Mode
                0x00000000       0x1c NRF24.o
 .text.nRF_command
                0x00000000       0x12 NRF24.o
 .text.NRF24L01_Send
                0x00000000       0x8c NRF24.o
 .data.flag_irq
                0x00000000        0x1 NRF24.o
 .bss.ErrCnt_Fl
                0x00000000        0x1 NRF24.o
 .text          0x00000000        0x0 pff.o
 .data          0x00000000        0x0 pff.o
 .bss           0x00000000        0x0 pff.o
 .text.mem_set  0x00000000       0x14 pff.o
 .text.mem_cmp  0x00000000       0x3a pff.o
 .text.clust2sect
                0x00000000       0x56 pff.o
 .text.dir_rewind
                0x00000000       0x9c pff.o
 .text.create_name
                0x00000000       0x8c pff.o
 .text.get_fileinfo
                0x00000000       0xbc pff.o
 .text.check_fs
                0x00000000       0x94 pff.o
 .text.get_fat  0x00000000      0x232 pff.o
 .text.dir_next
                0x00000000      0x100 pff.o
 .text.dir_find
                0x00000000       0xa4 pff.o
 .text.follow_path
                0x00000000       0xf2 pff.o
 .text.dir_read
                0x00000000       0x9e pff.o
 .text.pf_mount
                0x00000000      0x270 pff.o
 .text.pf_open  0x00000000       0xb8 pff.o
 .text.pf_read  0x00000000      0x1e2 pff.o
 .text.pf_write
                0x00000000      0x214 pff.o
 .text.pf_lseek
                0x00000000      0x25a pff.o
 .text.pf_opendir
                0x00000000       0xb4 pff.o
 .text.pf_readdir
                0x00000000       0xb2 pff.o
 .bss.FatFs     0x00000000        0x2 pff.o
 .debug_info    0x00000000     0x11d8 pff.o
 .debug_abbrev  0x00000000      0x268 pff.o
 .debug_loc     0x00000000     0x1e2c pff.o
 .debug_aranges
                0x00000000       0xb0 pff.o
 .debug_ranges  0x00000000       0xa0 pff.o
 .debug_line    0x00000000      0xc29 pff.o
 .debug_str     0x00000000      0x40f pff.o
 .comment       0x00000000       0x31 pff.o
 .debug_frame   0x00000000      0x45c pff.o
 .text          0x00000000        0x0 RTC_DS3231.o
 .data          0x00000000        0x0 RTC_DS3231.o
 .bss           0x00000000        0x0 RTC_DS3231.o
 .text.RTC_read_time
                0x00000000       0x78 RTC_DS3231.o
 .text.RTC_write_time
                0x00000000       0x46 RTC_DS3231.o
 .text.RTC_write_date
                0x00000000       0x56 RTC_DS3231.o
 .text          0x00000000        0x0 SD.o
 .data          0x00000000        0x0 SD.o
 .bss           0x00000000        0x0 SD.o
 .rodata.str1.1
                0x00000000        0x3 SD.o
 .text.read_symbol_from_SD
                0x00000000       0x8a SD.o
 .debug_info    0x00000000      0x16e SD.o
 .debug_abbrev  0x00000000       0xdc SD.o
 .debug_loc     0x00000000       0x87 SD.o
 .debug_aranges
                0x00000000       0x20 SD.o
 .debug_ranges  0x00000000       0x10 SD.o
 .debug_line    0x00000000       0xca SD.o
 .debug_str     0x00000000      0x1de SD.o
 .comment       0x00000000       0x31 SD.o
 .debug_frame   0x00000000       0x40 SD.o
 .text          0x00000000        0x0 TWI.o
 .data          0x00000000        0x0 TWI.o
 .bss           0x00000000        0x0 TWI.o
 .text.I2C_SendByteByADDR
                0x00000000       0x22 TWI.o
 .text          0x00000000        0x0 usart.o
 .data          0x00000000        0x0 usart.o
 .bss           0x00000000        0x0 usart.o
 .text          0x00000000        0x0 WeatherStation.o
 .data          0x00000000        0x0 WeatherStation.o
 .bss           0x00000000        0x0 WeatherStation.o
 .text          0x00000000        0x0 d:/atmelstudio/7.0/toolchain/avr8/avr8-gnu-toolchain/bin/../lib/gcc/avr/5.4.0/../../../../avr/lib/avr5\libm.a(fixsfsi.o)
 .data          0x00000000        0x0 d:/atmelstudio/7.0/toolchain/avr8/avr8-gnu-toolchain/bin/../lib/gcc/avr/5.4.0/../../../../avr/lib/avr5\libm.a(fixsfsi.o)
 .bss           0x00000000        0x0 d:/atmelstudio/7.0/toolchain/avr8/avr8-gnu-toolchain/bin/../lib/gcc/avr/5.4.0/../../../../avr/lib/avr5\libm.a(fixsfsi.o)
 .text          0x00000000        0x0 d:/atmelstudio/7.0/toolchain/avr8/avr8-gnu-toolchain/bin/../lib/gcc/avr/5.4.0/../../../../avr/lib/avr5\libm.a(fixunssfsi.o)
 .data          0x00000000        0x0 d:/atmelstudio/7.0/toolchain/avr8/avr8-gnu-toolchain/bin/../lib/gcc/avr/5.4.0/../../../../avr/lib/avr5\libm.a(fixunssfsi.o)
 .bss           0x00000000        0x0 d:/atmelstudio/7.0/toolchain/avr8/avr8-gnu-toolchain/bin/../lib/gcc/avr/5.4.0/../../../../avr/lib/avr5\libm.a(fixunssfsi.o)
 .text          0x00000000        0x0 d:/atmelstudio/7.0/toolchain/avr8/avr8-gnu-toolchain/bin/../lib/gcc/avr/5.4.0/../../../../avr/lib/avr5\libm.a(floatsisf.o)
 .data          0x00000000        0x0 d:/atmelstudio/7.0/toolchain/avr8/avr8-gnu-toolchain/bin/../lib/gcc/avr/5.4.0/../../../../avr/lib/avr5\libm.a(floatsisf.o)
 .bss           0x00000000        0x0 d:/atmelstudio/7.0/toolchain/avr8/avr8-gnu-toolchain/bin/../lib/gcc/avr/5.4.0/../../../../avr/lib/avr5\libm.a(floatsisf.o)
 .text          0x00000000        0x0 d:/atmelstudio/7.0/toolchain/avr8/avr8-gnu-toolchain/bin/../lib/gcc/avr/5.4.0/../../../../avr/lib/avr5\libm.a(fp_split3.o)
 .data          0x00000000        0x0 d:/atmelstudio/7.0/toolchain/avr8/avr8-gnu-toolchain/bin/../lib/gcc/avr/5.4.0/../../../../avr/lib/avr5\libm.a(fp_split3.o)
 .bss           0x00000000        0x0 d:/atmelstudio/7.0/toolchain/avr8/avr8-gnu-toolchain/bin/../lib/gcc/avr/5.4.0/../../../../avr/lib/avr5\libm.a(fp_split3.o)
 .text          0x00000000        0x0 d:/atmelstudio/7.0/toolchain/avr8/avr8-gnu-toolchain/bin/../lib/gcc/avr/5.4.0/../../../../avr/lib/avr5\libm.a(fp_zero.o)
 .data          0x00000000        0x0 d:/atmelstudio/7.0/toolchain/avr8/avr8-gnu-toolchain/bin/../lib/gcc/avr/5.4.0/../../../../avr/lib/avr5\libm.a(fp_zero.o)
 .bss           0x00000000        0x0 d:/atmelstudio/7.0/toolchain/avr8/avr8-gnu-toolchain/bin/../lib/gcc/avr/5.4.0/../../../../avr/lib/avr5\libm.a(fp_zero.o)
 .text          0x00000000        0x0 d:/atmelstudio/7.0/toolchain/avr8/avr8-gnu-toolchain/bin/../lib/gcc/avr/5.4.0/../../../../avr/lib/avr5\libm.a(mulsf3.o)
 .data          0x00000000        0x0 d:/atmelstudio/7.0/toolchain/avr8/avr8-gnu-toolchain/bin/../lib/gcc/avr/5.4.0/../../../../avr/lib/avr5\libm.a(mulsf3.o)
 .bss           0x00000000        0x0 d:/atmelstudio/7.0/toolchain/avr8/avr8-gnu-toolchain/bin/../lib/gcc/avr/5.4.0/../../../../avr/lib/avr5\libm.a(mulsf3.o)
 .text          0x00000000        0x0 d:/atmelstudio/7.0/toolchain/avr8/avr8-gnu-toolchain/bin/../lib/gcc/avr/5.4.0/../../../../avr/lib/avr5\libm.a(mulsf3x.o)
 .data          0x00000000        0x0 d:/atmelstudio/7.0/toolchain/avr8/avr8-gnu-toolchain/bin/../lib/gcc/avr/5.4.0/../../../../avr/lib/avr5\libm.a(mulsf3x.o)
 .bss           0x00000000        0x0 d:/atmelstudio/7.0/toolchain/avr8/avr8-gnu-toolchain/bin/../lib/gcc/avr/5.4.0/../../../../avr/lib/avr5\libm.a(mulsf3x.o)
 .text          0x00000000        0x0 d:/atmelstudio/7.0/toolchain/avr8/avr8-gnu-toolchain/bin/../lib/gcc/avr/5.4.0/../../../../avr/lib/avr5\libm.a(fp_inf.o)
 .data          0x00000000        0x0 d:/atmelstudio/7.0/toolchain/avr8/avr8-gnu-toolchain/bin/../lib/gcc/avr/5.4.0/../../../../avr/lib/avr5\libm.a(fp_inf.o)
 .bss           0x00000000        0x0 d:/atmelstudio/7.0/toolchain/avr8/avr8-gnu-toolchain/bin/../lib/gcc/avr/5.4.0/../../../../avr/lib/avr5\libm.a(fp_inf.o)
 .text          0x00000000        0x0 d:/atmelstudio/7.0/toolchain/avr8/avr8-gnu-toolchain/bin/../lib/gcc/avr/5.4.0/../../../../avr/lib/avr5\libm.a(fp_nan.o)
 .data          0x00000000        0x0 d:/atmelstudio/7.0/toolchain/avr8/avr8-gnu-toolchain/bin/../lib/gcc/avr/5.4.0/../../../../avr/lib/avr5\libm.a(fp_nan.o)
 .bss           0x00000000        0x0 d:/atmelstudio/7.0/toolchain/avr8/avr8-gnu-toolchain/bin/../lib/gcc/avr/5.4.0/../../../../avr/lib/avr5\libm.a(fp_nan.o)
 .text          0x00000000        0x0 d:/atmelstudio/7.0/toolchain/avr8/avr8-gnu-toolchain/bin/../lib/gcc/avr/5.4.0/../../../../avr/lib/avr5\libm.a(fp_pscA.o)
 .data          0x00000000        0x0 d:/atmelstudio/7.0/toolchain/avr8/avr8-gnu-toolchain/bin/../lib/gcc/avr/5.4.0/../../../../avr/lib/avr5\libm.a(fp_pscA.o)
 .bss           0x00000000        0x0 d:/atmelstudio/7.0/toolchain/avr8/avr8-gnu-toolchain/bin/../lib/gcc/avr/5.4.0/../../../../avr/lib/avr5\libm.a(fp_pscA.o)
 .text          0x00000000        0x0 d:/atmelstudio/7.0/toolchain/avr8/avr8-gnu-toolchain/bin/../lib/gcc/avr/5.4.0/../../../../avr/lib/avr5\libm.a(fp_pscB.o)
 .data          0x00000000        0x0 d:/atmelstudio/7.0/toolchain/avr8/avr8-gnu-toolchain/bin/../lib/gcc/avr/5.4.0/../../../../avr/lib/avr5\libm.a(fp_pscB.o)
 .bss           0x00000000        0x0 d:/atmelstudio/7.0/toolchain/avr8/avr8-gnu-toolchain/bin/../lib/gcc/avr/5.4.0/../../../../avr/lib/avr5\libm.a(fp_pscB.o)
 .text          0x00000000        0x0 d:/atmelstudio/7.0/toolchain/avr8/avr8-gnu-toolchain/bin/../lib/gcc/avr/5.4.0/../../../../avr/lib/avr5\libm.a(fp_round.o)
 .data          0x00000000        0x0 d:/atmelstudio/7.0/toolchain/avr8/avr8-gnu-toolchain/bin/../lib/gcc/avr/5.4.0/../../../../avr/lib/avr5\libm.a(fp_round.o)
 .bss           0x00000000        0x0 d:/atmelstudio/7.0/toolchain/avr8/avr8-gnu-toolchain/bin/../lib/gcc/avr/5.4.0/../../../../avr/lib/avr5\libm.a(fp_round.o)
 .text          0x00000000        0x0 d:/atmelstudio/7.0/toolchain/avr8/avr8-gnu-toolchain/bin/../lib/gcc/avr/5.4.0/avr5\libgcc.a(_mulsi3.o)
 .data          0x00000000        0x0 d:/atmelstudio/7.0/toolchain/avr8/avr8-gnu-toolchain/bin/../lib/gcc/avr/5.4.0/avr5\libgcc.a(_mulsi3.o)
 .bss           0x00000000        0x0 d:/atmelstudio/7.0/toolchain/avr8/avr8-gnu-toolchain/bin/../lib/gcc/avr/5.4.0/avr5\libgcc.a(_mulsi3.o)
 .text.libgcc.div
                0x00000000        0x0 d:/atmelstudio/7.0/toolchain/avr8/avr8-gnu-toolchain/bin/../lib/gcc/avr/5.4.0/avr5\libgcc.a(_mulsi3.o)
 .text.libgcc   0x00000000        0x0 d:/atmelstudio/7.0/toolchain/avr8/avr8-gnu-toolchain/bin/../lib/gcc/avr/5.4.0/avr5\libgcc.a(_mulsi3.o)
 .text.libgcc.prologue
                0x00000000        0x0 d:/atmelstudio/7.0/toolchain/avr8/avr8-gnu-toolchain/bin/../lib/gcc/avr/5.4.0/avr5\libgcc.a(_mulsi3.o)
 .text.libgcc.builtins
                0x00000000        0x0 d:/atmelstudio/7.0/toolchain/avr8/avr8-gnu-toolchain/bin/../lib/gcc/avr/5.4.0/avr5\libgcc.a(_mulsi3.o)
 .text.libgcc.fmul
                0x00000000        0x0 d:/atmelstudio/7.0/toolchain/avr8/avr8-gnu-toolchain/bin/../lib/gcc/avr/5.4.0/avr5\libgcc.a(_mulsi3.o)
 .text.libgcc.fixed
                0x00000000        0x0 d:/atmelstudio/7.0/toolchain/avr8/avr8-gnu-toolchain/bin/../lib/gcc/avr/5.4.0/avr5\libgcc.a(_mulsi3.o)
 .text          0x00000000        0x0 d:/atmelstudio/7.0/toolchain/avr8/avr8-gnu-toolchain/bin/../lib/gcc/avr/5.4.0/avr5\libgcc.a(_divmodhi4.o)
 .data          0x00000000        0x0 d:/atmelstudio/7.0/toolchain/avr8/avr8-gnu-toolchain/bin/../lib/gcc/avr/5.4.0/avr5\libgcc.a(_divmodhi4.o)
 .bss           0x00000000        0x0 d:/atmelstudio/7.0/toolchain/avr8/avr8-gnu-toolchain/bin/../lib/gcc/avr/5.4.0/avr5\libgcc.a(_divmodhi4.o)
 .text.libgcc.mul
                0x00000000        0x0 d:/atmelstudio/7.0/toolchain/avr8/avr8-gnu-toolchain/bin/../lib/gcc/avr/5.4.0/avr5\libgcc.a(_divmodhi4.o)
 .text.libgcc   0x00000000        0x0 d:/atmelstudio/7.0/toolchain/avr8/avr8-gnu-toolchain/bin/../lib/gcc/avr/5.4.0/avr5\libgcc.a(_divmodhi4.o)
 .text.libgcc.prologue
                0x00000000        0x0 d:/atmelstudio/7.0/toolchain/avr8/avr8-gnu-toolchain/bin/../lib/gcc/avr/5.4.0/avr5\libgcc.a(_divmodhi4.o)
 .text.libgcc.builtins
                0x00000000        0x0 d:/atmelstudio/7.0/toolchain/avr8/avr8-gnu-toolchain/bin/../lib/gcc/avr/5.4.0/avr5\libgcc.a(_divmodhi4.o)
 .text.libgcc.fmul
                0x00000000        0x0 d:/atmelstudio/7.0/toolchain/avr8/avr8-gnu-toolchain/bin/../lib/gcc/avr/5.4.0/avr5\libgcc.a(_divmodhi4.o)
 .text.libgcc.fixed
                0x00000000        0x0 d:/atmelstudio/7.0/toolchain/avr8/avr8-gnu-toolchain/bin/../lib/gcc/avr/5.4.0/avr5\libgcc.a(_divmodhi4.o)
 .text          0x00000000        0x0 d:/atmelstudio/7.0/toolchain/avr8/avr8-gnu-toolchain/bin/../lib/gcc/avr/5.4.0/avr5\libgcc.a(_udivmodsi4.o)
 .data          0x00000000        0x0 d:/atmelstudio/7.0/toolchain/avr8/avr8-gnu-toolchain/bin/../lib/gcc/avr/5.4.0/avr5\libgcc.a(_udivmodsi4.o)
 .bss           0x00000000        0x0 d:/atmelstudio/7.0/toolchain/avr8/avr8-gnu-toolchain/bin/../lib/gcc/avr/5.4.0/avr5\libgcc.a(_udivmodsi4.o)
 .text.libgcc.mul
                0x00000000        0x0 d:/atmelstudio/7.0/toolchain/avr8/avr8-gnu-toolchain/bin/../lib/gcc/avr/5.4.0/avr5\libgcc.a(_udivmodsi4.o)
 .text.libgcc   0x00000000        0x0 d:/atmelstudio/7.0/toolchain/avr8/avr8-gnu-toolchain/bin/../lib/gcc/avr/5.4.0/avr5\libgcc.a(_udivmodsi4.o)
 .text.libgcc.prologue
                0x00000000        0x0 d:/atmelstudio/7.0/toolchain/avr8/avr8-gnu-toolchain/bin/../lib/gcc/avr/5.4.0/avr5\libgcc.a(_udivmodsi4.o)
 .text.libgcc.builtins
                0x00000000        0x0 d:/atmelstudio/7.0/toolchain/avr8/avr8-gnu-toolchain/bin/../lib/gcc/avr/5.4.0/avr5\libgcc.a(_udivmodsi4.o)
 .text.libgcc.fmul
                0x00000000        0x0 d:/atmelstudio/7.0/toolchain/avr8/avr8-gnu-toolchain/bin/../lib/gcc/avr/5.4.0/avr5\libgcc.a(_udivmodsi4.o)
 .text.libgcc.fixed
                0x00000000        0x0 d:/atmelstudio/7.0/toolchain/avr8/avr8-gnu-toolchain/bin/../lib/gcc/avr/5.4.0/avr5\libgcc.a(_udivmodsi4.o)
 .text          0x00000000        0x0 d:/atmelstudio/7.0/toolchain/avr8/avr8-gnu-toolchain/bin/../lib/gcc/avr/5.4.0/avr5\libgcc.a(_divmodsi4.o)
 .data          0x00000000        0x0 d:/atmelstudio/7.0/toolchain/avr8/avr8-gnu-toolchain/bin/../lib/gcc/avr/5.4.0/avr5\libgcc.a(_divmodsi4.o)
 .bss           0x00000000        0x0 d:/atmelstudio/7.0/toolchain/avr8/avr8-gnu-toolchain/bin/../lib/gcc/avr/5.4.0/avr5\libgcc.a(_divmodsi4.o)
 .text.libgcc.mul
                0x00000000        0x0 d:/atmelstudio/7.0/toolchain/avr8/avr8-gnu-toolchain/bin/../lib/gcc/avr/5.4.0/avr5\libgcc.a(_divmodsi4.o)
 .text.libgcc   0x00000000        0x0 d:/atmelstudio/7.0/toolchain/avr8/avr8-gnu-toolchain/bin/../lib/gcc/avr/5.4.0/avr5\libgcc.a(_divmodsi4.o)
 .text.libgcc.prologue
                0x00000000        0x0 d:/atmelstudio/7.0/toolchain/avr8/avr8-gnu-toolchain/bin/../lib/gcc/avr/5.4.0/avr5\libgcc.a(_divmodsi4.o)
 .text.libgcc.builtins
                0x00000000        0x0 d:/atmelstudio/7.0/toolchain/avr8/avr8-gnu-toolchain/bin/../lib/gcc/avr/5.4.0/avr5\libgcc.a(_divmodsi4.o)
 .text.libgcc.fmul
                0x00000000        0x0 d:/atmelstudio/7.0/toolchain/avr8/avr8-gnu-toolchain/bin/../lib/gcc/avr/5.4.0/avr5\libgcc.a(_divmodsi4.o)
 .text.libgcc.fixed
                0x00000000        0x0 d:/atmelstudio/7.0/toolchain/avr8/avr8-gnu-toolchain/bin/../lib/gcc/avr/5.4.0/avr5\libgcc.a(_divmodsi4.o)
 .text          0x00000000        0x0 d:/atmelstudio/7.0/toolchain/avr8/avr8-gnu-toolchain/bin/../lib/gcc/avr/5.4.0/avr5\libgcc.a(_negsi2.o)
 .data          0x00000000        0x0 d:/atmelstudio/7.0/toolchain/avr8/avr8-gnu-toolchain/bin/../lib/gcc/avr/5.4.0/avr5\libgcc.a(_negsi2.o)
 .bss           0x00000000        0x0 d:/atmelstudio/7.0/toolchain/avr8/avr8-gnu-toolchain/bin/../lib/gcc/avr/5.4.0/avr5\libgcc.a(_negsi2.o)
 .text.libgcc.mul
                0x00000000        0x0 d:/atmelstudio/7.0/toolchain/avr8/avr8-gnu-toolchain/bin/../lib/gcc/avr/5.4.0/avr5\libgcc.a(_negsi2.o)
 .text.libgcc   0x00000000        0x0 d:/atmelstudio/7.0/toolchain/avr8/avr8-gnu-toolchain/bin/../lib/gcc/avr/5.4.0/avr5\libgcc.a(_negsi2.o)
 .text.libgcc.prologue
                0x00000000        0x0 d:/atmelstudio/7.0/toolchain/avr8/avr8-gnu-toolchain/bin/../lib/gcc/avr/5.4.0/avr5\libgcc.a(_negsi2.o)
 .text.libgcc.builtins
                0x00000000        0x0 d:/atmelstudio/7.0/toolchain/avr8/avr8-gnu-toolchain/bin/../lib/gcc/avr/5.4.0/avr5\libgcc.a(_negsi2.o)
 .text.libgcc.fmul
                0x00000000        0x0 d:/atmelstudio/7.0/toolchain/avr8/avr8-gnu-toolchain/bin/../lib/gcc/avr/5.4.0/avr5\libgcc.a(_negsi2.o)
 .text.libgcc.fixed
                0x00000000        0x0 d:/atmelstudio/7.0/toolchain/avr8/avr8-gnu-toolchain/bin/../lib/gcc/avr/5.4.0/avr5\libgcc.a(_negsi2.o)
 .text          0x00000000        0x0 d:/atmelstudio/7.0/toolchain/avr8/avr8-gnu-toolchain/bin/../lib/gcc/avr/5.4.0/avr5\libgcc.a(_exit.o)
 .data          0x00000000        0x0 d:/atmelstudio/7.0/toolchain/avr8/avr8-gnu-toolchain/bin/../lib/gcc/avr/5.4.0/avr5\libgcc.a(_exit.o)
 .bss           0x00000000        0x0 d:/atmelstudio/7.0/toolchain/avr8/avr8-gnu-toolchain/bin/../lib/gcc/avr/5.4.0/avr5\libgcc.a(_exit.o)
 .text.libgcc.mul
                0x00000000        0x0 d:/atmelstudio/7.0/toolchain/avr8/avr8-gnu-toolchain/bin/../lib/gcc/avr/5.4.0/avr5\libgcc.a(_exit.o)
 .text.libgcc.div
                0x00000000        0x0 d:/atmelstudio/7.0/toolchain/avr8/avr8-gnu-toolchain/bin/../lib/gcc/avr/5.4.0/avr5\libgcc.a(_exit.o)
 .text.libgcc   0x00000000        0x0 d:/atmelstudio/7.0/toolchain/avr8/avr8-gnu-toolchain/bin/../lib/gcc/avr/5.4.0/avr5\libgcc.a(_exit.o)
 .text.libgcc.prologue
                0x00000000        0x0 d:/atmelstudio/7.0/toolchain/avr8/avr8-gnu-toolchain/bin/../lib/gcc/avr/5.4.0/avr5\libgcc.a(_exit.o)
 .text.libgcc.builtins
                0x00000000        0x0 d:/atmelstudio/7.0/toolchain/avr8/avr8-gnu-toolchain/bin/../lib/gcc/avr/5.4.0/avr5\libgcc.a(_exit.o)
 .text.libgcc.fmul
                0x00000000        0x0 d:/atmelstudio/7.0/toolchain/avr8/avr8-gnu-toolchain/bin/../lib/gcc/avr/5.4.0/avr5\libgcc.a(_exit.o)
 .text.libgcc.fixed
                0x00000000        0x0 d:/atmelstudio/7.0/toolchain/avr8/avr8-gnu-toolchain/bin/../lib/gcc/avr/5.4.0/avr5\libgcc.a(_exit.o)
 .text          0x00000000        0x0 d:/atmelstudio/7.0/toolchain/avr8/avr8-gnu-toolchain/bin/../lib/gcc/avr/5.4.0/avr5\libgcc.a(_tablejump2.o)
 .data          0x00000000        0x0 d:/atmelstudio/7.0/toolchain/avr8/avr8-gnu-toolchain/bin/../lib/gcc/avr/5.4.0/avr5\libgcc.a(_tablejump2.o)
 .bss           0x00000000        0x0 d:/atmelstudio/7.0/toolchain/avr8/avr8-gnu-toolchain/bin/../lib/gcc/avr/5.4.0/avr5\libgcc.a(_tablejump2.o)
 .text.libgcc.mul
                0x00000000        0x0 d:/atmelstudio/7.0/toolchain/avr8/avr8-gnu-toolchain/bin/../lib/gcc/avr/5.4.0/avr5\libgcc.a(_tablejump2.o)
 .text.libgcc.div
                0x00000000        0x0 d:/atmelstudio/7.0/toolchain/avr8/avr8-gnu-toolchain/bin/../lib/gcc/avr/5.4.0/avr5\libgcc.a(_tablejump2.o)
 .text.libgcc.prologue
                0x00000000        0x0 d:/atmelstudio/7.0/toolchain/avr8/avr8-gnu-toolchain/bin/../lib/gcc/avr/5.4.0/avr5\libgcc.a(_tablejump2.o)
 .text.libgcc.builtins
                0x00000000        0x0 d:/atmelstudio/7.0/toolchain/avr8/avr8-gnu-toolchain/bin/../lib/gcc/avr/5.4.0/avr5\libgcc.a(_tablejump2.o)
 .text.libgcc.fmul
                0x00000000        0x0 d:/atmelstudio/7.0/toolchain/avr8/avr8-gnu-toolchain/bin/../lib/gcc/avr/5.4.0/avr5\libgcc.a(_tablejump2.o)
 .text.libgcc.fixed
                0x00000000        0x0 d:/atmelstudio/7.0/toolchain/avr8/avr8-gnu-toolchain/bin/../lib/gcc/avr/5.4.0/avr5\libgcc.a(_tablejump2.o)
 .text          0x00000000        0x0 d:/atmelstudio/7.0/toolchain/avr8/avr8-gnu-toolchain/bin/../lib/gcc/avr/5.4.0/avr5\libgcc.a(_copy_data.o)
 .data          0x00000000        0x0 d:/atmelstudio/7.0/toolchain/avr8/avr8-gnu-toolchain/bin/../lib/gcc/avr/5.4.0/avr5\libgcc.a(_copy_data.o)
 .bss           0x00000000        0x0 d:/atmelstudio/7.0/toolchain/avr8/avr8-gnu-toolchain/bin/../lib/gcc/avr/5.4.0/avr5\libgcc.a(_copy_data.o)
 .text.libgcc.mul
                0x00000000        0x0 d:/atmelstudio/7.0/toolchain/avr8/avr8-gnu-toolchain/bin/../lib/gcc/avr/5.4.0/avr5\libgcc.a(_copy_data.o)
 .text.libgcc.div
                0x00000000        0x0 d:/atmelstudio/7.0/toolchain/avr8/avr8-gnu-toolchain/bin/../lib/gcc/avr/5.4.0/avr5\libgcc.a(_copy_data.o)
 .text.libgcc   0x00000000        0x0 d:/atmelstudio/7.0/toolchain/avr8/avr8-gnu-toolchain/bin/../lib/gcc/avr/5.4.0/avr5\libgcc.a(_copy_data.o)
 .text.libgcc.prologue
                0x00000000        0x0 d:/atmelstudio/7.0/toolchain/avr8/avr8-gnu-toolchain/bin/../lib/gcc/avr/5.4.0/avr5\libgcc.a(_copy_data.o)
 .text.libgcc.builtins
                0x00000000        0x0 d:/atmelstudio/7.0/toolchain/avr8/avr8-gnu-toolchain/bin/../lib/gcc/avr/5.4.0/avr5\libgcc.a(_copy_data.o)
 .text.libgcc.fmul
                0x00000000        0x0 d:/atmelstudio/7.0/toolchain/avr8/avr8-gnu-toolchain/bin/../lib/gcc/avr/5.4.0/avr5\libgcc.a(_copy_data.o)
 .text.libgcc.fixed
                0x00000000        0x0 d:/atmelstudio/7.0/toolchain/avr8/avr8-gnu-toolchain/bin/../lib/gcc/avr/5.4.0/avr5\libgcc.a(_copy_data.o)
 .text          0x00000000        0x0 d:/atmelstudio/7.0/toolchain/avr8/avr8-gnu-toolchain/bin/../lib/gcc/avr/5.4.0/avr5\libgcc.a(_clear_bss.o)
 .data          0x00000000        0x0 d:/atmelstudio/7.0/toolchain/avr8/avr8-gnu-toolchain/bin/../lib/gcc/avr/5.4.0/avr5\libgcc.a(_clear_bss.o)
 .bss           0x00000000        0x0 d:/atmelstudio/7.0/toolchain/avr8/avr8-gnu-toolchain/bin/../lib/gcc/avr/5.4.0/avr5\libgcc.a(_clear_bss.o)
 .text.libgcc.mul
                0x00000000        0x0 d:/atmelstudio/7.0/toolchain/avr8/avr8-gnu-toolchain/bin/../lib/gcc/avr/5.4.0/avr5\libgcc.a(_clear_bss.o)
 .text.libgcc.div
                0x00000000        0x0 d:/atmelstudio/7.0/toolchain/avr8/avr8-gnu-toolchain/bin/../lib/gcc/avr/5.4.0/avr5\libgcc.a(_clear_bss.o)
 .text.libgcc   0x00000000        0x0 d:/atmelstudio/7.0/toolchain/avr8/avr8-gnu-toolchain/bin/../lib/gcc/avr/5.4.0/avr5\libgcc.a(_clear_bss.o)
 .text.libgcc.prologue
                0x00000000        0x0 d:/atmelstudio/7.0/toolchain/avr8/avr8-gnu-toolchain/bin/../lib/gcc/avr/5.4.0/avr5\libgcc.a(_clear_bss.o)
 .text.libgcc.builtins
                0x00000000        0x0 d:/atmelstudio/7.0/toolchain/avr8/avr8-gnu-toolchain/bin/../lib/gcc/avr/5.4.0/avr5\libgcc.a(_clear_bss.o)
 .text.libgcc.fmul
                0x00000000        0x0 d:/atmelstudio/7.0/toolchain/avr8/avr8-gnu-toolchain/bin/../lib/gcc/avr/5.4.0/avr5\libgcc.a(_clear_bss.o)
 .text.libgcc.fixed
                0x00000000        0x0 d:/atmelstudio/7.0/toolchain/avr8/avr8-gnu-toolchain/bin/../lib/gcc/avr/5.4.0/avr5\libgcc.a(_clear_bss.o)
 .text          0x00000000        0x0 d:/atmelstudio/7.0/toolchain/avr8/avr8-gnu-toolchain/bin/../lib/gcc/avr/5.4.0/avr5\libgcc.a(_muluhisi3.o)
 .data          0x00000000        0x0 d:/atmelstudio/7.0/toolchain/avr8/avr8-gnu-toolchain/bin/../lib/gcc/avr/5.4.0/avr5\libgcc.a(_muluhisi3.o)
 .bss           0x00000000        0x0 d:/atmelstudio/7.0/toolchain/avr8/avr8-gnu-toolchain/bin/../lib/gcc/avr/5.4.0/avr5\libgcc.a(_muluhisi3.o)
 .text.libgcc.div
                0x00000000        0x0 d:/atmelstudio/7.0/toolchain/avr8/avr8-gnu-toolchain/bin/../lib/gcc/avr/5.4.0/avr5\libgcc.a(_muluhisi3.o)
 .text.libgcc   0x00000000        0x0 d:/atmelstudio/7.0/toolchain/avr8/avr8-gnu-toolchain/bin/../lib/gcc/avr/5.4.0/avr5\libgcc.a(_muluhisi3.o)
 .text.libgcc.prologue
                0x00000000        0x0 d:/atmelstudio/7.0/toolchain/avr8/avr8-gnu-toolchain/bin/../lib/gcc/avr/5.4.0/avr5\libgcc.a(_muluhisi3.o)
 .text.libgcc.builtins
                0x00000000        0x0 d:/atmelstudio/7.0/toolchain/avr8/avr8-gnu-toolchain/bin/../lib/gcc/avr/5.4.0/avr5\libgcc.a(_muluhisi3.o)
 .text.libgcc.fmul
                0x00000000        0x0 d:/atmelstudio/7.0/toolchain/avr8/avr8-gnu-toolchain/bin/../lib/gcc/avr/5.4.0/avr5\libgcc.a(_muluhisi3.o)
 .text.libgcc.fixed
                0x00000000        0x0 d:/atmelstudio/7.0/toolchain/avr8/avr8-gnu-toolchain/bin/../lib/gcc/avr/5.4.0/avr5\libgcc.a(_muluhisi3.o)
 .text          0x00000000        0x0 d:/atmelstudio/7.0/toolchain/avr8/avr8-gnu-toolchain/bin/../lib/gcc/avr/5.4.0/avr5\libgcc.a(_mulshisi3.o)
 .data          0x00000000        0x0 d:/atmelstudio/7.0/toolchain/avr8/avr8-gnu-toolchain/bin/../lib/gcc/avr/5.4.0/avr5\libgcc.a(_mulshisi3.o)
 .bss           0x00000000        0x0 d:/atmelstudio/7.0/toolchain/avr8/avr8-gnu-toolchain/bin/../lib/gcc/avr/5.4.0/avr5\libgcc.a(_mulshisi3.o)
 .text.libgcc.div
                0x00000000        0x0 d:/atmelstudio/7.0/toolchain/avr8/avr8-gnu-toolchain/bin/../lib/gcc/avr/5.4.0/avr5\libgcc.a(_mulshisi3.o)
 .text.libgcc   0x00000000        0x0 d:/atmelstudio/7.0/toolchain/avr8/avr8-gnu-toolchain/bin/../lib/gcc/avr/5.4.0/avr5\libgcc.a(_mulshisi3.o)
 .text.libgcc.prologue
                0x00000000        0x0 d:/atmelstudio/7.0/toolchain/avr8/avr8-gnu-toolchain/bin/../lib/gcc/avr/5.4.0/avr5\libgcc.a(_mulshisi3.o)
 .text.libgcc.builtins
                0x00000000        0x0 d:/atmelstudio/7.0/toolchain/avr8/avr8-gnu-toolchain/bin/../lib/gcc/avr/5.4.0/avr5\libgcc.a(_mulshisi3.o)
 .text.libgcc.fmul
                0x00000000        0x0 d:/atmelstudio/7.0/toolchain/avr8/avr8-gnu-toolchain/bin/../lib/gcc/avr/5.4.0/avr5\libgcc.a(_mulshisi3.o)
 .text.libgcc.fixed
                0x00000000        0x0 d:/atmelstudio/7.0/toolchain/avr8/avr8-gnu-toolchain/bin/../lib/gcc/avr/5.4.0/avr5\libgcc.a(_mulshisi3.o)
 .text          0x00000000        0x0 d:/atmelstudio/7.0/toolchain/avr8/avr8-gnu-toolchain/bin/../lib/gcc/avr/5.4.0/avr5\libgcc.a(_udivmodhi4.o)
 .data          0x00000000        0x0 d:/atmelstudio/7.0/toolchain/avr8/avr8-gnu-toolchain/bin/../lib/gcc/avr/5.4.0/avr5\libgcc.a(_udivmodhi4.o)
 .bss           0x00000000        0x0 d:/atmelstudio/7.0/toolchain/avr8/avr8-gnu-toolchain/bin/../lib/gcc/avr/5.4.0/avr5\libgcc.a(_udivmodhi4.o)
 .text.libgcc.mul
                0x00000000        0x0 d:/atmelstudio/7.0/toolchain/avr8/avr8-gnu-toolchain/bin/../lib/gcc/avr/5.4.0/avr5\libgcc.a(_udivmodhi4.o)
 .text.libgcc   0x00000000        0x0 d:/atmelstudio/7.0/toolchain/avr8/avr8-gnu-toolchain/bin/../lib/gcc/avr/5.4.0/avr5\libgcc.a(_udivmodhi4.o)
 .text.libgcc.prologue
                0x00000000        0x0 d:/atmelstudio/7.0/toolchain/avr8/avr8-gnu-toolchain/bin/../lib/gcc/avr/5.4.0/avr5\libgcc.a(_udivmodhi4.o)
 .text.libgcc.builtins
                0x00000000        0x0 d:/atmelstudio/7.0/toolchain/avr8/avr8-gnu-toolchain/bin/../lib/gcc/avr/5.4.0/avr5\libgcc.a(_udivmodhi4.o)
 .text.libgcc.fmul
                0x00000000        0x0 d:/atmelstudio/7.0/toolchain/avr8/avr8-gnu-toolchain/bin/../lib/gcc/avr/5.4.0/avr5\libgcc.a(_udivmodhi4.o)
 .text.libgcc.fixed
                0x00000000        0x0 d:/atmelstudio/7.0/toolchain/avr8/avr8-gnu-toolchain/bin/../lib/gcc/avr/5.4.0/avr5\libgcc.a(_udivmodhi4.o)
 .text          0x00000000        0x0 d:/atmelstudio/7.0/toolchain/avr8/avr8-gnu-toolchain/bin/../lib/gcc/avr/5.4.0/avr5\libgcc.a(_umulhisi3.o)
 .data          0x00000000        0x0 d:/atmelstudio/7.0/toolchain/avr8/avr8-gnu-toolchain/bin/../lib/gcc/avr/5.4.0/avr5\libgcc.a(_umulhisi3.o)
 .bss           0x00000000        0x0 d:/atmelstudio/7.0/toolchain/avr8/avr8-gnu-toolchain/bin/../lib/gcc/avr/5.4.0/avr5\libgcc.a(_umulhisi3.o)
 .text.libgcc.div
                0x00000000        0x0 d:/atmelstudio/7.0/toolchain/avr8/avr8-gnu-toolchain/bin/../lib/gcc/avr/5.4.0/avr5\libgcc.a(_umulhisi3.o)
 .text.libgcc   0x00000000        0x0 d:/atmelstudio/7.0/toolchain/avr8/avr8-gnu-toolchain/bin/../lib/gcc/avr/5.4.0/avr5\libgcc.a(_umulhisi3.o)
 .text.libgcc.prologue
                0x00000000        0x0 d:/atmelstudio/7.0/toolchain/avr8/avr8-gnu-toolchain/bin/../lib/gcc/avr/5.4.0/avr5\libgcc.a(_umulhisi3.o)
 .text.libgcc.builtins
                0x00000000        0x0 d:/atmelstudio/7.0/toolchain/avr8/avr8-gnu-toolchain/bin/../lib/gcc/avr/5.4.0/avr5\libgcc.a(_umulhisi3.o)
 .text.libgcc.fmul
                0x00000000        0x0 d:/atmelstudio/7.0/toolchain/avr8/avr8-gnu-toolchain/bin/../lib/gcc/avr/5.4.0/avr5\libgcc.a(_umulhisi3.o)
 .text.libgcc.fixed
                0x00000000        0x0 d:/atmelstudio/7.0/toolchain/avr8/avr8-gnu-toolchain/bin/../lib/gcc/avr/5.4.0/avr5\libgcc.a(_umulhisi3.o)
 .text          0x00000000        0x0 d:/atmelstudio/7.0/toolchain/avr8/avr8-gnu-toolchain/bin/../lib/gcc/avr/5.4.0/../../../../avr/lib/avr5\libc.a(memset.o)
 .data          0x00000000        0x0 d:/atmelstudio/7.0/toolchain/avr8/avr8-gnu-toolchain/bin/../lib/gcc/avr/5.4.0/../../../../avr/lib/avr5\libc.a(memset.o)
 .bss           0x00000000        0x0 d:/atmelstudio/7.0/toolchain/avr8/avr8-gnu-toolchain/bin/../lib/gcc/avr/5.4.0/../../../../avr/lib/avr5\libc.a(memset.o)
 .text          0x00000000        0x0 d:/atmelstudio/7.0/toolchain/avr8/avr8-gnu-toolchain/bin/../lib/gcc/avr/5.4.0/../../../../avr/lib/avr5\libc.a(strcmp.o)
 .data          0x00000000        0x0 d:/atmelstudio/7.0/toolchain/avr8/avr8-gnu-toolchain/bin/../lib/gcc/avr/5.4.0/../../../../avr/lib/avr5\libc.a(strcmp.o)
 .bss           0x00000000        0x0 d:/atmelstudio/7.0/toolchain/avr8/avr8-gnu-toolchain/bin/../lib/gcc/avr/5.4.0/../../../../avr/lib/avr5\libc.a(strcmp.o)
 .text          0x00000000        0x0 d:/atmelstudio/7.0/toolchain/avr8/avr8-gnu-toolchain/bin/../lib/gcc/avr/5.4.0/../../../../avr/lib/avr5\libc.a(sprintf.o)
 .data          0x00000000        0x0 d:/atmelstudio/7.0/toolchain/avr8/avr8-gnu-toolchain/bin/../lib/gcc/avr/5.4.0/../../../../avr/lib/avr5\libc.a(sprintf.o)
 .bss           0x00000000        0x0 d:/atmelstudio/7.0/toolchain/avr8/avr8-gnu-toolchain/bin/../lib/gcc/avr/5.4.0/../../../../avr/lib/avr5\libc.a(sprintf.o)
 .text          0x00000000        0x0 d:/atmelstudio/7.0/toolchain/avr8/avr8-gnu-toolchain/bin/../lib/gcc/avr/5.4.0/../../../../avr/lib/avr5\libc.a(sscanf.o)
 .data          0x00000000        0x0 d:/atmelstudio/7.0/toolchain/avr8/avr8-gnu-toolchain/bin/../lib/gcc/avr/5.4.0/../../../../avr/lib/avr5\libc.a(sscanf.o)
 .bss           0x00000000        0x0 d:/atmelstudio/7.0/toolchain/avr8/avr8-gnu-toolchain/bin/../lib/gcc/avr/5.4.0/../../../../avr/lib/avr5\libc.a(sscanf.o)
 .text          0x00000000        0x0 d:/atmelstudio/7.0/toolchain/avr8/avr8-gnu-toolchain/bin/../lib/gcc/avr/5.4.0/../../../../avr/lib/avr5\libc.a(vfprintf_std.o)
 .data          0x00000000        0x0 d:/atmelstudio/7.0/toolchain/avr8/avr8-gnu-toolchain/bin/../lib/gcc/avr/5.4.0/../../../../avr/lib/avr5\libc.a(vfprintf_std.o)
 .bss           0x00000000        0x0 d:/atmelstudio/7.0/toolchain/avr8/avr8-gnu-toolchain/bin/../lib/gcc/avr/5.4.0/../../../../avr/lib/avr5\libc.a(vfprintf_std.o)
 .text          0x00000000        0x0 d:/atmelstudio/7.0/toolchain/avr8/avr8-gnu-toolchain/bin/../lib/gcc/avr/5.4.0/../../../../avr/lib/avr5\libc.a(vfscanf_std.o)
 .data          0x00000000        0x0 d:/atmelstudio/7.0/toolchain/avr8/avr8-gnu-toolchain/bin/../lib/gcc/avr/5.4.0/../../../../avr/lib/avr5\libc.a(vfscanf_std.o)
 .bss           0x00000000        0x0 d:/atmelstudio/7.0/toolchain/avr8/avr8-gnu-toolchain/bin/../lib/gcc/avr/5.4.0/../../../../avr/lib/avr5\libc.a(vfscanf_std.o)
 .text          0x00000000        0x0 d:/atmelstudio/7.0/toolchain/avr8/avr8-gnu-toolchain/bin/../lib/gcc/avr/5.4.0/../../../../avr/lib/avr5\libc.a(isspace.o)
 .data          0x00000000        0x0 d:/atmelstudio/7.0/toolchain/avr8/avr8-gnu-toolchain/bin/../lib/gcc/avr/5.4.0/../../../../avr/lib/avr5\libc.a(isspace.o)
 .bss           0x00000000        0x0 d:/atmelstudio/7.0/toolchain/avr8/avr8-gnu-toolchain/bin/../lib/gcc/avr/5.4.0/../../../../avr/lib/avr5\libc.a(isspace.o)
 .text          0x00000000        0x0 d:/atmelstudio/7.0/toolchain/avr8/avr8-gnu-toolchain/bin/../lib/gcc/avr/5.4.0/../../../../avr/lib/avr5\libc.a(strchr_P.o)
 .data          0x00000000        0x0 d:/atmelstudio/7.0/toolchain/avr8/avr8-gnu-toolchain/bin/../lib/gcc/avr/5.4.0/../../../../avr/lib/avr5\libc.a(strchr_P.o)
 .bss           0x00000000        0x0 d:/atmelstudio/7.0/toolchain/avr8/avr8-gnu-toolchain/bin/../lib/gcc/avr/5.4.0/../../../../avr/lib/avr5\libc.a(strchr_P.o)
 .text          0x00000000        0x0 d:/atmelstudio/7.0/toolchain/avr8/avr8-gnu-toolchain/bin/../lib/gcc/avr/5.4.0/../../../../avr/lib/avr5\libc.a(strnlen_P.o)
 .data          0x00000000        0x0 d:/atmelstudio/7.0/toolchain/avr8/avr8-gnu-toolchain/bin/../lib/gcc/avr/5.4.0/../../../../avr/lib/avr5\libc.a(strnlen_P.o)
 .bss           0x00000000        0x0 d:/atmelstudio/7.0/toolchain/avr8/avr8-gnu-toolchain/bin/../lib/gcc/avr/5.4.0/../../../../avr/lib/avr5\libc.a(strnlen_P.o)
 .text          0x00000000        0x0 d:/atmelstudio/7.0/toolchain/avr8/avr8-gnu-toolchain/bin/../lib/gcc/avr/5.4.0/../../../../avr/lib/avr5\libc.a(strnlen.o)
 .data          0x00000000        0x0 d:/atmelstudio/7.0/toolchain/avr8/avr8-gnu-toolchain/bin/../lib/gcc/avr/5.4.0/../../../../avr/lib/avr5\libc.a(strnlen.o)
 .bss           0x00000000        0x0 d:/atmelstudio/7.0/toolchain/avr8/avr8-gnu-toolchain/bin/../lib/gcc/avr/5.4.0/../../../../avr/lib/avr5\libc.a(strnlen.o)
 .text          0x00000000        0x0 d:/atmelstudio/7.0/toolchain/avr8/avr8-gnu-toolchain/bin/../lib/gcc/avr/5.4.0/../../../../avr/lib/avr5\libc.a(fgetc.o)
 .data          0x00000000        0x0 d:/atmelstudio/7.0/toolchain/avr8/avr8-gnu-toolchain/bin/../lib/gcc/avr/5.4.0/../../../../avr/lib/avr5\libc.a(fgetc.o)
 .bss           0x00000000        0x0 d:/atmelstudio/7.0/toolchain/avr8/avr8-gnu-toolchain/bin/../lib/gcc/avr/5.4.0/../../../../avr/lib/avr5\libc.a(fgetc.o)
 .text          0x00000000        0x0 d:/atmelstudio/7.0/toolchain/avr8/avr8-gnu-toolchain/bin/../lib/gcc/avr/5.4.0/../../../../avr/lib/avr5\libc.a(fputc.o)
 .data          0x00000000        0x0 d:/atmelstudio/7.0/toolchain/avr8/avr8-gnu-toolchain/bin/../lib/gcc/avr/5.4.0/../../../../avr/lib/avr5\libc.a(fputc.o)
 .bss           0x00000000        0x0 d:/atmelstudio/7.0/toolchain/avr8/avr8-gnu-toolchain/bin/../lib/gcc/avr/5.4.0/../../../../avr/lib/avr5\libc.a(fputc.o)
 .text          0x00000000        0x0 d:/atmelstudio/7.0/toolchain/avr8/avr8-gnu-toolchain/bin/../lib/gcc/avr/5.4.0/../../../../avr/lib/avr5\libc.a(ungetc.o)
 .data          0x00000000        0x0 d:/atmelstudio/7.0/toolchain/avr8/avr8-gnu-toolchain/bin/../lib/gcc/avr/5.4.0/../../../../avr/lib/avr5\libc.a(ungetc.o)
 .bss           0x00000000        0x0 d:/atmelstudio/7.0/toolchain/avr8/avr8-gnu-toolchain/bin/../lib/gcc/avr/5.4.0/../../../../avr/lib/avr5\libc.a(ungetc.o)
 .text          0x00000000        0x0 d:/atmelstudio/7.0/toolchain/avr8/avr8-gnu-toolchain/bin/../lib/gcc/avr/5.4.0/../../../../avr/lib/avr5\libc.a(ultoa_invert.o)
 .data          0x00000000        0x0 d:/atmelstudio/7.0/toolchain/avr8/avr8-gnu-toolchain/bin/../lib/gcc/avr/5.4.0/../../../../avr/lib/avr5\libc.a(ultoa_invert.o)
 .bss           0x00000000        0x0 d:/atmelstudio/7.0/toolchain/avr8/avr8-gnu-toolchain/bin/../lib/gcc/avr/5.4.0/../../../../avr/lib/avr5\libc.a(ultoa_invert.o)
 .text          0x00000000        0x0 d:/atmelstudio/7.0/toolchain/avr8/avr8-gnu-toolchain/bin/../lib/gcc/avr/5.4.0/../../../../avr/lib/avr5\libc.a(cty_isfalse.o)
 .data          0x00000000        0x0 d:/atmelstudio/7.0/toolchain/avr8/avr8-gnu-toolchain/bin/../lib/gcc/avr/5.4.0/../../../../avr/lib/avr5\libc.a(cty_isfalse.o)
 .bss           0x00000000        0x0 d:/atmelstudio/7.0/toolchain/avr8/avr8-gnu-toolchain/bin/../lib/gcc/avr/5.4.0/../../../../avr/lib/avr5\libc.a(cty_isfalse.o)
 .text          0x00000000        0x0 d:/atmelstudio/7.0/toolchain/avr8/avr8-gnu-toolchain/bin/../lib/gcc/avr/5.4.0/avr5\libgcc.a(_prologue.o)
 .data          0x00000000        0x0 d:/atmelstudio/7.0/toolchain/avr8/avr8-gnu-toolchain/bin/../lib/gcc/avr/5.4.0/avr5\libgcc.a(_prologue.o)
 .bss           0x00000000        0x0 d:/atmelstudio/7.0/toolchain/avr8/avr8-gnu-toolchain/bin/../lib/gcc/avr/5.4.0/avr5\libgcc.a(_prologue.o)
 .text.libgcc.mul
                0x00000000        0x0 d:/atmelstudio/7.0/toolchain/avr8/avr8-gnu-toolchain/bin/../lib/gcc/avr/5.4.0/avr5\libgcc.a(_prologue.o)
 .text.libgcc.div
                0x00000000        0x0 d:/atmelstudio/7.0/toolchain/avr8/avr8-gnu-toolchain/bin/../lib/gcc/avr/5.4.0/avr5\libgcc.a(_prologue.o)
 .text.libgcc   0x00000000        0x0 d:/atmelstudio/7.0/toolchain/avr8/avr8-gnu-toolchain/bin/../lib/gcc/avr/5.4.0/avr5\libgcc.a(_prologue.o)
 .text.libgcc.builtins
                0x00000000        0x0 d:/atmelstudio/7.0/toolchain/avr8/avr8-gnu-toolchain/bin/../lib/gcc/avr/5.4.0/avr5\libgcc.a(_prologue.o)
 .text.libgcc.fmul
                0x00000000        0x0 d:/atmelstudio/7.0/toolchain/avr8/avr8-gnu-toolchain/bin/../lib/gcc/avr/5.4.0/avr5\libgcc.a(_prologue.o)
 .text.libgcc.fixed
                0x00000000        0x0 d:/atmelstudio/7.0/toolchain/avr8/avr8-gnu-toolchain/bin/../lib/gcc/avr/5.4.0/avr5\libgcc.a(_prologue.o)
 .text          0x00000000        0x0 d:/atmelstudio/7.0/toolchain/avr8/avr8-gnu-toolchain/bin/../lib/gcc/avr/5.4.0/avr5\libgcc.a(_epilogue.o)
 .data          0x00000000        0x0 d:/atmelstudio/7.0/toolchain/avr8/avr8-gnu-toolchain/bin/../lib/gcc/avr/5.4.0/avr5\libgcc.a(_epilogue.o)
 .bss           0x00000000        0x0 d:/atmelstudio/7.0/toolchain/avr8/avr8-gnu-toolchain/bin/../lib/gcc/avr/5.4.0/avr5\libgcc.a(_epilogue.o)
 .text.libgcc.mul
                0x00000000        0x0 d:/atmelstudio/7.0/toolchain/avr8/avr8-gnu-toolchain/bin/../lib/gcc/avr/5.4.0/avr5\libgcc.a(_epilogue.o)
 .text.libgcc.div
                0x00000000        0x0 d:/atmelstudio/7.0/toolchain/avr8/avr8-gnu-toolchain/bin/../lib/gcc/avr/5.4.0/avr5\libgcc.a(_epilogue.o)
 .text.libgcc   0x00000000        0x0 d:/atmelstudio/7.0/toolchain/avr8/avr8-gnu-toolchain/bin/../lib/gcc/avr/5.4.0/avr5\libgcc.a(_epilogue.o)
 .text.libgcc.builtins
                0x00000000        0x0 d:/atmelstudio/7.0/toolchain/avr8/avr8-gnu-toolchain/bin/../lib/gcc/avr/5.4.0/avr5\libgcc.a(_epilogue.o)
 .text.libgcc.fmul
                0x00000000        0x0 d:/atmelstudio/7.0/toolchain/avr8/avr8-gnu-toolchain/bin/../lib/gcc/avr/5.4.0/avr5\libgcc.a(_epilogue.o)
 .text.libgcc.fixed
                0x00000000        0x0 d:/atmelstudio/7.0/toolchain/avr8/avr8-gnu-toolchain/bin/../lib/gcc/avr/5.4.0/avr5\libgcc.a(_epilogue.o)

Memory Configuration

Name             Origin             Length             Attributes
text             0x00000000         0x00008000         xr
data             0x00800100         0x00000800         rw !x
eeprom           0x00810000         0x00000400         rw !x
fuse             0x00820000         0x00000003         rw !x
lock             0x00830000         0x00000400         rw !x
signature        0x00840000         0x00000400         rw !x
user_signatures  0x00850000         0x00000400         rw !x
*default*        0x00000000         0xffffffff

Linker script and memory map

Address of section .data set to 0x800100
LOAD D:/AtmelStudio/7.0/Packs/atmel/ATmega_DFP/1.6.364/gcc/dev/atmega328p/avr5/crtatmega328p.o
LOAD BMP180.o
LOAD DHT22.o
LOAD LCD_12864.o
LOAD main.o
LOAD mmc.o
LOAD NRF24.o
LOAD pff.o
LOAD RTC_DS3231.o
LOAD SD.o
LOAD TWI.o
LOAD usart.o
LOAD WeatherStation.o
START GROUP
LOAD d:/atmelstudio/7.0/toolchain/avr8/avr8-gnu-toolchain/bin/../lib/gcc/avr/5.4.0/../../../../avr/lib/avr5\libm.a
END GROUP
START GROUP
LOAD d:/atmelstudio/7.0/toolchain/avr8/avr8-gnu-toolchain/bin/../lib/gcc/avr/5.4.0/avr5\libgcc.a
LOAD d:/atmelstudio/7.0/toolchain/avr8/avr8-gnu-toolchain/bin/../lib/gcc/avr/5.4.0/../../../../avr/lib/avr5\libm.a
LOAD d:/atmelstudio/7.0/toolchain/avr8/avr8-gnu-toolchain/bin/../lib/gcc/avr/5.4.0/../../../../avr/lib/avr5\libc.a
LOAD D:/AtmelStudio/7.0/Packs/atmel/ATmega_DFP/1.6.364/gcc/dev/atmega328p/avr5\libatmega328p.a
END GROUP
                0x00000000                __TEXT_REGION_ORIGIN__ = DEFINED (__TEXT_REGION_ORIGIN__)?__TEXT_REGION_ORIGIN__:0x0
                [0x00800100]                __DATA_REGION_ORIGIN__ = DEFINED (__DATA_REGION_ORIGIN__)?__DATA_REGION_ORIGIN__:0x800060
                [0x00008000]                __TEXT_REGION_LENGTH__ = DEFINED (__TEXT_REGION_LENGTH__)?__TEXT_REGION_LENGTH__:0x20000
                [0x00000800]                __DATA_REGION_LENGTH__ = DEFINED (__DATA_REGION_LENGTH__)?__DATA_REGION_LENGTH__:0xffa0
                [0x00000400]                __EEPROM_REGION_LENGTH__ = DEFINED (__EEPROM_REGION_LENGTH__)?__EEPROM_REGION_LENGTH__:0x10000
                [0x00000003]                __FUSE_REGION_LENGTH__ = DEFINED (__FUSE_REGION_LENGTH__)?__FUSE_REGION_LENGTH__:0x400
                0x00000400                __LOCK_REGION_LENGTH__ = DEFINED (__LOCK_REGION_LENGTH__)?__LOCK_REGION_LENGTH__:0x400
                0x00000400                __SIGNATURE_REGION_LENGTH__ = DEFINED (__SIGNATURE_REGION_LENGTH__)?__SIGNATURE_REGION_LENGTH__:0x400
                0x00000400                __USER_SIGNATURE_REGION_LENGTH__ = DEFINED (__USER_SIGNATURE_REGION_LENGTH__)?__USER_SIGNATURE_REGION_LENGTH__:0x400

.hash
 *(.hash)

.dynsym
 *(.dynsym)

.dynstr
 *(.dynstr)

.gnu.version
 *(.gnu.version)

.gnu.version_d
 *(.gnu.version_d)

.gnu.version_r
 *(.gnu.version_r)

.rel.init
 *(.rel.init)

.rela.init
 *(.rela.init)

.rel.text
 *(.rel.text)
 *(.rel.text.*)
 *(.rel.gnu.linkonce.t*)

.rela.text
 *(.rela.text)
 *(.rela.text.*)
 *(.rela.gnu.linkonce.t*)

.rel.fini
 *(.rel.fini)

.rela.fini
 *(.rela.fini)

.rel.rodata
 *(.rel.rodata)
 *(.rel.rodata.*)
 *(.rel.gnu.linkonce.r*)

.rela.rodata
 *(.rela.rodata)
 *(.rela.rodata.*)
 *(.rela.gnu.linkonce.r*)

.rel.data
 *(.rel.data)
 *(.rel.data.*)
 *(.rel.gnu.linkonce.d*)

.rela.data
 *(.rela.data)
 *(.rela.data.*)
 *(.rela.gnu.linkonce.d*)

.rel.ctors
 *(.rel.ctors)

.rela.ctors
 *(.rela.ctors)

.rel.dtors
 *(.rel.dtors)

.rela.dtors
 *(.rela.dtors)

.rel.got
 *(.rel.got)

.rela.got
 *(.rela.got)

.rel.bss
 *(.rel.bss)

.rela.bss
 *(.rela.bss)

.rel.plt
 *(.rel.plt)

.rela.plt
 *(.rela.plt)

.text           0x00000000     0x5f78
 *(.vectors)
 .vectors       0x00000000       0x68 D:/AtmelStudio/7.0/Packs/atmel/ATmega_DFP/1.6.364/gcc/dev/atmega328p/avr5/crtatmega328p.o
                0x00000000                __vector_default
                0x00000000                __vectors
 *(.vectors)
 *(.progmem.gcc*)
 .progmem.gcc_sw_table.__vector_2
                0x00000068        0xe main.o
 .progmem.gcc_sw_table.Convert_to_string_Clock
                0x00000076       0x26 WeatherStation.o
 .progmem.gcc_sw_table.Print_Page_Clock_Settings
                0x0000009c        0xe WeatherStation.o
                0x000000aa                . = ALIGN (0x2)
                0x000000aa                __trampolines_start = .
 *(.trampolines)
 .trampolines   0x000000aa        0x0 linker stubs
 *(.trampolines*)
                0x000000aa                __trampolines_end = .
 *libprintf_flt.a:*(.progmem.data)
 *libc.a:*(.progmem.data)
 .progmem.data  0x000000aa        0xc d:/atmelstudio/7.0/toolchain/avr8/avr8-gnu-toolchain/bin/../lib/gcc/avr/5.4.0/../../../../avr/lib/avr5\libc.a(vfscanf_std.o)
 *(.progmem*)
 .progmem.data.JPEG
                0x000000b6      0x200 LCD_12864.o
                0x000000b6                JPEG
 .progmem.data.Font11_16
                0x000002b6       0xf2 LCD_12864.o
                0x000002b6                Font11_16
 .progmem.data.Font7_11
                0x000003a8       0x9a LCD_12864.o
                0x000003a8                Font7_11
 .progmem.data.Font4_6
                0x00000442       0x2c LCD_12864.o
                0x00000442                Font4_6
 .progmem.data.Font5_7
                0x0000046e      0x3cc LCD_12864.o
                0x0000046e                Font5_7
                0x0000083a                . = ALIGN (0x2)
 *(.jumptables)
 *(.jumptables*)
 *(.lowtext)
 *(.lowtext*)
                0x0000083a                __ctors_start = .
 *(.ctors)
                0x0000083a                __ctors_end = .
                0x0000083a                __dtors_start = .
 *(.dtors)
                0x0000083a                __dtors_end = .
 SORT(*)(.ctors)
 SORT(*)(.dtors)
 *(.init0)
 .init0         0x0000083a        0x0 D:/AtmelStudio/7.0/Packs/atmel/ATmega_DFP/1.6.364/gcc/dev/atmega328p/avr5/crtatmega328p.o
                0x0000083a                __init
 *(.init0)
 *(.init1)
 *(.init1)
 *(.init2)
 .init2         0x0000083a        0xc D:/AtmelStudio/7.0/Packs/atmel/ATmega_DFP/1.6.364/gcc/dev/atmega328p/avr5/crtatmega328p.o
 *(.init2)
 *(.init3)
 *(.init3)
 *(.init4)
 .init4         0x00000846       0x16 d:/atmelstudio/7.0/toolchain/avr8/avr8-gnu-toolchain/bin/../lib/gcc/avr/5.4.0/avr5\libgcc.a(_copy_data.o)
                0x00000846                __do_copy_data
 .init4         0x0000085c       0x10 d:/atmelstudio/7.0/toolchain/avr8/avr8-gnu-toolchain/bin/../lib/gcc/avr/5.4.0/avr5\libgcc.a(_clear_bss.o)
                0x0000085c                __do_clear_bss
 *(.init4)
 *(.init5)
 *(.init5)
 *(.init6)
 *(.init6)
 *(.init7)
 *(.init7)
 *(.init8)
 *(.init8)
 *(.init9)
 .init9         0x0000086c        0x8 D:/AtmelStudio/7.0/Packs/atmel/ATmega_DFP/1.6.364/gcc/dev/atmega328p/avr5/crtatmega328p.o
 *(.init9)
 *(.text)
 .text          0x00000874        0x4 D:/AtmelStudio/7.0/Packs/atmel/ATmega_DFP/1.6.364/gcc/dev/atmega328p/avr5/crtatmega328p.o
                0x00000874                __vector_22
                0x00000874                __vector_24
                0x00000874                __vector_12
                0x00000874                __bad_interrupt
                0x00000874                __vector_6
                0x00000874                __vector_3
                0x00000874                __vector_23
                0x00000874                __vector_25
                0x00000874                __vector_13
                0x00000874                __vector_17
                0x00000874                __vector_19
                0x00000874                __vector_7
                0x00000874                __vector_5
                0x00000874                __vector_4
                0x00000874                __vector_9
                0x00000874                __vector_21
                0x00000874                __vector_15
                0x00000874                __vector_8
                0x00000874                __vector_10
                0x00000874                __vector_16
                0x00000874                __vector_18
                0x00000874                __vector_20
                0x00000878                . = ALIGN (0x2)
 *(.text.*)
 .text.Read     0x00000878       0x4e BMP180.o
                0x00000878                Read
 .text.BMP180_Calibration
                0x000008c6       0x9c BMP180.o
                0x000008c6                BMP180_Calibration
 .text.BMP180_get_temper
                0x00000962       0x34 BMP180.o
                0x00000962                BMP180_get_temper
 .text.BMP180_get_pressure
                0x00000996       0xfa BMP180.o
                0x00000996                BMP180_get_pressure
 .text.BMP180_calculation
                0x00000a90      0x2e0 BMP180.o
                0x00000a90                BMP180_calculation
 .text.dht22_init
                0x00000d70       0x22 DHT22.o
                0x00000d70                dht22_init
 .text.dht22_GetData
                0x00000d92       0xc2 DHT22.o
                0x00000d92                dht22_GetData
 .text.LCD_12864_Draw_pixel
                0x00000e54       0x42 LCD_12864.o
                0x00000e54                LCD_12864_Draw_pixel
 .text.LCD_12864_Clean_pixel
                0x00000e96       0x42 LCD_12864.o
                0x00000e96                LCD_12864_Clean_pixel
 .text.strob    0x00000ed8       0x26 LCD_12864.o
                0x00000ed8                strob
 .text.LCD_12864_send_data
                0x00000efe       0xae LCD_12864.o
                0x00000efe                LCD_12864_send_data
 .text.LCD_12864_send_command
                0x00000fac       0xae LCD_12864.o
                0x00000fac                LCD_12864_send_command
 .text.LCD_12864_GrapnicMode
                0x0000105a       0x3e LCD_12864.o
                0x0000105a                LCD_12864_GrapnicMode
 .text.LCD_12864_Draw_bitmap
                0x00001098      0x29c LCD_12864.o
                0x00001098                LCD_12864_Draw_bitmap
 .text.clear_LCD_12864
                0x00001334       0x14 LCD_12864.o
                0x00001334                clear_LCD_12864
 .text.LCD_12864_ini
                0x00001348       0x3c LCD_12864.o
                0x00001348                LCD_12864_ini
 .text.LCD_12864_print_symbol
                0x00001384       0x6c LCD_12864.o
                0x00001384                LCD_12864_print_symbol
 .text.LCD_12864_print_symbol_4_6
                0x000013f0       0x64 LCD_12864.o
                0x000013f0                LCD_12864_print_symbol_4_6
 .text.LCD_12864_print_symbol_11_16
                0x00001454       0xca LCD_12864.o
                0x00001454                LCD_12864_print_symbol_11_16
 .text.LCD_12864_print_symbol_7_11
                0x0000151e      0x102 LCD_12864.o
                0x0000151e                LCD_12864_print_symbol_7_11
 .text.LCD_12864_Print_7_11
                0x00001620       0xb0 LCD_12864.o
                0x00001620                LCD_12864_Print_7_11
 .text.LCD_12864_Print_4_6
                0x000016d0       0xb0 LCD_12864.o
                0x000016d0                LCD_12864_Print_4_6
 .text.LCD_12864_Print_11_16
                0x00001780       0x84 LCD_12864.o
                0x00001780                LCD_12864_Print_11_16
 .text.LCD_12864_Decode_UTF8
                0x00001804      0x16a LCD_12864.o
                0x00001804                LCD_12864_Decode_UTF8
 .text.LCD_12864_Print_jpeg
                0x0000196e       0x6c LCD_12864.o
                0x0000196e                LCD_12864_Print_jpeg
 .text.LCD_12864_Clean_Frame_buffer
                0x000019da        0x8 LCD_12864.o
                0x000019da                LCD_12864_Clean_Frame_buffer
 .text.LCD_12864_Draw_line
                0x000019e2       0xca LCD_12864.o
                0x000019e2                LCD_12864_Draw_line
 .text.LCD_12864_Draw_rectangle
                0x00001aac       0x9a LCD_12864.o
                0x00001aac                LCD_12864_Draw_rectangle
 .text.LCD_12864_Draw_rectangle_filled
                0x00001b46       0x92 LCD_12864.o
                0x00001b46                LCD_12864_Draw_rectangle_filled
 .text.LCD_12864_Draw_circle
                0x00001bd8      0x13e LCD_12864.o
                0x00001bd8                LCD_12864_Draw_circle
 .text.LCD_12864_Draw_circle_filled
                0x00001d16      0x128 LCD_12864.o
                0x00001d16                LCD_12864_Draw_circle_filled
 .text.timer1_ini
                0x00001e3e       0x28 main.o
                0x00001e3e                timer1_ini
 .text.timer0_ini
                0x00001e66       0x1c main.o
                0x00001e66                timer0_ini
 .text.__vector_11
                0x00001e82       0x4a main.o
                0x00001e82                __vector_11
 .text.__vector_14
                0x00001ecc      0x198 main.o
                0x00001ecc                __vector_14
 .text.enc_interrupt_ini
                0x00002064       0x12 main.o
                0x00002064                enc_interrupt_ini
 .text.__vector_2
                0x00002076      0x22c main.o
                0x00002076                __vector_2
 .text.SPI_init
                0x000022a2       0x24 main.o
                0x000022a2                SPI_init
 .text.port_init
                0x000022c6       0x4a main.o
                0x000022c6                port_init
 .text.spi_send_recv
                0x00002310        0xc main.o
                0x00002310                spi_send_recv
 .text.main     0x0000231c      0x438 main.o
                0x0000231c                main
 .text.NRF24L01_Receive
                0x00002754      0x3ae NRF24.o
                0x00002754                NRF24L01_Receive
 .text.NRF24_FlushRX
                0x00002b02       0x1c NRF24.o
                0x00002b02                NRF24_FlushRX
 .text.NRF24_FlushTX
                0x00002b1e       0x1c NRF24.o
                0x00002b1e                NRF24_FlushTX
 .text.NRF24_ToggleFeatures
                0x00002b3a       0x22 NRF24.o
                0x00002b3a                NRF24_ToggleFeatures
 .text.NRF24_Read_Buf
                0x00002b5c       0x4e NRF24.o
                0x00002b5c                NRF24_Read_Buf
 .text.NRF24_Write_Buf
                0x00002baa       0x56 NRF24.o
                0x00002baa                NRF24_Write_Buf
 .text.nRF_write_register
                0x00002c00       0x20 NRF24.o
                0x00002c00                nRF_write_register
 .text.nRF_read_register
                0x00002c20       0x24 NRF24.o
                0x00002c20                nRF_read_register
 .text.__vector_1
                0x00002c44       0x74 NRF24.o
                0x00002c44                __vector_1
 .text.NRF24L01_RX_Mode
                0x00002cb8       0x2c NRF24.o
                0x00002cb8                NRF24L01_RX_Mode
 .text.NRF24_ini
                0x00002ce4       0x98 NRF24.o
                0x00002ce4                NRF24_ini
 .text.RTC_ConvertFromBinDec
                0x00002d7c       0x26 RTC_DS3231.o
                0x00002d7c                RTC_ConvertFromBinDec
 .text.RTC_ConvertFromDec
                0x00002da2       0x16 RTC_DS3231.o
                0x00002da2                RTC_ConvertFromDec
 .text.RTC_init
                0x00002db8       0x22 RTC_DS3231.o
                0x00002db8                RTC_init
 .text.ModifyRTC
                0x00002dda      0x1a0 RTC_DS3231.o
                0x00002dda                ModifyRTC
 .text.I2C_Init
                0x00002f7a        0x8 TWI.o
                0x00002f7a                I2C_Init
 .text.I2C_StartCondition
                0x00002f82       0x10 TWI.o
                0x00002f82                I2C_StartCondition
 .text.I2C_StopCondition
                0x00002f92        0x8 TWI.o
                0x00002f92                I2C_StopCondition
 .text.I2C_SendByte
                0x00002f9a       0x14 TWI.o
                0x00002f9a                I2C_SendByte
 .text.I2C_ReadByte
                0x00002fae       0x14 TWI.o
                0x00002fae                I2C_ReadByte
 .text.I2C_ReadLastByte
                0x00002fc2       0x14 TWI.o
                0x00002fc2                I2C_ReadLastByte
 .text.USART_Init
                0x00002fd6       0x28 usart.o
                0x00002fd6                USART_Init
 .text.USART_Transmit
                0x00002ffe       0x48 usart.o
                0x00002ffe                USART_Transmit
 .text.Print_Hello_World
                0x00003046       0x88 WeatherStation.o
                0x00003046                Print_Hello_World
 .text.Print_Download
                0x000030ce       0xe0 WeatherStation.o
                0x000030ce                Print_Download
 .text.Print_Menu_Page
                0x000031ae      0x1b4 WeatherStation.o
                0x000031ae                Print_Menu_Page
 .text.Print_Page_About
                0x00003362       0xe8 WeatherStation.o
                0x00003362                Print_Page_About
 .text.Print_Page_Dop_Info
                0x0000344a       0xd8 WeatherStation.o
                0x0000344a                Print_Page_Dop_Info
 .text.DrawSun  0x00003522       0x88 WeatherStation.o
                0x00003522                DrawSun
 .text.DrawSunWithClouds
                0x000035aa      0x1d6 WeatherStation.o
                0x000035aa                DrawSunWithClouds
 .text.DrawClouds
                0x00003780      0x160 WeatherStation.o
                0x00003780                DrawClouds
 .text.DrawCloudsWithRain
                0x000038e0       0x92 WeatherStation.o
                0x000038e0                DrawCloudsWithRain
 .text.DrawWeatherVane
                0x00003972      0x512 WeatherStation.o
                0x00003972                DrawWeatherVane
 .text.Convert_to_string_Clock
                0x00003e84      0x346 WeatherStation.o
                0x00003e84                Convert_to_string_Clock
 .text.Print_Page_Clock_Settings
                0x000041ca      0x4ae WeatherStation.o
                0x000041ca                Print_Page_Clock_Settings
 .text.Clock    0x00004678       0x7c WeatherStation.o
                0x00004678                Clock
 .text.RAIN_AMOUNT
                0x000046f4       0x6a WeatherStation.o
                0x000046f4                RAIN_AMOUNT
 .text.V_BAT    0x0000475e       0x6a WeatherStation.o
                0x0000475e                V_BAT
 .text.DrawBattery
                0x000047c8      0x152 WeatherStation.o
                0x000047c8                DrawBattery
 .text.wind_speed
                0x0000491a       0x76 WeatherStation.o
                0x0000491a                wind_speed
 .text.Print_Home_Page
                0x00004990      0x50e WeatherStation.o
                0x00004990                Print_Home_Page
 .text.sprintf_HOME_Weath_Param
                0x00004e9e       0xd6 WeatherStation.o
                0x00004e9e                sprintf_HOME_Weath_Param
 .text.avr-libc.fplib
                0x00004f74        0xe d:/atmelstudio/7.0/toolchain/avr8/avr8-gnu-toolchain/bin/../lib/gcc/avr/5.4.0/../../../../avr/lib/avr5\libm.a(fixsfsi.o)
                0x00004f74                __fixsfsi
 .text.avr-libc.fplib
                0x00004f82       0x5e d:/atmelstudio/7.0/toolchain/avr8/avr8-gnu-toolchain/bin/../lib/gcc/avr/5.4.0/../../../../avr/lib/avr5\libm.a(fixunssfsi.o)
                0x00004f82                __fixunssfsi
 .text.avr-libc.fplib
                0x00004fe0       0x7a d:/atmelstudio/7.0/toolchain/avr8/avr8-gnu-toolchain/bin/../lib/gcc/avr/5.4.0/../../../../avr/lib/avr5\libm.a(floatsisf.o)
                0x00004fe0                __floatunsisf
                0x00004fe4                __floatsisf
 .text.avr-libc.fplib
                0x0000505a       0x44 d:/atmelstudio/7.0/toolchain/avr8/avr8-gnu-toolchain/bin/../lib/gcc/avr/5.4.0/../../../../avr/lib/avr5\libm.a(fp_split3.o)
                0x0000505a                __fp_split3
                0x0000506a                __fp_splitA
 .text.avr-libc.fplib
                0x0000509e        0xe d:/atmelstudio/7.0/toolchain/avr8/avr8-gnu-toolchain/bin/../lib/gcc/avr/5.4.0/../../../../avr/lib/avr5\libm.a(fp_zero.o)
                0x0000509e                __fp_zero
                0x000050a0                __fp_szero
 .text.avr-libc.fplib
                0x000050ac        0x8 d:/atmelstudio/7.0/toolchain/avr8/avr8-gnu-toolchain/bin/../lib/gcc/avr/5.4.0/../../../../avr/lib/avr5\libm.a(mulsf3.o)
                0x000050ac                __mulsf3
 .text.avr-libc.fplib
                0x000050b4       0xd2 d:/atmelstudio/7.0/toolchain/avr8/avr8-gnu-toolchain/bin/../lib/gcc/avr/5.4.0/../../../../avr/lib/avr5\libm.a(mulsf3x.o)
                0x000050d2                __mulsf3x
                0x000050d8                __mulsf3_pse
 .text.avr-libc.fplib
                0x00005186        0xc d:/atmelstudio/7.0/toolchain/avr8/avr8-gnu-toolchain/bin/../lib/gcc/avr/5.4.0/../../../../avr/lib/avr5\libm.a(fp_inf.o)
                0x00005186                __fp_inf
 .text.avr-libc.fplib
                0x00005192        0x6 d:/atmelstudio/7.0/toolchain/avr8/avr8-gnu-toolchain/bin/../lib/gcc/avr/5.4.0/../../../../avr/lib/avr5\libm.a(fp_nan.o)
                0x00005192                __fp_nan
 .text.avr-libc.fplib
                0x00005198        0xe d:/atmelstudio/7.0/toolchain/avr8/avr8-gnu-toolchain/bin/../lib/gcc/avr/5.4.0/../../../../avr/lib/avr5\libm.a(fp_pscA.o)
                0x00005198                __fp_pscA
 .text.avr-libc.fplib
                0x000051a6        0xe d:/atmelstudio/7.0/toolchain/avr8/avr8-gnu-toolchain/bin/../lib/gcc/avr/5.4.0/../../../../avr/lib/avr5\libm.a(fp_pscB.o)
                0x000051a6                __fp_pscB
 .text.avr-libc.fplib
                0x000051b4       0x22 d:/atmelstudio/7.0/toolchain/avr8/avr8-gnu-toolchain/bin/../lib/gcc/avr/5.4.0/../../../../avr/lib/avr5\libm.a(fp_round.o)
                0x000051b4                __fp_round
 .text.libgcc.mul
                0x000051d6       0x20 d:/atmelstudio/7.0/toolchain/avr8/avr8-gnu-toolchain/bin/../lib/gcc/avr/5.4.0/avr5\libgcc.a(_mulsi3.o)
                0x000051d6                __mulsi3
 .text.libgcc.div
                0x000051f6       0x28 d:/atmelstudio/7.0/toolchain/avr8/avr8-gnu-toolchain/bin/../lib/gcc/avr/5.4.0/avr5\libgcc.a(_divmodhi4.o)
                0x000051f6                _div
                0x000051f6                __divmodhi4
 .text.libgcc.div
                0x0000521e       0x44 d:/atmelstudio/7.0/toolchain/avr8/avr8-gnu-toolchain/bin/../lib/gcc/avr/5.4.0/avr5\libgcc.a(_udivmodsi4.o)
                0x0000521e                __udivmodsi4
 .text.libgcc.div
                0x00005262       0x2e d:/atmelstudio/7.0/toolchain/avr8/avr8-gnu-toolchain/bin/../lib/gcc/avr/5.4.0/avr5\libgcc.a(_divmodsi4.o)
                0x00005262                __divmodsi4
 .text.libgcc.div
                0x00005290       0x10 d:/atmelstudio/7.0/toolchain/avr8/avr8-gnu-toolchain/bin/../lib/gcc/avr/5.4.0/avr5\libgcc.a(_negsi2.o)
                0x00005290                __negsi2
 .text.libgcc   0x000052a0        0xc d:/atmelstudio/7.0/toolchain/avr8/avr8-gnu-toolchain/bin/../lib/gcc/avr/5.4.0/avr5\libgcc.a(_tablejump2.o)
                0x000052a0                __tablejump2__
 .text.libgcc.mul
                0x000052ac       0x16 d:/atmelstudio/7.0/toolchain/avr8/avr8-gnu-toolchain/bin/../lib/gcc/avr/5.4.0/avr5\libgcc.a(_muluhisi3.o)
                0x000052ac                __muluhisi3
 .text.libgcc.mul
                0x000052c2       0x10 d:/atmelstudio/7.0/toolchain/avr8/avr8-gnu-toolchain/bin/../lib/gcc/avr/5.4.0/avr5\libgcc.a(_mulshisi3.o)
                0x000052c2                __mulshisi3
                0x000052c8                __mulohisi3
 .text.libgcc.div
                0x000052d2       0x28 d:/atmelstudio/7.0/toolchain/avr8/avr8-gnu-toolchain/bin/../lib/gcc/avr/5.4.0/avr5\libgcc.a(_udivmodhi4.o)
                0x000052d2                __udivmodhi4
 .text.libgcc.mul
                0x000052fa       0x1e d:/atmelstudio/7.0/toolchain/avr8/avr8-gnu-toolchain/bin/../lib/gcc/avr/5.4.0/avr5\libgcc.a(_umulhisi3.o)
                0x000052fa                __umulhisi3
 .text.avr-libc
                0x00005318        0xe d:/atmelstudio/7.0/toolchain/avr8/avr8-gnu-toolchain/bin/../lib/gcc/avr/5.4.0/../../../../avr/lib/avr5\libc.a(memset.o)
                0x00005318                memset
 .text.avr-libc
                0x00005326       0x12 d:/atmelstudio/7.0/toolchain/avr8/avr8-gnu-toolchain/bin/../lib/gcc/avr/5.4.0/../../../../avr/lib/avr5\libc.a(strcmp.o)
                0x00005326                strcmp
 .text.avr-libc
                0x00005338       0x44 d:/atmelstudio/7.0/toolchain/avr8/avr8-gnu-toolchain/bin/../lib/gcc/avr/5.4.0/../../../../avr/lib/avr5\libc.a(sprintf.o)
                0x00005338                sprintf
 .text.avr-libc
                0x0000537c       0x32 d:/atmelstudio/7.0/toolchain/avr8/avr8-gnu-toolchain/bin/../lib/gcc/avr/5.4.0/../../../../avr/lib/avr5\libc.a(sscanf.o)
                0x0000537c                sscanf
 .text.avr-libc
                0x000053ae      0x3c2 d:/atmelstudio/7.0/toolchain/avr8/avr8-gnu-toolchain/bin/../lib/gcc/avr/5.4.0/../../../../avr/lib/avr5\libc.a(vfprintf_std.o)
                0x000053ae                vfprintf
 .text.avr-libc
                0x00005770      0x55a d:/atmelstudio/7.0/toolchain/avr8/avr8-gnu-toolchain/bin/../lib/gcc/avr/5.4.0/../../../../avr/lib/avr5\libc.a(vfscanf_std.o)
                0x00005aa8                vfscanf
 .text.avr-libc
                0x00005cca       0x12 d:/atmelstudio/7.0/toolchain/avr8/avr8-gnu-toolchain/bin/../lib/gcc/avr/5.4.0/../../../../avr/lib/avr5\libc.a(isspace.o)
                0x00005cca                isspace
 .text.avr-libc
                0x00005cdc       0x16 d:/atmelstudio/7.0/toolchain/avr8/avr8-gnu-toolchain/bin/../lib/gcc/avr/5.4.0/../../../../avr/lib/avr5\libc.a(strchr_P.o)
                0x00005cdc                strchr_P
 .text.avr-libc
                0x00005cf2       0x16 d:/atmelstudio/7.0/toolchain/avr8/avr8-gnu-toolchain/bin/../lib/gcc/avr/5.4.0/../../../../avr/lib/avr5\libc.a(strnlen_P.o)
                0x00005cf2                strnlen_P
 .text.avr-libc
                0x00005d08       0x16 d:/atmelstudio/7.0/toolchain/avr8/avr8-gnu-toolchain/bin/../lib/gcc/avr/5.4.0/../../../../avr/lib/avr5\libc.a(strnlen.o)
                0x00005d08                strnlen
 .text.avr-libc
                0x00005d1e       0x7c d:/atmelstudio/7.0/toolchain/avr8/avr8-gnu-toolchain/bin/../lib/gcc/avr/5.4.0/../../../../avr/lib/avr5\libc.a(fgetc.o)
                0x00005d1e                fgetc
 .text.avr-libc
                0x00005d9a       0x78 d:/atmelstudio/7.0/toolchain/avr8/avr8-gnu-toolchain/bin/../lib/gcc/avr/5.4.0/../../../../avr/lib/avr5\libc.a(fputc.o)
                0x00005d9a                fputc
 .text.avr-libc
                0x00005e12       0x32 d:/atmelstudio/7.0/toolchain/avr8/avr8-gnu-toolchain/bin/../lib/gcc/avr/5.4.0/../../../../avr/lib/avr5\libc.a(ungetc.o)
                0x00005e12                ungetc
 .text.avr-libc
                0x00005e44       0xbc d:/atmelstudio/7.0/toolchain/avr8/avr8-gnu-toolchain/bin/../lib/gcc/avr/5.4.0/../../../../avr/lib/avr5\libc.a(ultoa_invert.o)
                0x00005e44                __ultoa_invert
 .text.avr-libc
                0x00005f00        0x6 d:/atmelstudio/7.0/toolchain/avr8/avr8-gnu-toolchain/bin/../lib/gcc/avr/5.4.0/../../../../avr/lib/avr5\libc.a(cty_isfalse.o)
                0x00005f00                __ctype_isfalse
                0x00005f04                __ctype_istrue
 .text.libgcc.prologue
                0x00005f06       0x38 d:/atmelstudio/7.0/toolchain/avr8/avr8-gnu-toolchain/bin/../lib/gcc/avr/5.4.0/avr5\libgcc.a(_prologue.o)
                0x00005f06                __prologue_saves__
 .text.libgcc.prologue
                0x00005f3e       0x36 d:/atmelstudio/7.0/toolchain/avr8/avr8-gnu-toolchain/bin/../lib/gcc/avr/5.4.0/avr5\libgcc.a(_epilogue.o)
                0x00005f3e                __epilogue_restores__
                0x00005f74                . = ALIGN (0x2)
 *(.fini9)
 .fini9         0x00005f74        0x0 d:/atmelstudio/7.0/toolchain/avr8/avr8-gnu-toolchain/bin/../lib/gcc/avr/5.4.0/avr5\libgcc.a(_exit.o)
                0x00005f74                _exit
                0x00005f74                exit
 *(.fini9)
 *(.fini8)
 *(.fini8)
 *(.fini7)
 *(.fini7)
 *(.fini6)
 *(.fini6)
 *(.fini5)
 *(.fini5)
 *(.fini4)
 *(.fini4)
 *(.fini3)
 *(.fini3)
 *(.fini2)
 *(.fini2)
 *(.fini1)
 *(.fini1)
 *(.fini0)
 .fini0         0x00005f74        0x4 d:/atmelstudio/7.0/toolchain/avr8/avr8-gnu-toolchain/bin/../lib/gcc/avr/5.4.0/avr5\libgcc.a(_exit.o)
 *(.fini0)
                0x00005f78                _etext = .

.data           0x00800100      0x242 load address 0x00005f78
                0x00800100                PROVIDE (__data_start, .)
 *(.data)
 *(.data*)
 .data.WiFi_Flag
                0x00800100        0x1 main.o
                0x00800100                WiFi_Flag
 .data.ST7920_height
                0x00800101        0x1 main.o
                0x00800101                ST7920_height
 .data.ST7920_width
                0x00800102        0x1 main.o
                0x00800102                ST7920_width
 .data.receive_time
                0x00800103       0x14 main.o
                0x00800103                receive_time
 .data.TX_ADDRESS
                0x00800117        0x3 NRF24.o
                0x00800117                TX_ADDRESS
 *(.gnu.linkonce.d*)
 *(.rodata)
 *(.rodata*)
 .rodata.str1.1
                0x0080011a       0x31 main.o
 .rodata.str1.1
                0x0080014b        0x6 NRF24.o
                                  0x9 (size before relaxing)
 .rodata.str1.1
                0x00800151      0x1f1 WeatherStation.o
                                0x1fe (size before relaxing)
 *(.gnu.linkonce.r*)
                0x00800342                . = ALIGN (0x2)
                0x00800342                _edata = .
                0x00800342                PROVIDE (__data_end, .)

.bss            0x00800342      0x11d
                0x00800342                PROVIDE (__bss_start, .)
 *(.bss)
 *(.bss*)
 .bss.pressure  0x00800342        0x4 BMP180.o
                0x00800342                pressure
 .bss.old_state.2622
                0x00800346        0x1 main.o
 .bss.new_state.2621
                0x00800347        0x1 main.o
 .bss.millis    0x00800348        0x4 main.o
                0x00800348                millis
 .bss.change_flag
                0x0080034c        0x1 main.o
                0x0080034c                change_flag
 .bss.menu_flag
                0x0080034d        0x1 main.o
                0x0080034d                menu_flag
 .bss.DATA_TO_UART
                0x0080034e       0x50 main.o
                0x0080034e                DATA_TO_UART
 .bss.send_time
                0x0080039e       0x14 main.o
                0x0080039e                send_time
 .bss.start_time
                0x008003b2       0x14 main.o
                0x008003b2                start_time
 .bss.rx_flag   0x008003c6        0x1 NRF24.o
                0x008003c6                rx_flag
 .bss.HALL_counter
                0x008003c7        0x5 NRF24.o
                0x008003c7                HALL_counter
 .bss.RX_BUF    0x008003cc        0x5 NRF24.o
                0x008003cc                RX_BUF
 .bss.pressure_home
                0x008003d1        0x2 WeatherStation.o
                0x008003d1                pressure_home
 .bss.data      0x008003d3        0x5 WeatherStation.o
                0x008003d3                data
 *(COMMON)
 COMMON         0x008003d8       0x22 BMP180.o
                0x008003d8                D3
                0x008003dc                b2
                0x008003de                mb
                0x008003e0                ac1
                0x008003e2                b1
                0x008003e4                ac6
                0x008003e6                ac5
                0x008003e8                ac2
                0x008003ea                md
                0x008003ec                ac4
                0x008003ee                mc
                0x008003f0                D2
                0x008003f4                D1
                0x008003f8                ac3
 COMMON         0x008003fa        0xc main.o
                0x008003fa                add_cnt
                0x008003fb                cnt
                0x008003fc                month
                0x008003fd                hour
                0x008003fe                clock_change_mode
                0x008003ff                min
                0x00800400                year
                0x00800401                sec
                0x00800402                day
                0x00800403                alarmhour
                0x00800404                date
                0x00800405                alarmmin
 COMMON         0x00800406        0xd NRF24.o
                0x00800406                receive_counter
                0x00800407                adc_value1
                0x0080040d                adc_value2
 COMMON         0x00800413       0x4c WeatherStation.o
                0x00800413                temp_home
                0x00800418                wind_direction
                0x0080041e                Rain
                0x00800424                T_Param
                0x00800440                Vbat
                0x00800445                hum_home
                0x0080044a                hum_street
                0x0080044f                Press_home
                0x00800455                temp_street
                0x0080045a                WIND_speed
                0x0080045f                PROVIDE (__bss_end, .)
                0x00005f78                __data_load_start = LOADADDR (.data)
                0x000061ba                __data_load_end = (__data_load_start + SIZEOF (.data))

.noinit         0x0080045f        0x0
                [!provide]                PROVIDE (__noinit_start, .)
 *(.noinit*)
                [!provide]                PROVIDE (__noinit_end, .)
                0x0080045f                _end = .
                [!provide]                PROVIDE (__heap_start, .)

.eeprom         0x00810000        0x0
 *(.eeprom*)
                0x00810000                __eeprom_end = .

.fuse
 *(.fuse)
 *(.lfuse)
 *(.hfuse)
 *(.efuse)

.lock
 *(.lock*)

.signature
 *(.signature*)

.user_signatures
 *(.user_signatures*)

.stab
 *(.stab)

.stabstr
 *(.stabstr)

.stab.excl
 *(.stab.excl)

.stab.exclstr
 *(.stab.exclstr)

.stab.index
 *(.stab.index)

.stab.indexstr
 *(.stab.indexstr)

.comment        0x00000000       0x5c
 *(.comment)
 .comment       0x00000000       0x30 BMP180.o
                                 0x31 (size before relaxing)
 .comment       0x00000030       0x31 DHT22.o
 .comment       0x00000030       0x31 LCD_12864.o
 .comment       0x00000030       0x31 main.o
 .comment       0x00000030       0x31 NRF24.o
 .comment       0x00000030       0x31 RTC_DS3231.o
 .comment       0x00000030       0x31 TWI.o
 .comment       0x00000030       0x31 usart.o
 .comment       0x00000030       0x31 WeatherStation.o
 .comment       0x00000030       0x31 d:/atmelstudio/7.0/toolchain/avr8/avr8-gnu-toolchain/bin/../lib/gcc/avr/5.4.0/../../../../avr/lib/avr5\libc.a(sprintf.o)
 .comment       0x00000030       0x31 d:/atmelstudio/7.0/toolchain/avr8/avr8-gnu-toolchain/bin/../lib/gcc/avr/5.4.0/../../../../avr/lib/avr5\libc.a(sscanf.o)
 .comment       0x00000030       0x2c d:/atmelstudio/7.0/toolchain/avr8/avr8-gnu-toolchain/bin/../lib/gcc/avr/5.4.0/../../../../avr/lib/avr5\libc.a(vfprintf_std.o)
                                 0x2d (size before relaxing)
 .comment       0x0000005c       0x2d d:/atmelstudio/7.0/toolchain/avr8/avr8-gnu-toolchain/bin/../lib/gcc/avr/5.4.0/../../../../avr/lib/avr5\libc.a(vfscanf_std.o)
 .comment       0x0000005c       0x31 d:/atmelstudio/7.0/toolchain/avr8/avr8-gnu-toolchain/bin/../lib/gcc/avr/5.4.0/../../../../avr/lib/avr5\libc.a(fgetc.o)
 .comment       0x0000005c       0x31 d:/atmelstudio/7.0/toolchain/avr8/avr8-gnu-toolchain/bin/../lib/gcc/avr/5.4.0/../../../../avr/lib/avr5\libc.a(fputc.o)
 .comment       0x0000005c       0x31 d:/atmelstudio/7.0/toolchain/avr8/avr8-gnu-toolchain/bin/../lib/gcc/avr/5.4.0/../../../../avr/lib/avr5\libc.a(ungetc.o)

.note.gnu.avr.deviceinfo
                0x00000000       0x40
 .note.gnu.avr.deviceinfo
                0x00000000       0x40 D:/AtmelStudio/7.0/Packs/atmel/ATmega_DFP/1.6.364/gcc/dev/atmega328p/avr5/crtatmega328p.o

.note.gnu.build-id
 *(.note.gnu.build-id)

.debug
 *(.debug)

.line
 *(.line)

.debug_srcinfo
 *(.debug_srcinfo)

.debug_sfnames
 *(.debug_sfnames)

.debug_aranges  0x00000000      0x3d0
 *(.debug_aranges)
 .debug_aranges
                0x00000000       0x40 BMP180.o
 .debug_aranges
                0x00000040       0x28 DHT22.o
 .debug_aranges
                0x00000068       0xf8 LCD_12864.o
 .debug_aranges
                0x00000160       0x68 main.o
 .debug_aranges
                0x000001c8       0x90 NRF24.o
 .debug_aranges
                0x00000258       0x50 RTC_DS3231.o
 .debug_aranges
                0x000002a8       0x50 TWI.o
 .debug_aranges
                0x000002f8       0x28 usart.o
 .debug_aranges
                0x00000320       0xb0 WeatherStation.o

.debug_pubnames
 *(.debug_pubnames)

.debug_info     0x00000000     0x968f
 *(.debug_info .gnu.linkonce.wi.*)
 .debug_info    0x00000000      0x5f4 D:/AtmelStudio/7.0/Packs/atmel/ATmega_DFP/1.6.364/gcc/dev/atmega328p/avr5/crtatmega328p.o
 .debug_info    0x000005f4      0x6bf BMP180.o
 .debug_info    0x00000cb3      0x304 DHT22.o
 .debug_info    0x00000fb7     0x1afa LCD_12864.o
 .debug_info    0x00002ab1      0x60e main.o
 .debug_info    0x000030bf      0xb96 NRF24.o
 .debug_info    0x00003c55      0x73b RTC_DS3231.o
 .debug_info    0x00004390      0x198 TWI.o
 .debug_info    0x00004528      0x10c usart.o
 .debug_info    0x00004634     0x505b WeatherStation.o

.debug_abbrev   0x00000000     0x1495
 *(.debug_abbrev)
 .debug_abbrev  0x00000000      0x5a2 D:/AtmelStudio/7.0/Packs/atmel/ATmega_DFP/1.6.364/gcc/dev/atmega328p/avr5/crtatmega328p.o
 .debug_abbrev  0x000005a2      0x1b7 BMP180.o
 .debug_abbrev  0x00000759      0x111 DHT22.o
 .debug_abbrev  0x0000086a      0x28a LCD_12864.o
 .debug_abbrev  0x00000af4      0x224 main.o
 .debug_abbrev  0x00000d18      0x28a NRF24.o
 .debug_abbrev  0x00000fa2      0x101 RTC_DS3231.o
 .debug_abbrev  0x000010a3       0xe1 TWI.o
 .debug_abbrev  0x00001184       0x9a usart.o
 .debug_abbrev  0x0000121e      0x277 WeatherStation.o

.debug_line     0x00000000     0x38a6
 *(.debug_line .debug_line.* .debug_line_end)
 .debug_line    0x00000000      0x134 D:/AtmelStudio/7.0/Packs/atmel/ATmega_DFP/1.6.364/gcc/dev/atmega328p/avr5/crtatmega328p.o
 .debug_line    0x00000134      0x2db BMP180.o
 .debug_line    0x0000040f      0x1ee DHT22.o
 .debug_line    0x000005fd      0xe0c LCD_12864.o
 .debug_line    0x00001409      0x77e main.o
 .debug_line    0x00001b87      0x616 NRF24.o
 .debug_line    0x0000219d      0x2c6 RTC_DS3231.o
 .debug_line    0x00002463      0x179 TWI.o
 .debug_line    0x000025dc       0xf8 usart.o
 .debug_line    0x000026d4     0x11d2 WeatherStation.o

.debug_frame    0x00000000     0x10d0
 *(.debug_frame)
 .debug_frame   0x00000000       0xd0 BMP180.o
 .debug_frame   0x000000d0       0x34 DHT22.o
 .debug_frame   0x00000104      0x548 LCD_12864.o
 .debug_frame   0x0000064c      0x298 main.o
 .debug_frame   0x000008e4      0x258 NRF24.o
 .debug_frame   0x00000b3c       0xa8 RTC_DS3231.o
 .debug_frame   0x00000be4       0x90 TWI.o
 .debug_frame   0x00000c74       0x34 usart.o
 .debug_frame   0x00000ca8      0x428 WeatherStation.o

.debug_str      0x00000000      0xdd5
 *(.debug_str)
 .debug_str     0x00000000      0x208 D:/AtmelStudio/7.0/Packs/atmel/ATmega_DFP/1.6.364/gcc/dev/atmega328p/avr5/crtatmega328p.o
 .debug_str     0x00000208      0x26c BMP180.o
                                0x2c3 (size before relaxing)
 .debug_str     0x00000474       0x35 DHT22.o
                                0x20a (size before relaxing)
 .debug_str     0x000004a9      0x34f LCD_12864.o
                                0x581 (size before relaxing)
 .debug_str     0x000007f8      0x20d main.o
                                0x42a (size before relaxing)
 .debug_str     0x00000a05      0x186 NRF24.o
                                0x3c3 (size before relaxing)
 .debug_str     0x00000b8b       0x85 RTC_DS3231.o
                                0x283 (size before relaxing)
 .debug_str     0x00000c10       0x27 TWI.o
                                0x201 (size before relaxing)
 .debug_str     0x00000c37       0x27 usart.o
                                0x1c4 (size before relaxing)
 .debug_str     0x00000c5e      0x177 WeatherStation.o
                                0x692 (size before relaxing)

.debug_loc      0x00000000     0x5347
 *(.debug_loc)
 .debug_loc     0x00000000      0x7ec BMP180.o
 .debug_loc     0x000007ec      0x262 DHT22.o
 .debug_loc     0x00000a4e     0x21a0 LCD_12864.o
 .debug_loc     0x00002bee      0x79c main.o
 .debug_loc     0x0000338a      0xb1f NRF24.o
 .debug_loc     0x00003ea9      0x24a RTC_DS3231.o
 .debug_loc     0x000040f3       0xb4 TWI.o
 .debug_loc     0x000041a7       0x97 usart.o
 .debug_loc     0x0000423e     0x1109 WeatherStation.o

.debug_macinfo
 *(.debug_macinfo)

.debug_weaknames
 *(.debug_weaknames)

.debug_funcnames
 *(.debug_funcnames)

.debug_typenames
 *(.debug_typenames)

.debug_varnames
 *(.debug_varnames)

.debug_pubtypes
 *(.debug_pubtypes)

.debug_ranges   0x00000000      0x358
 *(.debug_ranges)
 .debug_ranges  0x00000000       0x30 BMP180.o
 .debug_ranges  0x00000030       0x18 DHT22.o
 .debug_ranges  0x00000048      0x100 LCD_12864.o
 .debug_ranges  0x00000148       0x58 main.o
 .debug_ranges  0x000001a0       0x80 NRF24.o
 .debug_ranges  0x00000220       0x40 RTC_DS3231.o
 .debug_ranges  0x00000260       0x40 TWI.o
 .debug_ranges  0x000002a0       0x18 usart.o
 .debug_ranges  0x000002b8       0xa0 WeatherStation.o

.debug_macro
 *(.debug_macro)
OUTPUT(NRF24_RX.elf elf32-avr)
LOAD linker stubs
